[0.003s] Invoking command in '/home/theo/drift/ros2_ws/build/natnet_ros2': DEBUGINFOD_URLS=https://debuginfod.ubuntu.com VIRTUAL_ENV_PROMPT=(roskuka) /usr/bin/cmake /home/theo/drift/ros2_ws/src/natnet_ros2 -DAMENT_CMAKE_SYMLINK_INSTALL=1 -DCMAKE_INSTALL_PREFIX=/home/theo/drift/ros2_ws/install/natnet_ros2
[0.028s] -- The C compiler identification is GNU 13.3.0
[0.052s] -- The CXX compiler identification is GNU 13.3.0
[0.058s] -- Detecting C compiler ABI info
[0.092s] -- Detecting C compiler ABI info - done
[0.103s] -- Check for working C compiler: /usr/bin/cc - skipped
[0.103s] -- Detecting C compile features
[0.103s] -- Detecting C compile features - done
[0.107s] -- Detecting CXX compiler ABI info
[0.177s] -- Detecting CXX compiler ABI info - done
[0.179s] -- Check for working CXX compiler: /usr/bin/c++ - skipped
[0.179s] -- Detecting CXX compile features
[0.179s] -- Detecting CXX compile features - done
[0.183s] [31mCMake Error at CMakeLists.txt:9 (find_package):
[0.183s] -- Configuring incomplete, errors occurred!
[0.183s]   By not providing "Findament_cmake.cmake" in CMAKE_MODULE_PATH this project
[0.183s]   has asked CMake to find a package configuration file provided by
[0.183s]   "ament_cmake", but CMake did not find one.
[0.183s] 
[0.183s]   Could not find a package configuration file provided by "ament_cmake" with
[0.183s]   any of the following names:
[0.183s] 
[0.183s]     ament_cmakeConfig.cmake
[0.183s]     ament_cmake-config.cmake
[0.183s] 
[0.183s]   Add the installation prefix of "ament_cmake" to CMAKE_PREFIX_PATH or set
[0.183s]   "ament_cmake_DIR" to a directory containing one of the above files.  If
[0.184s]   "ament_cmake" provides a separate development package or SDK, be sure it
[0.184s]   has been installed.
[0.184s] 
[0.184s] [0m
[0.186s] Invoked command in '/home/theo/drift/ros2_ws/build/natnet_ros2' returned '1': DEBUGINFOD_URLS=https://debuginfod.ubuntu.com VIRTUAL_ENV_PROMPT=(roskuka) /usr/bin/cmake /home/theo/drift/ros2_ws/src/natnet_ros2 -DAMENT_CMAKE_SYMLINK_INSTALL=1 -DCMAKE_INSTALL_PREFIX=/home/theo/drift/ros2_ws/install/natnet_ros2
