[0.008s] Invoking command in '/home/theo/drift/ros2_ws/src/lbr-stack/build/lbr_ros2_control': AMENT_PREFIX_PATH=/home/theo/drift/ros2_ws/src/lbr-stack/install/lbr_fri_ros2:/home/theo/drift/ros2_ws/src/lbr-stack/install/lbr_fri_idl:${AMENT_PREFIX_PATH} CMAKE_PREFIX_PATH=/home/theo/drift/ros2_ws/src/lbr-stack/install/lbr_fri_ros2:/home/theo/drift/ros2_ws/src/lbr-stack/install/lbr_fri_idl:/home/theo/drift/ros2_ws/src/lbr-stack/install/fri_client_sdk:/opt/ros/jazzy/opt/gz_sim_vendor:/opt/ros/jazzy/opt/gz_sensors_vendor:/opt/ros/jazzy/opt/gz_physics_vendor:/opt/ros/jazzy/opt/gz_gui_vendor:/opt/ros/jazzy/opt/gz_transport_vendor:/opt/ros/jazzy/opt/gz_rendering_vendor:/opt/ros/jazzy/opt/gz_plugin_vendor:/opt/ros/jazzy/opt/gz_fuel_tools_vendor:/opt/ros/jazzy/opt/gz_msgs_vendor:/opt/ros/jazzy/opt/gz_common_vendor:/opt/ros/jazzy/opt/gz_ogre_next_vendor:/opt/ros/jazzy/opt/gz_dartsim_vendor:/opt/ros/jazzy/opt/sdformat_vendor:/opt/ros/jazzy/opt/gz_math_vendor:/opt/ros/jazzy/opt/gz_utils_vendor:/opt/ros/jazzy/opt/gz_tools_vendor:/opt/ros/jazzy/opt/gz_cmake_vendor:/home/theo/drift/ros2_ws/install/my_package:/opt/ros/jazzy DEBUGINFOD_URLS=https://debuginfod.ubuntu.com LD_LIBRARY_PATH=/home/theo/drift/ros2_ws/src/lbr-stack/install/lbr_fri_ros2/lib:/home/theo/drift/ros2_ws/src/lbr-stack/install/lbr_fri_idl/lib:/home/theo/drift/ros2_ws/src/lbr-stack/install/fri_client_sdk/lib:${LD_LIBRARY_PATH} PKG_CONFIG_PATH=/home/theo/drift/ros2_ws/src/lbr-stack/install/fri_client_sdk/lib/aarch64-linux-gnu/pkgconfig:/home/theo/drift/ros2_ws/src/lbr-stack/install/fri_client_sdk/lib/pkgconfig PYTHONPATH=/home/theo/drift/ros2_ws/src/lbr-stack/install/lbr_fri_idl/lib/python3.12/site-packages:${PYTHONPATH} /usr/bin/cmake /home/theo/drift/ros2_ws/src/lbr-stack/src/lbr_fri_ros2_stack/lbr_ros2_control -DAMENT_CMAKE_SYMLINK_INSTALL=1 -DCMAKE_INSTALL_PREFIX=/home/theo/drift/ros2_ws/src/lbr-stack/install/lbr_ros2_control
[0.061s] -- The C compiler identification is GNU 13.3.0
[0.092s] -- The CXX compiler identification is GNU 13.3.0
[0.104s] -- Detecting C compiler ABI info
[0.170s] -- Detecting C compiler ABI info - done
[0.175s] -- Check for working C compiler: /usr/bin/cc - skipped
[0.175s] -- Detecting C compile features
[0.175s] -- Detecting C compile features - done
[0.182s] -- Detecting CXX compiler ABI info
[0.239s] -- Detecting CXX compiler ABI info - done
[0.252s] -- Check for working CXX compiler: /usr/bin/c++ - skipped
[0.252s] -- Detecting CXX compile features
[0.252s] -- Detecting CXX compile features - done
[0.260s] -- Found ament_cmake: 2.5.5 (/opt/ros/jazzy/share/ament_cmake/cmake)
[0.349s] -- Found Python3: /usr/bin/python3 (found version "3.12.3") found components: Interpreter 
[0.387s] -- Override CMake install command with custom implementation using symlinks instead of copying resources
[0.417s] -- Found controller_interface: 4.42.2 (/opt/ros/jazzy/share/controller_interface/cmake)
[0.471s] -- Found rosidl_generator_c: 4.6.7 (/opt/ros/jazzy/share/rosidl_generator_c/cmake)
[0.479s] -- Found rosidl_generator_cpp: 4.6.7 (/opt/ros/jazzy/share/rosidl_generator_cpp/cmake)
[0.489s] -- Using all available rosidl_typesupport_c: rosidl_typesupport_fastrtps_c;rosidl_typesupport_introspection_c
[0.502s] -- Using all available rosidl_typesupport_cpp: rosidl_typesupport_fastrtps_cpp;rosidl_typesupport_introspection_cpp
[0.659s] -- Found TinyXML2 via Config file: /usr/lib/aarch64-linux-gnu/cmake/tinyxml2
[0.692s] -- Found rmw_implementation_cmake: 7.3.3 (/opt/ros/jazzy/share/rmw_implementation_cmake/cmake)
[0.694s] -- Found rmw_fastrtps_cpp: 8.4.3 (/opt/ros/jazzy/share/rmw_fastrtps_cpp/cmake)
[0.707s] -- Found TinyXML2 via Config file: /usr/lib/aarch64-linux-gnu/cmake/tinyxml2
[0.731s] -- Found OpenSSL: /usr/lib/aarch64-linux-gnu/libcrypto.so (found version "3.0.13")  
[0.733s] -- Found TinyXML2 via Config file: /usr/lib/aarch64-linux-gnu/cmake/tinyxml2
[0.739s] -- Found FastRTPS: /opt/ros/jazzy/include (Required is at least version "2.13") 
[0.741s] -- Found TinyXML2 via Config file: /usr/lib/aarch64-linux-gnu/cmake/tinyxml2
[0.745s] -- Found TinyXML2 via Config file: /usr/lib/aarch64-linux-gnu/cmake/tinyxml2
[0.750s] -- Using RMW implementation 'rmw_fastrtps_cpp' as default
[0.921s] -- Found eigen3_cmake_module: 0.3.0 (/opt/ros/jazzy/share/eigen3_cmake_module/cmake)
[0.933s] -- Found Eigen3: TRUE (found version "3.4.0") 
[0.937s] -- Found kinematics_interface: 1.7.0 (/opt/ros/jazzy/share/kinematics_interface/cmake)
[0.940s] -- Found lbr_fri_idl: 1.5.0 (/home/theo/drift/ros2_ws/src/lbr-stack/install/lbr_fri_idl/share/lbr_fri_idl/cmake)
[0.953s] -- Found lbr_fri_ros2: 2.4.3 (/home/theo/drift/ros2_ws/src/lbr-stack/install/lbr_fri_ros2/share/lbr_fri_ros2/cmake)
[0.976s] -- Ensuring Eigen3 include directory is part of orocos-kdl CMake target
[1.040s] -- Configuring done (1.0s)
[1.068s] -- Generating done (0.0s)
[1.082s] -- Build files have been written to: /home/theo/drift/ros2_ws/src/lbr-stack/build/lbr_ros2_control
[1.088s] Invoked command in '/home/theo/drift/ros2_ws/src/lbr-stack/build/lbr_ros2_control' returned '0': AMENT_PREFIX_PATH=/home/theo/drift/ros2_ws/src/lbr-stack/install/lbr_fri_ros2:/home/theo/drift/ros2_ws/src/lbr-stack/install/lbr_fri_idl:${AMENT_PREFIX_PATH} CMAKE_PREFIX_PATH=/home/theo/drift/ros2_ws/src/lbr-stack/install/lbr_fri_ros2:/home/theo/drift/ros2_ws/src/lbr-stack/install/lbr_fri_idl:/home/theo/drift/ros2_ws/src/lbr-stack/install/fri_client_sdk:/opt/ros/jazzy/opt/gz_sim_vendor:/opt/ros/jazzy/opt/gz_sensors_vendor:/opt/ros/jazzy/opt/gz_physics_vendor:/opt/ros/jazzy/opt/gz_gui_vendor:/opt/ros/jazzy/opt/gz_transport_vendor:/opt/ros/jazzy/opt/gz_rendering_vendor:/opt/ros/jazzy/opt/gz_plugin_vendor:/opt/ros/jazzy/opt/gz_fuel_tools_vendor:/opt/ros/jazzy/opt/gz_msgs_vendor:/opt/ros/jazzy/opt/gz_common_vendor:/opt/ros/jazzy/opt/gz_ogre_next_vendor:/opt/ros/jazzy/opt/gz_dartsim_vendor:/opt/ros/jazzy/opt/sdformat_vendor:/opt/ros/jazzy/opt/gz_math_vendor:/opt/ros/jazzy/opt/gz_utils_vendor:/opt/ros/jazzy/opt/gz_tools_vendor:/opt/ros/jazzy/opt/gz_cmake_vendor:/home/theo/drift/ros2_ws/install/my_package:/opt/ros/jazzy DEBUGINFOD_URLS=https://debuginfod.ubuntu.com LD_LIBRARY_PATH=/home/theo/drift/ros2_ws/src/lbr-stack/install/lbr_fri_ros2/lib:/home/theo/drift/ros2_ws/src/lbr-stack/install/lbr_fri_idl/lib:/home/theo/drift/ros2_ws/src/lbr-stack/install/fri_client_sdk/lib:${LD_LIBRARY_PATH} PKG_CONFIG_PATH=/home/theo/drift/ros2_ws/src/lbr-stack/install/fri_client_sdk/lib/aarch64-linux-gnu/pkgconfig:/home/theo/drift/ros2_ws/src/lbr-stack/install/fri_client_sdk/lib/pkgconfig PYTHONPATH=/home/theo/drift/ros2_ws/src/lbr-stack/install/lbr_fri_idl/lib/python3.12/site-packages:${PYTHONPATH} /usr/bin/cmake /home/theo/drift/ros2_ws/src/lbr-stack/src/lbr_fri_ros2_stack/lbr_ros2_control -DAMENT_CMAKE_SYMLINK_INSTALL=1 -DCMAKE_INSTALL_PREFIX=/home/theo/drift/ros2_ws/src/lbr-stack/install/lbr_ros2_control
[1.088s] Invoking command in '/home/theo/drift/ros2_ws/src/lbr-stack/build/lbr_ros2_control': AMENT_PREFIX_PATH=/home/theo/drift/ros2_ws/src/lbr-stack/install/lbr_fri_ros2:/home/theo/drift/ros2_ws/src/lbr-stack/install/lbr_fri_idl:${AMENT_PREFIX_PATH} CMAKE_PREFIX_PATH=/home/theo/drift/ros2_ws/src/lbr-stack/install/lbr_fri_ros2:/home/theo/drift/ros2_ws/src/lbr-stack/install/lbr_fri_idl:/home/theo/drift/ros2_ws/src/lbr-stack/install/fri_client_sdk:/opt/ros/jazzy/opt/gz_sim_vendor:/opt/ros/jazzy/opt/gz_sensors_vendor:/opt/ros/jazzy/opt/gz_physics_vendor:/opt/ros/jazzy/opt/gz_gui_vendor:/opt/ros/jazzy/opt/gz_transport_vendor:/opt/ros/jazzy/opt/gz_rendering_vendor:/opt/ros/jazzy/opt/gz_plugin_vendor:/opt/ros/jazzy/opt/gz_fuel_tools_vendor:/opt/ros/jazzy/opt/gz_msgs_vendor:/opt/ros/jazzy/opt/gz_common_vendor:/opt/ros/jazzy/opt/gz_ogre_next_vendor:/opt/ros/jazzy/opt/gz_dartsim_vendor:/opt/ros/jazzy/opt/sdformat_vendor:/opt/ros/jazzy/opt/gz_math_vendor:/opt/ros/jazzy/opt/gz_utils_vendor:/opt/ros/jazzy/opt/gz_tools_vendor:/opt/ros/jazzy/opt/gz_cmake_vendor:/home/theo/drift/ros2_ws/install/my_package:/opt/ros/jazzy DEBUGINFOD_URLS=https://debuginfod.ubuntu.com LD_LIBRARY_PATH=/home/theo/drift/ros2_ws/src/lbr-stack/install/lbr_fri_ros2/lib:/home/theo/drift/ros2_ws/src/lbr-stack/install/lbr_fri_idl/lib:/home/theo/drift/ros2_ws/src/lbr-stack/install/fri_client_sdk/lib:${LD_LIBRARY_PATH} PKG_CONFIG_PATH=/home/theo/drift/ros2_ws/src/lbr-stack/install/fri_client_sdk/lib/aarch64-linux-gnu/pkgconfig:/home/theo/drift/ros2_ws/src/lbr-stack/install/fri_client_sdk/lib/pkgconfig PYTHONPATH=/home/theo/drift/ros2_ws/src/lbr-stack/install/lbr_fri_idl/lib/python3.12/site-packages:${PYTHONPATH} /usr/bin/cmake --build /home/theo/drift/ros2_ws/src/lbr-stack/build/lbr_ros2_control -- -j4 -l4
[1.183s] [ 22%] [32mBuilding CXX object CMakeFiles/lbr_ros2_control.dir/src/controllers/estimated_wrench_interface.cpp.o[0m
[1.183s] [ 33%] [32mBuilding CXX object CMakeFiles/lbr_ros2_control.dir/src/controllers/lbr_torque_command_controller.cpp.o[0m
[1.183s] [ 44%] [32mBuilding CXX object CMakeFiles/lbr_ros2_control.dir/src/controllers/lbr_joint_position_command_controller.cpp.o[0m
[1.185s] [ 44%] [32mBuilding CXX object CMakeFiles/lbr_ros2_control.dir/src/controllers/admittance_controller.cpp.o[0m
[27.702s] [ 55%] [32mBuilding CXX object CMakeFiles/lbr_ros2_control.dir/src/controllers/twist_controller.cpp.o[0m
[33.719s] [ 66%] [32mBuilding CXX object CMakeFiles/lbr_ros2_control.dir/src/system_interface.cpp.o[0m
[36.153s] [ 77%] [32mBuilding CXX object CMakeFiles/lbr_ros2_control.dir/src/controllers/lbr_state_broadcaster.cpp.o[0m
[39.012s] [ 88%] [32mBuilding CXX object CMakeFiles/lbr_ros2_control.dir/src/controllers/lbr_wrench_command_controller.cpp.o[0m
[45.459s] [100%] [32m[1mLinking CXX shared library liblbr_ros2_control.so[0m
[45.635s] [100%] Built target lbr_ros2_control
[45.652s] Invoked command in '/home/theo/drift/ros2_ws/src/lbr-stack/build/lbr_ros2_control' returned '0': AMENT_PREFIX_PATH=/home/theo/drift/ros2_ws/src/lbr-stack/install/lbr_fri_ros2:/home/theo/drift/ros2_ws/src/lbr-stack/install/lbr_fri_idl:${AMENT_PREFIX_PATH} CMAKE_PREFIX_PATH=/home/theo/drift/ros2_ws/src/lbr-stack/install/lbr_fri_ros2:/home/theo/drift/ros2_ws/src/lbr-stack/install/lbr_fri_idl:/home/theo/drift/ros2_ws/src/lbr-stack/install/fri_client_sdk:/opt/ros/jazzy/opt/gz_sim_vendor:/opt/ros/jazzy/opt/gz_sensors_vendor:/opt/ros/jazzy/opt/gz_physics_vendor:/opt/ros/jazzy/opt/gz_gui_vendor:/opt/ros/jazzy/opt/gz_transport_vendor:/opt/ros/jazzy/opt/gz_rendering_vendor:/opt/ros/jazzy/opt/gz_plugin_vendor:/opt/ros/jazzy/opt/gz_fuel_tools_vendor:/opt/ros/jazzy/opt/gz_msgs_vendor:/opt/ros/jazzy/opt/gz_common_vendor:/opt/ros/jazzy/opt/gz_ogre_next_vendor:/opt/ros/jazzy/opt/gz_dartsim_vendor:/opt/ros/jazzy/opt/sdformat_vendor:/opt/ros/jazzy/opt/gz_math_vendor:/opt/ros/jazzy/opt/gz_utils_vendor:/opt/ros/jazzy/opt/gz_tools_vendor:/opt/ros/jazzy/opt/gz_cmake_vendor:/home/theo/drift/ros2_ws/install/my_package:/opt/ros/jazzy DEBUGINFOD_URLS=https://debuginfod.ubuntu.com LD_LIBRARY_PATH=/home/theo/drift/ros2_ws/src/lbr-stack/install/lbr_fri_ros2/lib:/home/theo/drift/ros2_ws/src/lbr-stack/install/lbr_fri_idl/lib:/home/theo/drift/ros2_ws/src/lbr-stack/install/fri_client_sdk/lib:${LD_LIBRARY_PATH} PKG_CONFIG_PATH=/home/theo/drift/ros2_ws/src/lbr-stack/install/fri_client_sdk/lib/aarch64-linux-gnu/pkgconfig:/home/theo/drift/ros2_ws/src/lbr-stack/install/fri_client_sdk/lib/pkgconfig PYTHONPATH=/home/theo/drift/ros2_ws/src/lbr-stack/install/lbr_fri_idl/lib/python3.12/site-packages:${PYTHONPATH} /usr/bin/cmake --build /home/theo/drift/ros2_ws/src/lbr-stack/build/lbr_ros2_control -- -j4 -l4
[45.653s] Invoking command in '/home/theo/drift/ros2_ws/src/lbr-stack/build/lbr_ros2_control': AMENT_PREFIX_PATH=/home/theo/drift/ros2_ws/src/lbr-stack/install/lbr_fri_ros2:/home/theo/drift/ros2_ws/src/lbr-stack/install/lbr_fri_idl:${AMENT_PREFIX_PATH} CMAKE_PREFIX_PATH=/home/theo/drift/ros2_ws/src/lbr-stack/install/lbr_fri_ros2:/home/theo/drift/ros2_ws/src/lbr-stack/install/lbr_fri_idl:/home/theo/drift/ros2_ws/src/lbr-stack/install/fri_client_sdk:/opt/ros/jazzy/opt/gz_sim_vendor:/opt/ros/jazzy/opt/gz_sensors_vendor:/opt/ros/jazzy/opt/gz_physics_vendor:/opt/ros/jazzy/opt/gz_gui_vendor:/opt/ros/jazzy/opt/gz_transport_vendor:/opt/ros/jazzy/opt/gz_rendering_vendor:/opt/ros/jazzy/opt/gz_plugin_vendor:/opt/ros/jazzy/opt/gz_fuel_tools_vendor:/opt/ros/jazzy/opt/gz_msgs_vendor:/opt/ros/jazzy/opt/gz_common_vendor:/opt/ros/jazzy/opt/gz_ogre_next_vendor:/opt/ros/jazzy/opt/gz_dartsim_vendor:/opt/ros/jazzy/opt/sdformat_vendor:/opt/ros/jazzy/opt/gz_math_vendor:/opt/ros/jazzy/opt/gz_utils_vendor:/opt/ros/jazzy/opt/gz_tools_vendor:/opt/ros/jazzy/opt/gz_cmake_vendor:/home/theo/drift/ros2_ws/install/my_package:/opt/ros/jazzy DEBUGINFOD_URLS=https://debuginfod.ubuntu.com LD_LIBRARY_PATH=/home/theo/drift/ros2_ws/src/lbr-stack/install/lbr_fri_ros2/lib:/home/theo/drift/ros2_ws/src/lbr-stack/install/lbr_fri_idl/lib:/home/theo/drift/ros2_ws/src/lbr-stack/install/fri_client_sdk/lib:${LD_LIBRARY_PATH} PKG_CONFIG_PATH=/home/theo/drift/ros2_ws/src/lbr-stack/install/fri_client_sdk/lib/aarch64-linux-gnu/pkgconfig:/home/theo/drift/ros2_ws/src/lbr-stack/install/fri_client_sdk/lib/pkgconfig PYTHONPATH=/home/theo/drift/ros2_ws/src/lbr-stack/install/lbr_fri_idl/lib/python3.12/site-packages:${PYTHONPATH} /usr/bin/cmake --install /home/theo/drift/ros2_ws/src/lbr-stack/build/lbr_ros2_control
[45.656s] -- Install configuration: "Release"
[45.657s] -- Execute custom install script
[45.657s] -- Symlinking: /home/theo/drift/ros2_ws/src/lbr-stack/install/lbr_ros2_control/share/lbr_ros2_control/plugin_description_files/controllers.xml
[45.660s] -- Symlinking: /home/theo/drift/ros2_ws/src/lbr-stack/install/lbr_ros2_control/share/lbr_ros2_control/plugin_description_files/system_interface.xml
[45.664s] -- Symlinking: /home/theo/drift/ros2_ws/src/lbr-stack/install/lbr_ros2_control/share/lbr_ros2_control/environment/library_path.sh
[45.667s] -- Symlinking: /home/theo/drift/ros2_ws/src/lbr-stack/install/lbr_ros2_control/share/lbr_ros2_control/environment/library_path.dsv
[45.670s] -- Symlinking: /home/theo/drift/ros2_ws/src/lbr-stack/install/lbr_ros2_control/include/lbr_ros2_control/controllers/admittance_controller.hpp
[45.673s] -- Symlinking: /home/theo/drift/ros2_ws/src/lbr-stack/install/lbr_ros2_control/include/lbr_ros2_control/controllers/estimated_wrench_interface.hpp
[45.677s] -- Symlinking: /home/theo/drift/ros2_ws/src/lbr-stack/install/lbr_ros2_control/include/lbr_ros2_control/controllers/lbr_joint_position_command_controller.hpp
[45.680s] -- Symlinking: /home/theo/drift/ros2_ws/src/lbr-stack/install/lbr_ros2_control/include/lbr_ros2_control/controllers/lbr_state_broadcaster.hpp
[45.683s] -- Symlinking: /home/theo/drift/ros2_ws/src/lbr-stack/install/lbr_ros2_control/include/lbr_ros2_control/controllers/lbr_torque_command_controller.hpp
[45.686s] -- Symlinking: /home/theo/drift/ros2_ws/src/lbr-stack/install/lbr_ros2_control/include/lbr_ros2_control/controllers/lbr_wrench_command_controller.hpp
[45.690s] -- Symlinking: /home/theo/drift/ros2_ws/src/lbr-stack/install/lbr_ros2_control/include/lbr_ros2_control/controllers/twist_controller.hpp
[45.693s] -- Symlinking: /home/theo/drift/ros2_ws/src/lbr-stack/install/lbr_ros2_control/include/lbr_ros2_control/system_interface.hpp
[45.696s] -- Symlinking: /home/theo/drift/ros2_ws/src/lbr-stack/install/lbr_ros2_control/include/lbr_ros2_control/system_interface_type_values.hpp
[45.701s] -- Symlinking: /home/theo/drift/ros2_ws/src/lbr-stack/install/lbr_ros2_control/share/lbr_ros2_control/config/controllers/gazebo.yaml
[45.705s] -- Symlinking: /home/theo/drift/ros2_ws/src/lbr-stack/install/lbr_ros2_control/share/lbr_ros2_control/config/controllers/hardware.yaml
[45.708s] -- Symlinking: /home/theo/drift/ros2_ws/src/lbr-stack/install/lbr_ros2_control/share/lbr_ros2_control/config/controllers/mock.yaml
[45.711s] -- Symlinking: /home/theo/drift/ros2_ws/src/lbr-stack/install/lbr_ros2_control/share/lbr_ros2_control/config/initial_joint_positions.yaml
[45.714s] -- Symlinking: /home/theo/drift/ros2_ws/src/lbr-stack/install/lbr_ros2_control/share/lbr_ros2_control/config/lbr_gazebo.xacro
[45.717s] -- Symlinking: /home/theo/drift/ros2_ws/src/lbr-stack/install/lbr_ros2_control/share/lbr_ros2_control/config/lbr_system_config.yaml
[45.720s] -- Symlinking: /home/theo/drift/ros2_ws/src/lbr-stack/install/lbr_ros2_control/share/lbr_ros2_control/config/lbr_system_interface.xacro
[45.724s] -- Symlinking: /home/theo/drift/ros2_ws/src/lbr-stack/install/lbr_ros2_control/share/lbr_ros2_control/system_integration/iiwa14/iiwa14.xacro
[45.727s] -- Symlinking: /home/theo/drift/ros2_ws/src/lbr-stack/install/lbr_ros2_control/share/lbr_ros2_control/system_integration/iiwa14/joint_limits.yaml
[45.730s] -- Symlinking: /home/theo/drift/ros2_ws/src/lbr-stack/install/lbr_ros2_control/share/lbr_ros2_control/system_integration/iiwa7/iiwa7.xacro
[45.733s] -- Symlinking: /home/theo/drift/ros2_ws/src/lbr-stack/install/lbr_ros2_control/share/lbr_ros2_control/system_integration/iiwa7/joint_limits.yaml
[45.736s] -- Symlinking: /home/theo/drift/ros2_ws/src/lbr-stack/install/lbr_ros2_control/share/lbr_ros2_control/system_integration/med14/joint_limits.yaml
[45.739s] -- Symlinking: /home/theo/drift/ros2_ws/src/lbr-stack/install/lbr_ros2_control/share/lbr_ros2_control/system_integration/med14/med14.xacro
[45.742s] -- Symlinking: /home/theo/drift/ros2_ws/src/lbr-stack/install/lbr_ros2_control/share/lbr_ros2_control/system_integration/med7/joint_limits.yaml
[45.745s] -- Symlinking: /home/theo/drift/ros2_ws/src/lbr-stack/install/lbr_ros2_control/share/lbr_ros2_control/system_integration/med7/med7.xacro
[45.748s] -- Symlinking: /home/theo/drift/ros2_ws/src/lbr-stack/install/lbr_ros2_control/share/ament_index/resource_index/package_run_dependencies/lbr_ros2_control
[45.751s] -- Symlinking: /home/theo/drift/ros2_ws/src/lbr-stack/install/lbr_ros2_control/share/ament_index/resource_index/parent_prefix_path/lbr_ros2_control
[45.754s] -- Symlinking: /home/theo/drift/ros2_ws/src/lbr-stack/install/lbr_ros2_control/share/lbr_ros2_control/environment/ament_prefix_path.sh
[45.757s] -- Symlinking: /home/theo/drift/ros2_ws/src/lbr-stack/install/lbr_ros2_control/share/lbr_ros2_control/environment/ament_prefix_path.dsv
[45.760s] -- Symlinking: /home/theo/drift/ros2_ws/src/lbr-stack/install/lbr_ros2_control/share/lbr_ros2_control/environment/path.sh
[45.763s] -- Symlinking: /home/theo/drift/ros2_ws/src/lbr-stack/install/lbr_ros2_control/share/lbr_ros2_control/environment/path.dsv
[45.766s] -- Symlinking: /home/theo/drift/ros2_ws/src/lbr-stack/install/lbr_ros2_control/share/lbr_ros2_control/local_setup.bash
[45.769s] -- Symlinking: /home/theo/drift/ros2_ws/src/lbr-stack/install/lbr_ros2_control/share/lbr_ros2_control/local_setup.sh
[45.772s] -- Symlinking: /home/theo/drift/ros2_ws/src/lbr-stack/install/lbr_ros2_control/share/lbr_ros2_control/local_setup.zsh
[45.775s] -- Symlinking: /home/theo/drift/ros2_ws/src/lbr-stack/install/lbr_ros2_control/share/lbr_ros2_control/local_setup.dsv
[45.779s] -- Symlinking: /home/theo/drift/ros2_ws/src/lbr-stack/install/lbr_ros2_control/share/lbr_ros2_control/package.dsv
[45.783s] -- Symlinking: /home/theo/drift/ros2_ws/src/lbr-stack/install/lbr_ros2_control/share/ament_index/resource_index/packages/lbr_ros2_control
[45.786s] -- Symlinking: /home/theo/drift/ros2_ws/src/lbr-stack/install/lbr_ros2_control/share/ament_index/resource_index/controller_interface__pluginlib__plugin/lbr_ros2_control
[45.790s] -- Symlinking: /home/theo/drift/ros2_ws/src/lbr-stack/install/lbr_ros2_control/share/ament_index/resource_index/hardware_interface__pluginlib__plugin/lbr_ros2_control
[45.794s] -- Symlinking: /home/theo/drift/ros2_ws/src/lbr-stack/install/lbr_ros2_control/share/lbr_ros2_control/cmake/ament_cmake_export_targets-extras.cmake
[45.799s] -- Symlinking: /home/theo/drift/ros2_ws/src/lbr-stack/install/lbr_ros2_control/share/lbr_ros2_control/cmake/ament_cmake_export_dependencies-extras.cmake
[45.801s] -- Symlinking: /home/theo/drift/ros2_ws/src/lbr-stack/install/lbr_ros2_control/share/lbr_ros2_control/cmake/lbr_ros2_controlConfig.cmake
[45.804s] -- Symlinking: /home/theo/drift/ros2_ws/src/lbr-stack/install/lbr_ros2_control/share/lbr_ros2_control/cmake/lbr_ros2_controlConfig-version.cmake
[45.806s] -- Symlinking: /home/theo/drift/ros2_ws/src/lbr-stack/install/lbr_ros2_control/share/lbr_ros2_control/package.xml
[45.812s] -- Installing: /home/theo/drift/ros2_ws/src/lbr-stack/install/lbr_ros2_control/lib/lbr_ros2_control/liblbr_ros2_control.so
[45.813s] -- Set non-toolchain portion of runtime path of "/home/theo/drift/ros2_ws/src/lbr-stack/install/lbr_ros2_control/lib/lbr_ros2_control/liblbr_ros2_control.so" to ""
[45.813s] -- Installing: /home/theo/drift/ros2_ws/src/lbr-stack/install/lbr_ros2_control/share/lbr_ros2_control/cmake/lbr_ros2_control_exportExport.cmake
[45.813s] -- Installing: /home/theo/drift/ros2_ws/src/lbr-stack/install/lbr_ros2_control/share/lbr_ros2_control/cmake/lbr_ros2_control_exportExport-release.cmake
[45.815s] Invoked command in '/home/theo/drift/ros2_ws/src/lbr-stack/build/lbr_ros2_control' returned '0': AMENT_PREFIX_PATH=/home/theo/drift/ros2_ws/src/lbr-stack/install/lbr_fri_ros2:/home/theo/drift/ros2_ws/src/lbr-stack/install/lbr_fri_idl:${AMENT_PREFIX_PATH} CMAKE_PREFIX_PATH=/home/theo/drift/ros2_ws/src/lbr-stack/install/lbr_fri_ros2:/home/theo/drift/ros2_ws/src/lbr-stack/install/lbr_fri_idl:/home/theo/drift/ros2_ws/src/lbr-stack/install/fri_client_sdk:/opt/ros/jazzy/opt/gz_sim_vendor:/opt/ros/jazzy/opt/gz_sensors_vendor:/opt/ros/jazzy/opt/gz_physics_vendor:/opt/ros/jazzy/opt/gz_gui_vendor:/opt/ros/jazzy/opt/gz_transport_vendor:/opt/ros/jazzy/opt/gz_rendering_vendor:/opt/ros/jazzy/opt/gz_plugin_vendor:/opt/ros/jazzy/opt/gz_fuel_tools_vendor:/opt/ros/jazzy/opt/gz_msgs_vendor:/opt/ros/jazzy/opt/gz_common_vendor:/opt/ros/jazzy/opt/gz_ogre_next_vendor:/opt/ros/jazzy/opt/gz_dartsim_vendor:/opt/ros/jazzy/opt/sdformat_vendor:/opt/ros/jazzy/opt/gz_math_vendor:/opt/ros/jazzy/opt/gz_utils_vendor:/opt/ros/jazzy/opt/gz_tools_vendor:/opt/ros/jazzy/opt/gz_cmake_vendor:/home/theo/drift/ros2_ws/install/my_package:/opt/ros/jazzy DEBUGINFOD_URLS=https://debuginfod.ubuntu.com LD_LIBRARY_PATH=/home/theo/drift/ros2_ws/src/lbr-stack/install/lbr_fri_ros2/lib:/home/theo/drift/ros2_ws/src/lbr-stack/install/lbr_fri_idl/lib:/home/theo/drift/ros2_ws/src/lbr-stack/install/fri_client_sdk/lib:${LD_LIBRARY_PATH} PKG_CONFIG_PATH=/home/theo/drift/ros2_ws/src/lbr-stack/install/fri_client_sdk/lib/aarch64-linux-gnu/pkgconfig:/home/theo/drift/ros2_ws/src/lbr-stack/install/fri_client_sdk/lib/pkgconfig PYTHONPATH=/home/theo/drift/ros2_ws/src/lbr-stack/install/lbr_fri_idl/lib/python3.12/site-packages:${PYTHONPATH} /usr/bin/cmake --install /home/theo/drift/ros2_ws/src/lbr-stack/build/lbr_ros2_control
