--2026-06-30 11:48:02--  https://d2mzlempwep3hb.cloudfront.net/NatNetSDKLinux/ubuntu_arm/NatNet_SDK_4.4_ubuntu_ARM.tar
Resolving d2mzlempwep3hb.cloudfront.net (d2mzlempwep3hb.cloudfront.net)... 3.170.21.165
Connecting to d2mzlempwep3hb.cloudfront.net (d2mzlempwep3hb.cloudfront.net)|3.170.21.165|:443... connected.
HTTP request sent, awaiting response... 200 OK
Length: 1863680 (1.8M) [application/x-tar]
Saving to: ‘NatNetSDK.tar’

     0K .......... .......... .......... .......... ..........  2% 2.57M 1s
    50K .......... .......... .......... .......... ..........  5% 4.69M 1s
   100K .......... .......... .......... .......... ..........  8% 7.46M 0s
   150K .......... .......... .......... .......... .......... 10% 6.75M 0s
   200K .......... .......... .......... .......... .......... 13% 9.55M 0s
   250K .......... .......... .......... .......... .......... 16% 16.0M 0s
   300K .......... .......... .......... .......... .......... 19% 12.6M 0s
   350K .......... .......... .......... .......... .......... 21% 11.8M 0s
   400K .......... .......... .......... .......... .......... 24% 36.1M 0s
   450K .......... .......... .......... .......... .......... 27% 12.1M 0s
   500K .......... .......... .......... .......... .......... 30% 26.0M 0s
   550K .......... .......... .......... .......... .......... 32% 39.4M 0s
   600K .......... .......... .......... .......... .......... 35% 27.9M 0s
   650K .......... .......... .......... .......... .......... 38% 25.9M 0s
   700K .......... .......... .......... .......... .......... 41% 39.5M 0s
   750K .......... .......... .......... .......... .......... 43%  121M 0s
   800K .......... .......... .......... .......... .......... 46% 25.0M 0s
   850K .......... .......... .......... .......... .......... 49% 13.6M 0s
   900K .......... .......... .......... .......... .......... 52%  590M 0s
   950K .......... .......... .......... .......... .......... 54% 42.1M 0s
  1000K .......... .......... .......... .......... .......... 57%  179M 0s
  1050K .......... .......... .......... .......... .......... 60% 39.6M 0s
  1100K .......... .......... .......... .......... .......... 63% 32.9M 0s
  1150K .......... .......... .......... .......... .......... 65% 24.9M 0s
  1200K .......... .......... .......... .......... .......... 68% 64.1M 0s
  1250K .......... .......... .......... .......... .......... 71% 92.3M 0s
  1300K .......... .......... .......... .......... .......... 74% 27.2M 0s
  1350K .......... .......... .......... .......... .......... 76% 79.2M 0s
  1400K .......... .......... .......... .......... .......... 79% 26.9M 0s
  1450K .......... .......... .......... .......... .......... 82%  571M 0s
  1500K .......... .......... .......... .......... .......... 85% 34.3M 0s
  1550K .......... .......... .......... .......... .......... 87%  736M 0s
  1600K .......... .......... .......... .......... .......... 90% 67.5M 0s
  1650K .......... .......... .......... .......... .......... 93% 51.8M 0s
  1700K .......... .......... .......... .......... .......... 96% 76.9M 0s
  1750K .......... .......... .......... .......... .......... 98% 48.9M 0s
  1800K .......... ..........                                 100%  634M=0.1s

2026-06-30 11:48:02 (18.7 MB/s) - ‘NatNetSDK.tar’ saved [1863680/1863680]

[0mCMake Deprecation Warning at /opt/ros/jazzy/share/rosidl_cmake/cmake/rosidl_target_interfaces.cmake:32 (message):
  Use rosidl_get_typesupport_target() and target_link_libraries() instead of
  rosidl_target_interfaces().  i.e:

    rosidl_get_typesupport_target(cpp_typesupport_target "${PROJECT_NAME}" "rosidl_typesupport_cpp")
    target_link_libraries(${PROJECT_NAME}_node "${cpp_typesupport_target}")

Call Stack (most recent call first):
  CMakeLists.txt:80 (rosidl_target_interfaces)

[0m
[0mIn this package, headers install destination is set to `include` by ament_auto_package. It is recommended to install `include/natnet_ros2` instead and will be the default behavior of ament_auto_package from ROS 2 Kilted Kaiju. On distributions before Kilted, ament_auto_package behaves the same way when you use USE_SCOPED_HEADER_INSTALL_DIR option.[0m
[01m[K/home/theo/drift/ros2_ws/src/natnet_ros2/src/natnet_ros2.cpp:[m[K In member function ‘[01m[Kvoid NatNetNode::[01;32m[Kget_node_params[m[K()[m[K’:
[01m[K/home/theo/drift/ros2_ws/src/natnet_ros2/src/natnet_ros2.cpp:71:52:[m[K [01;35m[Kwarning: [m[Kconverting to ‘[01m[Kconst rcl_interfaces::msg::ParameterDescriptor[m[K’ {aka ‘[01m[Kconst rcl_interfaces::msg::ParameterDescriptor_<std::allocator<void> >[m[K’} from initializer list would use explicit constructor ‘[01m[Krcl_interfaces::msg::ParameterDescriptor_<ContainerAllocator>::[01;32m[KParameterDescriptor_[m[K(rosidl_runtime_cpp::MessageInitialization) [35m[K[with ContainerAllocator = std::allocator<void>][m[K[m[K’
   71 |         [01;35m[Kdeclare_parameter<std::vector<std::string>>("object_names", {})[m[K;
      |         [01;35m[K~~~~~~~~~~~~~~~~~~~~~~~~~~~~~~~~~~~~~~~~~~~^~~~~~~~~~~~~~~~~~~~[m[K
[01m[K/home/theo/drift/ros2_ws/src/natnet_ros2/src/natnet_ros2.cpp:71:52:[m[K [01;36m[Knote: [m[Kin C++11 and above a default constructor can be explicit
