-- Found ament_cmake: 2.5.5 (/opt/ros/jazzy/share/ament_cmake/cmake)
-- Found Python3: /usr/bin/python3 (found version "3.12.3") found components: Interpreter 
-- Override CMake install command with custom implementation using symlinks instead of copying resources
-- Found rclcpp: 28.1.16 (/opt/ros/jazzy/share/rclcpp/cmake)
-- Found rosidl_generator_c: 4.6.7 (/opt/ros/jazzy/share/rosidl_generator_c/cmake)
-- Found rosidl_generator_cpp: 4.6.7 (/opt/ros/jazzy/share/rosidl_generator_cpp/cmake)
-- Using all available rosidl_typesupport_c: rosidl_typesupport_fastrtps_c;rosidl_typesupport_introspection_c
-- Using all available rosidl_typesupport_cpp: rosidl_typesupport_fastrtps_cpp;rosidl_typesupport_introspection_cpp
-- Found rmw_implementation_cmake: 7.3.3 (/opt/ros/jazzy/share/rmw_implementation_cmake/cmake)
-- Found rmw_fastrtps_cpp: 8.4.3 (/opt/ros/jazzy/share/rmw_fastrtps_cpp/cmake)
-- Found OpenSSL: /usr/lib/aarch64-linux-gnu/libcrypto.so (found version "3.0.13")  
-- Found FastRTPS: /opt/ros/jazzy/include (Required is at least version "2.13") 
-- Using RMW implementation 'rmw_fastrtps_cpp' as default
-- Found rclcpp_lifecycle: 28.1.16 (/opt/ros/jazzy/share/rclcpp_lifecycle/cmake)
-- Found tf2: 0.36.19 (/opt/ros/jazzy/share/tf2/cmake)
-- Found tf2_ros: 0.36.19 (/opt/ros/jazzy/share/tf2_ros/cmake)
-- Found sensor_msgs: 5.3.6 (/opt/ros/jazzy/share/sensor_msgs/cmake)
-- Found rosidl_default_generators: 1.6.0 (/opt/ros/jazzy/share/rosidl_default_generators/cmake)
-- Found rosidl_adapter: 4.6.7 (/opt/ros/jazzy/share/rosidl_adapter/cmake)
-- Found ament_cmake_auto: 2.5.5 (/opt/ros/jazzy/share/ament_cmake_auto/cmake)
-- Found rclpy: 7.1.9 (/opt/ros/jazzy/share/rclpy/cmake)
-- Found ament_cmake_ros: 0.12.0 (/opt/ros/jazzy/share/ament_cmake_ros/cmake)
-- Using all available rosidl_typesupport_c: rosidl_typesupport_fastrtps_c;rosidl_typesupport_introspection_c
-- Using all available rosidl_typesupport_cpp: rosidl_typesupport_fastrtps_cpp;rosidl_typesupport_introspection_cpp
-- Found python_cmake_module: 0.11.1 (/opt/ros/jazzy/share/python_cmake_module/cmake)
-- Found PythonExtra: /usr/bin/python3  
-- Found Python3: /usr/bin/python3 (found version "3.12.3") found components: Interpreter Development NumPy Development.Module Development.Embed 
System architecture is ARM.
-- Found ament_cmake_copyright: 0.17.4 (/opt/ros/jazzy/share/ament_cmake_copyright/cmake)
-- Found ament_cmake_cppcheck: 0.17.4 (/opt/ros/jazzy/share/ament_cmake_cppcheck/cmake)
-- Found ament_cmake_cpplint: 0.17.4 (/opt/ros/jazzy/share/ament_cmake_cpplint/cmake)
-- Found ament_cmake_lint_cmake: 0.17.4 (/opt/ros/jazzy/share/ament_cmake_lint_cmake/cmake)
-- Found ament_cmake_xmllint: 0.17.4 (/opt/ros/jazzy/share/ament_cmake_xmllint/cmake)
-- Found ament_cmake_uncrustify: 0.17.4 (/opt/ros/jazzy/share/ament_cmake_uncrustify/cmake)
-- Configuring done (2.4s)
-- Generating done (0.0s)
-- Build files have been written to: /home/theo/drift/ros2_ws/build/natnet_ros2
[  2%] [34m[1mGenerating type hashes for ROS interfaces[0m
[  5%] [32mBuilding CXX object CMakeFiles/natnet_ros2_node.dir/src/natnet_ros2.cpp.o[0m
[  5%] Built target ament_cmake_python_symlink_natnet_ros2_py
[  5%] Built target ament_cmake_python_symlink_natnet_ros2
[  7%] [32mBuilding CXX object CMakeFiles/natnet_ros2_node.dir/src/nn_filter.cpp.o[0m
running egg_info
creating natnet_ros2.egg-info
[  7%] Built target natnet_ros2__rosidl_generator_type_description
writing natnet_ros2.egg-info/PKG-INFO
writing dependency_links to natnet_ros2.egg-info/dependency_links.txt
writing top-level names to natnet_ros2.egg-info/top_level.txt
writing manifest file 'natnet_ros2.egg-info/SOURCES.txt'
reading manifest file 'natnet_ros2.egg-info/SOURCES.txt'
writing manifest file 'natnet_ros2.egg-info/SOURCES.txt'
[  7%] Built target ament_cmake_python_build_natnet_ros2_egg
[ 10%] [34m[1mGenerating C++ code for ROS interfaces[0m
running egg_info
creating natnet_ros2_py.egg-info
writing natnet_ros2_py.egg-info/PKG-INFO
writing dependency_links to natnet_ros2_py.egg-info/dependency_links.txt
writing top-level names to natnet_ros2_py.egg-info/top_level.txt
writing manifest file 'natnet_ros2_py.egg-info/SOURCES.txt'
reading manifest file 'natnet_ros2_py.egg-info/SOURCES.txt'
writing manifest file 'natnet_ros2_py.egg-info/SOURCES.txt'
[ 12%] [34m[1mGenerating C code for ROS interfaces[0m
[ 12%] Built target ament_cmake_python_build_natnet_ros2_py_egg
[ 12%] Built target natnet_ros2__cpp
[ 17%] [32mBuilding C object CMakeFiles/natnet_ros2__rosidl_generator_c.dir/rosidl_generator_c/natnet_ros2/srv/detail/marker_poses__description.c.o[0m
[ 17%] [32mBuilding C object CMakeFiles/natnet_ros2__rosidl_generator_c.dir/rosidl_generator_c/natnet_ros2/srv/detail/marker_poses__type_support.c.o[0m
[ 20%] [32mBuilding C object CMakeFiles/natnet_ros2__rosidl_generator_c.dir/rosidl_generator_c/natnet_ros2/srv/detail/marker_poses__functions.c.o[0m
[ 23%] [32m[1mLinking C shared library libnatnet_ros2__rosidl_generator_c.so[0m
[ 23%] Built target natnet_ros2__rosidl_generator_c
[ 25%] [34m[1mGenerating C++ type support dispatch for ROS interfaces[0m
[ 28%] [34m[1mGenerating C type support for eProsima Fast-RTPS[0m
[ 30%] [34m[1mGenerating C++ type support for eProsima Fast-RTPS[0m
[ 33%] [32mBuilding CXX object CMakeFiles/natnet_ros2__rosidl_typesupport_cpp.dir/rosidl_typesupport_cpp/natnet_ros2/srv/marker_poses__type_support.cpp.o[0m
[ 35%] [32mBuilding CXX object CMakeFiles/natnet_ros2__rosidl_typesupport_fastrtps_c.dir/rosidl_typesupport_fastrtps_c/natnet_ros2/srv/detail/marker_poses__type_support_c.cpp.o[0m
[ 38%] [32mBuilding CXX object CMakeFiles/natnet_ros2__rosidl_typesupport_fastrtps_cpp.dir/rosidl_typesupport_fastrtps_cpp/natnet_ros2/srv/detail/dds_fastrtps/marker_poses__type_support.cpp.o[0m
[ 41%] [32m[1mLinking CXX shared library libnatnet_ros2__rosidl_typesupport_cpp.so[0m
[ 41%] Built target natnet_ros2__rosidl_typesupport_cpp
[ 43%] [34m[1mGenerating C introspection for ROS interfaces[0m
[ 46%] [32m[1mLinking CXX shared library libnatnet_ros2__rosidl_typesupport_fastrtps_c.so[0m
[ 46%] Built target natnet_ros2__rosidl_typesupport_fastrtps_c
[ 48%] [34m[1mGenerating C type support dispatch for ROS interfaces[0m
[ 51%] [32m[1mLinking CXX shared library libnatnet_ros2__rosidl_typesupport_fastrtps_cpp.so[0m
[ 53%] [32mBuilding C object CMakeFiles/natnet_ros2__rosidl_typesupport_introspection_c.dir/rosidl_typesupport_introspection_c/natnet_ros2/srv/detail/marker_poses__type_support.c.o[0m
[ 56%] [32m[1mLinking C shared library libnatnet_ros2__rosidl_typesupport_introspection_c.so[0m
[ 56%] Built target natnet_ros2__rosidl_typesupport_fastrtps_cpp
[ 58%] [34m[1mGenerating C++ introspection for ROS interfaces[0m
[ 61%] [32mBuilding CXX object CMakeFiles/natnet_ros2__rosidl_typesupport_c.dir/rosidl_typesupport_c/natnet_ros2/srv/marker_poses__type_support.cpp.o[0m
[ 61%] Built target natnet_ros2__rosidl_typesupport_introspection_c
[ 64%] [32m[1mLinking CXX shared library libnatnet_ros2__rosidl_typesupport_c.so[0m
[ 64%] Built target natnet_ros2__rosidl_typesupport_c
[ 66%] [32mBuilding CXX object CMakeFiles/natnet_ros2__rosidl_typesupport_introspection_cpp.dir/rosidl_typesupport_introspection_cpp/natnet_ros2/srv/detail/marker_poses__type_support.cpp.o[0m
[ 69%] [32m[1mLinking CXX shared library libnatnet_ros2__rosidl_typesupport_introspection_cpp.so[0m
[ 69%] Built target natnet_ros2__rosidl_typesupport_introspection_cpp
[ 69%] Built target natnet_ros2
[ 71%] [34m[1mGenerating Python code for ROS interfaces[0m
[ 74%] [32mBuilding CXX object CMakeFiles/marker_poses_server.dir/src/marker_poses_server.cpp.o[0m
[ 74%] Built target natnet_ros2__py
[ 76%] [32mBuilding C object CMakeFiles/natnet_ros2__rosidl_generator_py.dir/rosidl_generator_py/natnet_ros2/srv/_marker_poses_s.c.o[0m
[ 79%] [32m[1mLinking C shared library libnatnet_ros2__rosidl_generator_py.so[0m
[ 79%] Built target natnet_ros2__rosidl_generator_py
[ 82%] [32mBuilding C object CMakeFiles/natnet_ros2_s__rosidl_typesupport_fastrtps_c.dir/rosidl_generator_py/natnet_ros2/_natnet_ros2_s.ep.rosidl_typesupport_fastrtps_c.c.o[0m
[ 84%] [32mBuilding C object CMakeFiles/natnet_ros2_s__rosidl_typesupport_introspection_c.dir/rosidl_generator_py/natnet_ros2/_natnet_ros2_s.ep.rosidl_typesupport_introspection_c.c.o[0m
[ 89%] [32m[1mLinking C shared module rosidl_generator_py/natnet_ros2/natnet_ros2_s__rosidl_typesupport_introspection_c.so[0m
[ 89%] [32m[1mLinking C shared module rosidl_generator_py/natnet_ros2/natnet_ros2_s__rosidl_typesupport_fastrtps_c.so[0m
[ 89%] Built target natnet_ros2_s__rosidl_typesupport_fastrtps_c
[ 89%] Built target natnet_ros2_s__rosidl_typesupport_introspection_c
[ 92%] [32mBuilding C object CMakeFiles/natnet_ros2_s__rosidl_typesupport_c.dir/rosidl_generator_py/natnet_ros2/_natnet_ros2_s.ep.rosidl_typesupport_c.c.o[0m
[ 94%] [32m[1mLinking C shared module rosidl_generator_py/natnet_ros2/natnet_ros2_s__rosidl_typesupport_c.so[0m
[ 94%] Built target natnet_ros2_s__rosidl_typesupport_c
[ 97%] [32m[1mLinking CXX executable marker_poses_server[0m
[ 97%] Built target marker_poses_server
[100%] [32m[1mLinking CXX executable natnet_ros2_node[0m
[100%] Built target natnet_ros2_node
-- Install configuration: ""
-- Execute custom install script
-- Symlinking: /home/theo/drift/ros2_ws/install/natnet_ros2/share/ament_index/resource_index/rosidl_interfaces/natnet_ros2
-- Symlinking: /home/theo/drift/ros2_ws/install/natnet_ros2/share/natnet_ros2/srv/MarkerPoses.json
-- Symlinking: /home/theo/drift/ros2_ws/install/natnet_ros2/include/natnet_ros2/natnet_ros2/msg/rosidl_generator_c__visibility_control.h
-- Symlinking: /home/theo/drift/ros2_ws/install/natnet_ros2/include/natnet_ros2/natnet_ros2/srv/detail/marker_poses__functions.h
-- Symlinking: /home/theo/drift/ros2_ws/install/natnet_ros2/include/natnet_ros2/natnet_ros2/srv/detail/marker_poses__struct.h
-- Symlinking: /home/theo/drift/ros2_ws/install/natnet_ros2/include/natnet_ros2/natnet_ros2/srv/detail/marker_poses__type_support.h
-- Symlinking: /home/theo/drift/ros2_ws/install/natnet_ros2/include/natnet_ros2/natnet_ros2/srv/marker_poses.h
-- Symlinking: /home/theo/drift/ros2_ws/install/natnet_ros2/share/natnet_ros2/environment/library_path.sh
-- Symlinking: /home/theo/drift/ros2_ws/install/natnet_ros2/share/natnet_ros2/environment/library_path.dsv
-- Symlinking: /home/theo/drift/ros2_ws/install/natnet_ros2/include/natnet_ros2/natnet_ros2/msg/rosidl_typesupport_fastrtps_c__visibility_control.h
-- Symlinking: /home/theo/drift/ros2_ws/install/natnet_ros2/include/natnet_ros2/natnet_ros2/srv/detail/marker_poses__rosidl_typesupport_fastrtps_c.h
-- Symlinking: /home/theo/drift/ros2_ws/install/natnet_ros2/include/natnet_ros2/natnet_ros2/msg/rosidl_generator_cpp__visibility_control.hpp
-- Symlinking: /home/theo/drift/ros2_ws/install/natnet_ros2/include/natnet_ros2/natnet_ros2/srv/detail/marker_poses__builder.hpp
-- Symlinking: /home/theo/drift/ros2_ws/install/natnet_ros2/include/natnet_ros2/natnet_ros2/srv/detail/marker_poses__struct.hpp
-- Symlinking: /home/theo/drift/ros2_ws/install/natnet_ros2/include/natnet_ros2/natnet_ros2/srv/detail/marker_poses__traits.hpp
-- Symlinking: /home/theo/drift/ros2_ws/install/natnet_ros2/include/natnet_ros2/natnet_ros2/srv/detail/marker_poses__type_support.hpp
-- Symlinking: /home/theo/drift/ros2_ws/install/natnet_ros2/include/natnet_ros2/natnet_ros2/srv/marker_poses.hpp
-- Symlinking: /home/theo/drift/ros2_ws/install/natnet_ros2/include/natnet_ros2/natnet_ros2/msg/rosidl_typesupport_fastrtps_cpp__visibility_control.h
-- Symlinking: /home/theo/drift/ros2_ws/install/natnet_ros2/include/natnet_ros2/natnet_ros2/srv/detail/marker_poses__rosidl_typesupport_fastrtps_cpp.hpp
-- Symlinking: /home/theo/drift/ros2_ws/install/natnet_ros2/include/natnet_ros2/natnet_ros2/msg/rosidl_typesupport_introspection_c__visibility_control.h
-- Symlinking: /home/theo/drift/ros2_ws/install/natnet_ros2/include/natnet_ros2/natnet_ros2/srv/detail/marker_poses__rosidl_typesupport_introspection_c.h
-- Symlinking: /home/theo/drift/ros2_ws/install/natnet_ros2/include/natnet_ros2/natnet_ros2/srv/detail/marker_poses__rosidl_typesupport_introspection_cpp.hpp
-- Symlinking: /home/theo/drift/ros2_ws/install/natnet_ros2/share/natnet_ros2/environment/pythonpath.sh
-- Symlinking: /home/theo/drift/ros2_ws/install/natnet_ros2/share/natnet_ros2/environment/pythonpath.dsv
-- Symlinking: /home/theo/drift/ros2_ws/install/natnet_ros2/lib/python3.12/site-packages/natnet_ros2-1.0.0-py3.12.egg-info/PKG-INFO
-- Symlinking: /home/theo/drift/ros2_ws/install/natnet_ros2/lib/python3.12/site-packages/natnet_ros2-1.0.0-py3.12.egg-info/SOURCES.txt
-- Symlinking: /home/theo/drift/ros2_ws/install/natnet_ros2/lib/python3.12/site-packages/natnet_ros2-1.0.0-py3.12.egg-info/dependency_links.txt
-- Symlinking: /home/theo/drift/ros2_ws/install/natnet_ros2/lib/python3.12/site-packages/natnet_ros2-1.0.0-py3.12.egg-info/top_level.txt
-- Symlinking: /home/theo/drift/ros2_ws/install/natnet_ros2/lib/python3.12/site-packages/natnet_ros2/__init__.py
-- Symlinking: /home/theo/drift/ros2_ws/install/natnet_ros2/lib/python3.12/site-packages/natnet_ros2/_natnet_ros2_s.ep.rosidl_typesupport_c.c
-- Symlinking: /home/theo/drift/ros2_ws/install/natnet_ros2/lib/python3.12/site-packages/natnet_ros2/_natnet_ros2_s.ep.rosidl_typesupport_fastrtps_c.c
-- Symlinking: /home/theo/drift/ros2_ws/install/natnet_ros2/lib/python3.12/site-packages/natnet_ros2/_natnet_ros2_s.ep.rosidl_typesupport_introspection_c.c
-- Symlinking: /home/theo/drift/ros2_ws/install/natnet_ros2/lib/python3.12/site-packages/natnet_ros2/natnet_ros2_s__rosidl_typesupport_c.so
-- Symlinking: /home/theo/drift/ros2_ws/install/natnet_ros2/lib/python3.12/site-packages/natnet_ros2/natnet_ros2_s__rosidl_typesupport_fastrtps_c.so
-- Symlinking: /home/theo/drift/ros2_ws/install/natnet_ros2/lib/python3.12/site-packages/natnet_ros2/natnet_ros2_s__rosidl_typesupport_introspection_c.so
-- Symlinking: /home/theo/drift/ros2_ws/install/natnet_ros2/lib/python3.12/site-packages/natnet_ros2/srv/__init__.py
-- Symlinking: /home/theo/drift/ros2_ws/install/natnet_ros2/lib/python3.12/site-packages/natnet_ros2/srv/_marker_poses.py
-- Symlinking: /home/theo/drift/ros2_ws/install/natnet_ros2/lib/python3.12/site-packages/natnet_ros2/srv/_marker_poses_s.c
-- Up-to-date symlink: /home/theo/drift/ros2_ws/install/natnet_ros2/lib/python3.12/site-packages/natnet_ros2/natnet_ros2_s__rosidl_typesupport_fastrtps_c.so
-- Up-to-date symlink: /home/theo/drift/ros2_ws/install/natnet_ros2/lib/python3.12/site-packages/natnet_ros2/natnet_ros2_s__rosidl_typesupport_introspection_c.so
-- Up-to-date symlink: /home/theo/drift/ros2_ws/install/natnet_ros2/lib/python3.12/site-packages/natnet_ros2/natnet_ros2_s__rosidl_typesupport_c.so
-- Symlinking: /home/theo/drift/ros2_ws/install/natnet_ros2/share/natnet_ros2/srv/MarkerPoses.idl
-- Symlinking: /home/theo/drift/ros2_ws/install/natnet_ros2/share/natnet_ros2/srv/MarkerPoses.srv
-- Symlinking: /home/theo/drift/ros2_ws/install/natnet_ros2/include/natnet_ros2/natnet_ros2.hpp
-- Symlinking: /home/theo/drift/ros2_ws/install/natnet_ros2/include/natnet_ros2/nn_filter.hpp
-- Symlinking: /home/theo/drift/ros2_ws/install/natnet_ros2/include/natnet_ros2/object_data.hpp
-- Symlinking: /home/theo/drift/ros2_ws/install/natnet_ros2/share/natnet_ros2/launch/gui_natnet_ros2.launch.py
-- Symlinking: /home/theo/drift/ros2_ws/install/natnet_ros2/share/natnet_ros2/launch/natnet_ros2.launch.py
-- Symlinking: /home/theo/drift/ros2_ws/install/natnet_ros2/share/natnet_ros2/config/conf_autogen.yaml
-- Symlinking: /home/theo/drift/ros2_ws/install/natnet_ros2/share/natnet_ros2/config/initiate.yaml
-- Symlinking: /home/theo/drift/ros2_ws/install/natnet_ros2/share/natnet_ros2/ui/helper.ui
-- Symlinking: /home/theo/drift/ros2_ws/install/natnet_ros2/share/natnet_ros2/ui/logo.png
-- Symlinking: /home/theo/drift/ros2_ws/install/natnet_ros2/share/natnet_ros2/ui/ros-logo.png
-- Symlinking: /home/theo/drift/ros2_ws/install/natnet_ros2/lib/natnet_ros2/natnet_ros2_node
-- Symlinking: /home/theo/drift/ros2_ws/install/natnet_ros2/bin/natnet_ros2_node
-- Symlinking: /home/theo/drift/ros2_ws/install/natnet_ros2/lib/natnet_ros2/marker_poses_server
-- Symlinking: /home/theo/drift/ros2_ws/install/natnet_ros2/bin/marker_poses_server
-- Symlinking: /home/theo/drift/ros2_ws/install/natnet_ros2/lib/python3.12/site-packages/natnet_ros2_py-1.0.0-py3.12.egg-info/PKG-INFO
-- Symlinking: /home/theo/drift/ros2_ws/install/natnet_ros2/lib/python3.12/site-packages/natnet_ros2_py-1.0.0-py3.12.egg-info/SOURCES.txt
-- Symlinking: /home/theo/drift/ros2_ws/install/natnet_ros2/lib/python3.12/site-packages/natnet_ros2_py-1.0.0-py3.12.egg-info/dependency_links.txt
-- Symlinking: /home/theo/drift/ros2_ws/install/natnet_ros2/lib/python3.12/site-packages/natnet_ros2_py-1.0.0-py3.12.egg-info/top_level.txt
-- Symlinking: /home/theo/drift/ros2_ws/install/natnet_ros2/lib/python3.12/site-packages/natnet_ros2_py/__init__.py
-- Symlinking: /home/theo/drift/ros2_ws/install/natnet_ros2/lib/python3.12/site-packages/natnet_ros2_py/node_module.py
-- Symlinking: /home/theo/drift/ros2_ws/install/natnet_ros2/lib/natnet_ros2/helper_node_r2.py
-- Up-to-date symlink: /home/theo/drift/ros2_ws/install/natnet_ros2/include/natnet_ros2/natnet_ros2.hpp
-- Up-to-date symlink: /home/theo/drift/ros2_ws/install/natnet_ros2/include/natnet_ros2/nn_filter.hpp
-- Up-to-date symlink: /home/theo/drift/ros2_ws/install/natnet_ros2/include/natnet_ros2/object_data.hpp
-- Symlinking: /home/theo/drift/ros2_ws/install/natnet_ros2/share/ament_index/resource_index/package_run_dependencies/natnet_ros2
-- Symlinking: /home/theo/drift/ros2_ws/install/natnet_ros2/share/ament_index/resource_index/parent_prefix_path/natnet_ros2
-- Symlinking: /home/theo/drift/ros2_ws/install/natnet_ros2/share/natnet_ros2/environment/ament_prefix_path.sh
-- Symlinking: /home/theo/drift/ros2_ws/install/natnet_ros2/share/natnet_ros2/environment/ament_prefix_path.dsv
-- Symlinking: /home/theo/drift/ros2_ws/install/natnet_ros2/share/natnet_ros2/environment/path.sh
-- Symlinking: /home/theo/drift/ros2_ws/install/natnet_ros2/share/natnet_ros2/environment/path.dsv
-- Symlinking: /home/theo/drift/ros2_ws/install/natnet_ros2/share/natnet_ros2/local_setup.bash
-- Symlinking: /home/theo/drift/ros2_ws/install/natnet_ros2/share/natnet_ros2/local_setup.sh
-- Symlinking: /home/theo/drift/ros2_ws/install/natnet_ros2/share/natnet_ros2/local_setup.zsh
-- Symlinking: /home/theo/drift/ros2_ws/install/natnet_ros2/share/natnet_ros2/local_setup.dsv
-- Symlinking: /home/theo/drift/ros2_ws/install/natnet_ros2/share/natnet_ros2/package.dsv
-- Symlinking: /home/theo/drift/ros2_ws/install/natnet_ros2/share/ament_index/resource_index/packages/natnet_ros2
-- Symlinking: /home/theo/drift/ros2_ws/install/natnet_ros2/share/natnet_ros2/cmake/rosidl_cmake-extras.cmake
-- Symlinking: /home/theo/drift/ros2_ws/install/natnet_ros2/share/natnet_ros2/cmake/ament_cmake_export_dependencies-extras.cmake
-- Symlinking: /home/theo/drift/ros2_ws/install/natnet_ros2/share/natnet_ros2/cmake/ament_cmake_export_include_directories-extras.cmake
-- Symlinking: /home/theo/drift/ros2_ws/install/natnet_ros2/share/natnet_ros2/cmake/ament_cmake_export_libraries-extras.cmake
-- Symlinking: /home/theo/drift/ros2_ws/install/natnet_ros2/share/natnet_ros2/cmake/ament_cmake_export_targets-extras.cmake
-- Symlinking: /home/theo/drift/ros2_ws/install/natnet_ros2/share/natnet_ros2/cmake/rosidl_cmake_export_typesupport_targets-extras.cmake
-- Symlinking: /home/theo/drift/ros2_ws/install/natnet_ros2/share/natnet_ros2/cmake/rosidl_cmake_export_typesupport_libraries-extras.cmake
-- Symlinking: /home/theo/drift/ros2_ws/install/natnet_ros2/share/natnet_ros2/cmake/natnet_ros2Config.cmake
-- Symlinking: /home/theo/drift/ros2_ws/install/natnet_ros2/share/natnet_ros2/cmake/natnet_ros2Config-version.cmake
-- Symlinking: /home/theo/drift/ros2_ws/install/natnet_ros2/share/natnet_ros2/package.xml
-- Installing: /home/theo/drift/ros2_ws/install/natnet_ros2/lib/libnatnet_ros2__rosidl_generator_c.so
-- Set non-toolchain portion of runtime path of "/home/theo/drift/ros2_ws/install/natnet_ros2/lib/libnatnet_ros2__rosidl_generator_c.so" to ""
-- Installing: /home/theo/drift/ros2_ws/install/natnet_ros2/lib/libnatnet_ros2__rosidl_typesupport_fastrtps_c.so
-- Set non-toolchain portion of runtime path of "/home/theo/drift/ros2_ws/install/natnet_ros2/lib/libnatnet_ros2__rosidl_typesupport_fastrtps_c.so" to ""
-- Installing: /home/theo/drift/ros2_ws/install/natnet_ros2/lib/libnatnet_ros2__rosidl_typesupport_fastrtps_cpp.so
-- Set non-toolchain portion of runtime path of "/home/theo/drift/ros2_ws/install/natnet_ros2/lib/libnatnet_ros2__rosidl_typesupport_fastrtps_cpp.so" to ""
-- Installing: /home/theo/drift/ros2_ws/install/natnet_ros2/lib/libnatnet_ros2__rosidl_typesupport_introspection_c.so
-- Set non-toolchain portion of runtime path of "/home/theo/drift/ros2_ws/install/natnet_ros2/lib/libnatnet_ros2__rosidl_typesupport_introspection_c.so" to ""
-- Installing: /home/theo/drift/ros2_ws/install/natnet_ros2/lib/libnatnet_ros2__rosidl_typesupport_c.so
-- Set non-toolchain portion of runtime path of "/home/theo/drift/ros2_ws/install/natnet_ros2/lib/libnatnet_ros2__rosidl_typesupport_c.so" to ""
-- Installing: /home/theo/drift/ros2_ws/install/natnet_ros2/lib/libnatnet_ros2__rosidl_typesupport_introspection_cpp.so
-- Set non-toolchain portion of runtime path of "/home/theo/drift/ros2_ws/install/natnet_ros2/lib/libnatnet_ros2__rosidl_typesupport_introspection_cpp.so" to ""
-- Installing: /home/theo/drift/ros2_ws/install/natnet_ros2/lib/libnatnet_ros2__rosidl_typesupport_cpp.so
-- Set non-toolchain portion of runtime path of "/home/theo/drift/ros2_ws/install/natnet_ros2/lib/libnatnet_ros2__rosidl_typesupport_cpp.so" to ""
Listing '/home/theo/drift/ros2_ws/install/natnet_ros2/lib/python3.12/site-packages/natnet_ros2'...
Compiling '/home/theo/drift/ros2_ws/install/natnet_ros2/lib/python3.12/site-packages/natnet_ros2/__init__.py'...
Listing '/home/theo/drift/ros2_ws/install/natnet_ros2/lib/python3.12/site-packages/natnet_ros2/srv'...
Compiling '/home/theo/drift/ros2_ws/install/natnet_ros2/lib/python3.12/site-packages/natnet_ros2/srv/__init__.py'...
Compiling '/home/theo/drift/ros2_ws/install/natnet_ros2/lib/python3.12/site-packages/natnet_ros2/srv/_marker_poses.py'...
-- Installing: /home/theo/drift/ros2_ws/install/natnet_ros2/lib/libnatnet_ros2__rosidl_generator_py.so
-- Set non-toolchain portion of runtime path of "/home/theo/drift/ros2_ws/install/natnet_ros2/lib/libnatnet_ros2__rosidl_generator_py.so" to ""
Listing '/home/theo/drift/ros2_ws/install/natnet_ros2/lib/python3.12/site-packages/natnet_ros2_py'...
Compiling '/home/theo/drift/ros2_ws/install/natnet_ros2/lib/python3.12/site-packages/natnet_ros2_py/__init__.py'...
Compiling '/home/theo/drift/ros2_ws/install/natnet_ros2/lib/python3.12/site-packages/natnet_ros2_py/node_module.py'...
-- Installing: /home/theo/drift/ros2_ws/install/natnet_ros2/share/natnet_ros2/cmake/export_natnet_ros2__rosidl_generator_cExport.cmake
-- Installing: /home/theo/drift/ros2_ws/install/natnet_ros2/share/natnet_ros2/cmake/export_natnet_ros2__rosidl_generator_cExport-noconfig.cmake
-- Installing: /home/theo/drift/ros2_ws/install/natnet_ros2/share/natnet_ros2/cmake/export_natnet_ros2__rosidl_typesupport_fastrtps_cExport.cmake
-- Installing: /home/theo/drift/ros2_ws/install/natnet_ros2/share/natnet_ros2/cmake/export_natnet_ros2__rosidl_typesupport_fastrtps_cExport-noconfig.cmake
-- Installing: /home/theo/drift/ros2_ws/install/natnet_ros2/share/natnet_ros2/cmake/export_natnet_ros2__rosidl_generator_cppExport.cmake
-- Installing: /home/theo/drift/ros2_ws/install/natnet_ros2/share/natnet_ros2/cmake/export_natnet_ros2__rosidl_typesupport_fastrtps_cppExport.cmake
-- Installing: /home/theo/drift/ros2_ws/install/natnet_ros2/share/natnet_ros2/cmake/export_natnet_ros2__rosidl_typesupport_fastrtps_cppExport-noconfig.cmake
-- Installing: /home/theo/drift/ros2_ws/install/natnet_ros2/share/natnet_ros2/cmake/natnet_ros2__rosidl_typesupport_introspection_cExport.cmake
-- Installing: /home/theo/drift/ros2_ws/install/natnet_ros2/share/natnet_ros2/cmake/natnet_ros2__rosidl_typesupport_introspection_cExport-noconfig.cmake
-- Installing: /home/theo/drift/ros2_ws/install/natnet_ros2/share/natnet_ros2/cmake/natnet_ros2__rosidl_typesupport_cExport.cmake
-- Installing: /home/theo/drift/ros2_ws/install/natnet_ros2/share/natnet_ros2/cmake/natnet_ros2__rosidl_typesupport_cExport-noconfig.cmake
-- Installing: /home/theo/drift/ros2_ws/install/natnet_ros2/share/natnet_ros2/cmake/natnet_ros2__rosidl_typesupport_introspection_cppExport.cmake
-- Installing: /home/theo/drift/ros2_ws/install/natnet_ros2/share/natnet_ros2/cmake/natnet_ros2__rosidl_typesupport_introspection_cppExport-noconfig.cmake
-- Installing: /home/theo/drift/ros2_ws/install/natnet_ros2/share/natnet_ros2/cmake/natnet_ros2__rosidl_typesupport_cppExport.cmake
-- Installing: /home/theo/drift/ros2_ws/install/natnet_ros2/share/natnet_ros2/cmake/natnet_ros2__rosidl_typesupport_cppExport-noconfig.cmake
-- Installing: /home/theo/drift/ros2_ws/install/natnet_ros2/share/natnet_ros2/cmake/export_natnet_ros2__rosidl_generator_pyExport.cmake
-- Installing: /home/theo/drift/ros2_ws/install/natnet_ros2/share/natnet_ros2/cmake/export_natnet_ros2__rosidl_generator_pyExport-noconfig.cmake
