[0.006s] Invoking command in '/home/theo/drift/ros2_ws/build/natnet_ros2': CMAKE_PREFIX_PATH=${CMAKE_PREFIX_PATH}:/opt/ros/jazzy DEBUGINFOD_URLS=https://debuginfod.ubuntu.com /usr/bin/cmake /home/theo/drift/ros2_ws/src/natnet_ros2 -DAMENT_CMAKE_SYMLINK_INSTALL=1 -DCMAKE_INSTALL_PREFIX=/home/theo/drift/ros2_ws/install/natnet_ros2
[0.031s] -- Found ament_cmake: 2.5.5 (/opt/ros/jazzy/share/ament_cmake/cmake)
[0.138s] -- Found Python3: /usr/bin/python3 (found version "3.12.3") found components: Interpreter 
[0.172s] -- Override CMake install command with custom implementation using symlinks instead of copying resources
[0.197s] -- Found rclcpp: 28.1.16 (/opt/ros/jazzy/share/rclcpp/cmake)
[0.227s] -- Found rosidl_generator_c: 4.6.7 (/opt/ros/jazzy/share/rosidl_generator_c/cmake)
[0.236s] -- Found rosidl_generator_cpp: 4.6.7 (/opt/ros/jazzy/share/rosidl_generator_cpp/cmake)
[0.246s] -- Using all available rosidl_typesupport_c: rosidl_typesupport_fastrtps_c;rosidl_typesupport_introspection_c
[0.256s] -- Using all available rosidl_typesupport_cpp: rosidl_typesupport_fastrtps_cpp;rosidl_typesupport_introspection_cpp
[0.298s] -- Found rmw_implementation_cmake: 7.3.3 (/opt/ros/jazzy/share/rmw_implementation_cmake/cmake)
[0.301s] -- Found rmw_fastrtps_cpp: 8.4.3 (/opt/ros/jazzy/share/rmw_fastrtps_cpp/cmake)
[0.346s] -- Found OpenSSL: /usr/lib/aarch64-linux-gnu/libcrypto.so (found version "3.0.13")  
[0.355s] -- Found FastRTPS: /opt/ros/jazzy/include (Required is at least version "2.13") 
[0.364s] -- Using RMW implementation 'rmw_fastrtps_cpp' as default
[0.402s] -- Found rclcpp_lifecycle: 28.1.16 (/opt/ros/jazzy/share/rclcpp_lifecycle/cmake)
[0.420s] -- Found tf2: 0.36.19 (/opt/ros/jazzy/share/tf2/cmake)
[0.443s] -- Found tf2_ros: 0.36.19 (/opt/ros/jazzy/share/tf2_ros/cmake)
[0.509s] -- Found sensor_msgs: 5.3.6 (/opt/ros/jazzy/share/sensor_msgs/cmake)
[0.522s] -- Found rosidl_default_generators: 1.6.0 (/opt/ros/jazzy/share/rosidl_default_generators/cmake)
[0.531s] -- Found rosidl_adapter: 4.6.7 (/opt/ros/jazzy/share/rosidl_adapter/cmake)
[0.535s] -- Found ament_cmake_auto: 2.5.5 (/opt/ros/jazzy/share/ament_cmake_auto/cmake)
[0.537s] -- Found rclpy: 7.1.9 (/opt/ros/jazzy/share/rclpy/cmake)
[0.836s] -- Found ament_cmake_ros: 0.12.0 (/opt/ros/jazzy/share/ament_cmake_ros/cmake)
[1.246s] -- Using all available rosidl_typesupport_c: rosidl_typesupport_fastrtps_c;rosidl_typesupport_introspection_c
[1.403s] -- Using all available rosidl_typesupport_cpp: rosidl_typesupport_fastrtps_cpp;rosidl_typesupport_introspection_cpp
[1.406s] -- Found python_cmake_module: 0.11.1 (/opt/ros/jazzy/share/python_cmake_module/cmake)
[1.482s] -- Found PythonExtra: /usr/bin/python3  
[1.732s] -- Found Python3: /usr/bin/python3 (found version "3.12.3") found components: Interpreter Development NumPy Development.Module Development.Embed 
[1.765s] System architecture is ARM.
[1.765s] --2026-06-30 11:48:02--  https://d2mzlempwep3hb.cloudfront.net/NatNetSDKLinux/ubuntu_arm/NatNet_SDK_4.4_ubuntu_ARM.tar
[1.847s] Resolving d2mzlempwep3hb.cloudfront.net (d2mzlempwep3hb.cloudfront.net)... 3.170.21.165
[1.864s] Connecting to d2mzlempwep3hb.cloudfront.net (d2mzlempwep3hb.cloudfront.net)|3.170.21.165|:443... connected.
[2.258s] HTTP request sent, awaiting response... 200 OK
[2.258s] Length: 1863680 (1.8M) [application/x-tar]
[2.258s] Saving to: ‘NatNetSDK.tar’
[2.260s] 
[2.277s]      0K .......... .......... .......... .......... ..........  2% 2.57M 1s
[2.287s]     50K .......... .......... .......... .......... ..........  5% 4.69M 1s
[2.294s]    100K .......... .......... .......... .......... ..........  8% 7.46M 0s
[2.301s]    150K .......... .......... .......... .......... .......... 10% 6.75M 0s
[2.306s]    200K .......... .......... .......... .......... .......... 13% 9.55M 0s
[2.309s]    250K .......... .......... .......... .......... .......... 16% 16.0M 0s
[2.313s]    300K .......... .......... .......... .......... .......... 19% 12.6M 0s
[2.317s]    350K .......... .......... .......... .......... .......... 21% 11.8M 0s
[2.319s]    400K .......... .......... .......... .......... .......... 24% 36.1M 0s
[2.323s]    450K .......... .......... .......... .......... .......... 27% 12.1M 0s
[2.324s]    500K .......... .......... .......... .......... .......... 30% 26.0M 0s
[2.326s]    550K .......... .......... .......... .......... .......... 32% 39.4M 0s
[2.327s]    600K .......... .......... .......... .......... .......... 35% 27.9M 0s
[2.329s]    650K .......... .......... .......... .......... .......... 38% 25.9M 0s
[2.331s]    700K .......... .......... .......... .......... .......... 41% 39.5M 0s
[2.331s]    750K .......... .......... .......... .......... .......... 43%  121M 0s
[2.333s]    800K .......... .......... .......... .......... .......... 46% 25.0M 0s
[2.337s]    850K .......... .......... .......... .......... .......... 49% 13.6M 0s
[2.337s]    900K .......... .......... .......... .......... .......... 52%  590M 0s
[2.338s]    950K .......... .......... .......... .......... .......... 54% 42.1M 0s
[2.338s]   1000K .......... .......... .......... .......... .......... 57%  179M 0s
[2.339s]   1050K .......... .......... .......... .......... .......... 60% 39.6M 0s
[2.341s]   1100K .......... .......... .......... .......... .......... 63% 32.9M 0s
[2.343s]   1150K .......... .......... .......... .......... .......... 65% 24.9M 0s
[2.344s]   1200K .......... .......... .......... .......... .......... 68% 64.1M 0s
[2.344s]   1250K .......... .......... .......... .......... .......... 71% 92.3M 0s
[2.346s]   1300K .......... .......... .......... .......... .......... 74% 27.2M 0s
[2.346s]   1350K .......... .......... .......... .......... .......... 76% 79.2M 0s
[2.348s]   1400K .......... .......... .......... .......... .......... 79% 26.9M 0s
[2.348s]   1450K .......... .......... .......... .......... .......... 82%  571M 0s
[2.350s]   1500K .......... .......... .......... .......... .......... 85% 34.3M 0s
[2.350s]   1550K .......... .......... .......... .......... .......... 87%  736M 0s
[2.351s]   1600K .......... .......... .......... .......... .......... 90% 67.5M 0s
[2.351s]   1650K .......... .......... .......... .......... .......... 93% 51.8M 0s
[2.352s]   1700K .......... .......... .......... .......... .......... 96% 76.9M 0s
[2.353s]   1750K .......... .......... .......... .......... .......... 98% 48.9M 0s
[2.353s]   1800K .......... ..........                                 100%  634M=0.1s
[2.353s] 
[2.353s] 2026-06-30 11:48:02 (18.7 MB/s) - ‘NatNetSDK.tar’ saved [1863680/1863680]
[2.353s] 
[2.363s] [0mCMake Deprecation Warning at /opt/ros/jazzy/share/rosidl_cmake/cmake/rosidl_target_interfaces.cmake:32 (message):
[2.363s]   Use rosidl_get_typesupport_target() and target_link_libraries() instead of
[2.363s]   rosidl_target_interfaces().  i.e:
[2.363s] 
[2.363s]     rosidl_get_typesupport_target(cpp_typesupport_target "${PROJECT_NAME}" "rosidl_typesupport_cpp")
[2.363s]     target_link_libraries(${PROJECT_NAME}_node "${cpp_typesupport_target}")
[2.363s] 
[2.363s] Call Stack (most recent call first):
[2.363s]   CMakeLists.txt:80 (rosidl_target_interfaces)
[2.363s] 
[2.363s] [0m
[2.366s] -- Found ament_cmake_copyright: 0.17.4 (/opt/ros/jazzy/share/ament_cmake_copyright/cmake)
[2.368s] -- Found ament_cmake_cppcheck: 0.17.4 (/opt/ros/jazzy/share/ament_cmake_cppcheck/cmake)
[2.370s] -- Found ament_cmake_cpplint: 0.17.4 (/opt/ros/jazzy/share/ament_cmake_cpplint/cmake)
[2.371s] -- Found ament_cmake_lint_cmake: 0.17.4 (/opt/ros/jazzy/share/ament_cmake_lint_cmake/cmake)
[2.373s] -- Found ament_cmake_xmllint: 0.17.4 (/opt/ros/jazzy/share/ament_cmake_xmllint/cmake)
[2.375s] -- Found ament_cmake_uncrustify: 0.17.4 (/opt/ros/jazzy/share/ament_cmake_uncrustify/cmake)
[2.377s] [0mIn this package, headers install destination is set to `include` by ament_auto_package. It is recommended to install `include/natnet_ros2` instead and will be the default behavior of ament_auto_package from ROS 2 Kilted Kaiju. On distributions before Kilted, ament_auto_package behaves the same way when you use USE_SCOPED_HEADER_INSTALL_DIR option.[0m
[2.382s] -- Configuring done (2.4s)
[2.412s] -- Generating done (0.0s)
[2.419s] -- Build files have been written to: /home/theo/drift/ros2_ws/build/natnet_ros2
[2.426s] Invoked command in '/home/theo/drift/ros2_ws/build/natnet_ros2' returned '0': CMAKE_PREFIX_PATH=${CMAKE_PREFIX_PATH}:/opt/ros/jazzy DEBUGINFOD_URLS=https://debuginfod.ubuntu.com /usr/bin/cmake /home/theo/drift/ros2_ws/src/natnet_ros2 -DAMENT_CMAKE_SYMLINK_INSTALL=1 -DCMAKE_INSTALL_PREFIX=/home/theo/drift/ros2_ws/install/natnet_ros2
[2.427s] Invoking command in '/home/theo/drift/ros2_ws/build/natnet_ros2': CMAKE_PREFIX_PATH=${CMAKE_PREFIX_PATH}:/opt/ros/jazzy DEBUGINFOD_URLS=https://debuginfod.ubuntu.com /usr/bin/cmake --build /home/theo/drift/ros2_ws/build/natnet_ros2 -- -j4 -l4
[2.452s] [  2%] [34m[1mGenerating type hashes for ROS interfaces[0m
[2.452s] [  5%] [32mBuilding CXX object CMakeFiles/natnet_ros2_node.dir/src/natnet_ros2.cpp.o[0m
[2.456s] [  5%] Built target ament_cmake_python_symlink_natnet_ros2_py
[2.456s] [  5%] Built target ament_cmake_python_symlink_natnet_ros2
[2.459s] [  7%] [32mBuilding CXX object CMakeFiles/natnet_ros2_node.dir/src/nn_filter.cpp.o[0m
[2.544s] running egg_info
[2.544s] creating natnet_ros2.egg-info
[2.545s] [  7%] Built target natnet_ros2__rosidl_generator_type_description
[2.552s] writing natnet_ros2.egg-info/PKG-INFO
[2.552s] writing dependency_links to natnet_ros2.egg-info/dependency_links.txt
[2.552s] writing top-level names to natnet_ros2.egg-info/top_level.txt
[2.552s] writing manifest file 'natnet_ros2.egg-info/SOURCES.txt'
[2.573s] reading manifest file 'natnet_ros2.egg-info/SOURCES.txt'
[2.573s] writing manifest file 'natnet_ros2.egg-info/SOURCES.txt'
[2.588s] [  7%] Built target ament_cmake_python_build_natnet_ros2_egg
[2.598s] [ 10%] [34m[1mGenerating C++ code for ROS interfaces[0m
[2.662s] running egg_info
[2.662s] creating natnet_ros2_py.egg-info
[2.662s] writing natnet_ros2_py.egg-info/PKG-INFO
[2.662s] writing dependency_links to natnet_ros2_py.egg-info/dependency_links.txt
[2.662s] writing top-level names to natnet_ros2_py.egg-info/top_level.txt
[2.662s] writing manifest file 'natnet_ros2_py.egg-info/SOURCES.txt'
[2.677s] reading manifest file 'natnet_ros2_py.egg-info/SOURCES.txt'
[2.678s] writing manifest file 'natnet_ros2_py.egg-info/SOURCES.txt'
[2.686s] [ 12%] [34m[1mGenerating C code for ROS interfaces[0m
[2.692s] [ 12%] Built target ament_cmake_python_build_natnet_ros2_py_egg
[2.740s] [ 12%] Built target natnet_ros2__cpp
[2.827s] [ 17%] [32mBuilding C object CMakeFiles/natnet_ros2__rosidl_generator_c.dir/rosidl_generator_c/natnet_ros2/srv/detail/marker_poses__description.c.o[0m
[2.827s] [ 17%] [32mBuilding C object CMakeFiles/natnet_ros2__rosidl_generator_c.dir/rosidl_generator_c/natnet_ros2/srv/detail/marker_poses__type_support.c.o[0m
[2.828s] [ 20%] [32mBuilding C object CMakeFiles/natnet_ros2__rosidl_generator_c.dir/rosidl_generator_c/natnet_ros2/srv/detail/marker_poses__functions.c.o[0m
[2.873s] [ 23%] [32m[1mLinking C shared library libnatnet_ros2__rosidl_generator_c.so[0m
[2.890s] [ 23%] Built target natnet_ros2__rosidl_generator_c
[2.894s] [ 25%] [34m[1mGenerating C++ type support dispatch for ROS interfaces[0m
[2.894s] [ 28%] [34m[1mGenerating C type support for eProsima Fast-RTPS[0m
[2.896s] [ 30%] [34m[1mGenerating C++ type support for eProsima Fast-RTPS[0m
[2.999s] [ 33%] [32mBuilding CXX object CMakeFiles/natnet_ros2__rosidl_typesupport_cpp.dir/rosidl_typesupport_cpp/natnet_ros2/srv/marker_poses__type_support.cpp.o[0m
[3.036s] [ 35%] [32mBuilding CXX object CMakeFiles/natnet_ros2__rosidl_typesupport_fastrtps_c.dir/rosidl_typesupport_fastrtps_c/natnet_ros2/srv/detail/marker_poses__type_support_c.cpp.o[0m
[3.050s] [ 38%] [32mBuilding CXX object CMakeFiles/natnet_ros2__rosidl_typesupport_fastrtps_cpp.dir/rosidl_typesupport_fastrtps_cpp/natnet_ros2/srv/detail/dds_fastrtps/marker_poses__type_support.cpp.o[0m
[3.194s] [ 41%] [32m[1mLinking CXX shared library libnatnet_ros2__rosidl_typesupport_cpp.so[0m
[3.229s] [ 41%] Built target natnet_ros2__rosidl_typesupport_cpp
[3.235s] [ 43%] [34m[1mGenerating C introspection for ROS interfaces[0m
[3.246s] [ 46%] [32m[1mLinking CXX shared library libnatnet_ros2__rosidl_typesupport_fastrtps_c.so[0m
[3.272s] [ 46%] Built target natnet_ros2__rosidl_typesupport_fastrtps_c
[3.278s] [ 48%] [34m[1mGenerating C type support dispatch for ROS interfaces[0m
[3.351s] [ 51%] [32m[1mLinking CXX shared library libnatnet_ros2__rosidl_typesupport_fastrtps_cpp.so[0m
[3.363s] [ 53%] [32mBuilding C object CMakeFiles/natnet_ros2__rosidl_typesupport_introspection_c.dir/rosidl_typesupport_introspection_c/natnet_ros2/srv/detail/marker_poses__type_support.c.o[0m
[3.388s] [ 56%] [32m[1mLinking C shared library libnatnet_ros2__rosidl_typesupport_introspection_c.so[0m
[3.389s] [ 56%] Built target natnet_ros2__rosidl_typesupport_fastrtps_cpp
[3.395s] [ 58%] [34m[1mGenerating C++ introspection for ROS interfaces[0m
[3.395s] [ 61%] [32mBuilding CXX object CMakeFiles/natnet_ros2__rosidl_typesupport_c.dir/rosidl_typesupport_c/natnet_ros2/srv/marker_poses__type_support.cpp.o[0m
[3.404s] [ 61%] Built target natnet_ros2__rosidl_typesupport_introspection_c
[3.417s] [ 64%] [32m[1mLinking CXX shared library libnatnet_ros2__rosidl_typesupport_c.so[0m
[3.439s] [ 64%] Built target natnet_ros2__rosidl_typesupport_c
[3.513s] [ 66%] [32mBuilding CXX object CMakeFiles/natnet_ros2__rosidl_typesupport_introspection_cpp.dir/rosidl_typesupport_introspection_cpp/natnet_ros2/srv/detail/marker_poses__type_support.cpp.o[0m
[3.648s] [01m[K/home/theo/drift/ros2_ws/src/natnet_ros2/src/natnet_ros2.cpp:[m[K In member function ‘[01m[Kvoid NatNetNode::[01;32m[Kget_node_params[m[K()[m[K’:
[3.648s] [01m[K/home/theo/drift/ros2_ws/src/natnet_ros2/src/natnet_ros2.cpp:71:52:[m[K [01;35m[Kwarning: [m[Kconverting to ‘[01m[Kconst rcl_interfaces::msg::ParameterDescriptor[m[K’ {aka ‘[01m[Kconst rcl_interfaces::msg::ParameterDescriptor_<std::allocator<void> >[m[K’} from initializer list would use explicit constructor ‘[01m[Krcl_interfaces::msg::ParameterDescriptor_<ContainerAllocator>::[01;32m[KParameterDescriptor_[m[K(rosidl_runtime_cpp::MessageInitialization) [35m[K[with ContainerAllocator = std::allocator<void>][m[K[m[K’
[3.648s]    71 |         [01;35m[Kdeclare_parameter<std::vector<std::string>>("object_names", {})[m[K;
[3.648s]       |         [01;35m[K~~~~~~~~~~~~~~~~~~~~~~~~~~~~~~~~~~~~~~~~~~~^~~~~~~~~~~~~~~~~~~~[m[K
[3.648s] [01m[K/home/theo/drift/ros2_ws/src/natnet_ros2/src/natnet_ros2.cpp:71:52:[m[K [01;36m[Knote: [m[Kin C++11 and above a default constructor can be explicit
[3.692s] [ 69%] [32m[1mLinking CXX shared library libnatnet_ros2__rosidl_typesupport_introspection_cpp.so[0m
[3.724s] [ 69%] Built target natnet_ros2__rosidl_typesupport_introspection_cpp
[3.732s] [ 69%] Built target natnet_ros2
[3.740s] [ 71%] [34m[1mGenerating Python code for ROS interfaces[0m
[3.740s] [ 74%] [32mBuilding CXX object CMakeFiles/marker_poses_server.dir/src/marker_poses_server.cpp.o[0m
[3.908s] [ 74%] Built target natnet_ros2__py
[3.919s] [ 76%] [32mBuilding C object CMakeFiles/natnet_ros2__rosidl_generator_py.dir/rosidl_generator_py/natnet_ros2/srv/_marker_poses_s.c.o[0m
[4.017s] [ 79%] [32m[1mLinking C shared library libnatnet_ros2__rosidl_generator_py.so[0m
[4.043s] [ 79%] Built target natnet_ros2__rosidl_generator_py
[4.059s] [ 82%] [32mBuilding C object CMakeFiles/natnet_ros2_s__rosidl_typesupport_fastrtps_c.dir/rosidl_generator_py/natnet_ros2/_natnet_ros2_s.ep.rosidl_typesupport_fastrtps_c.c.o[0m
[4.062s] [ 84%] [32mBuilding C object CMakeFiles/natnet_ros2_s__rosidl_typesupport_introspection_c.dir/rosidl_generator_py/natnet_ros2/_natnet_ros2_s.ep.rosidl_typesupport_introspection_c.c.o[0m
[4.110s] [ 89%] [32m[1mLinking C shared module rosidl_generator_py/natnet_ros2/natnet_ros2_s__rosidl_typesupport_introspection_c.so[0m
[4.110s] [ 89%] [32m[1mLinking C shared module rosidl_generator_py/natnet_ros2/natnet_ros2_s__rosidl_typesupport_fastrtps_c.so[0m
[4.129s] [ 89%] Built target natnet_ros2_s__rosidl_typesupport_fastrtps_c
[4.131s] [ 89%] Built target natnet_ros2_s__rosidl_typesupport_introspection_c
[4.138s] [ 92%] [32mBuilding C object CMakeFiles/natnet_ros2_s__rosidl_typesupport_c.dir/rosidl_generator_py/natnet_ros2/_natnet_ros2_s.ep.rosidl_typesupport_c.c.o[0m
[4.184s] [ 94%] [32m[1mLinking C shared module rosidl_generator_py/natnet_ros2/natnet_ros2_s__rosidl_typesupport_c.so[0m
[4.197s] [ 94%] Built target natnet_ros2_s__rosidl_typesupport_c
[5.211s] [ 97%] [32m[1mLinking CXX executable marker_poses_server[0m
[5.362s] [ 97%] Built target marker_poses_server
[5.553s] [100%] [32m[1mLinking CXX executable natnet_ros2_node[0m
[5.685s] [100%] Built target natnet_ros2_node
[5.692s] Invoked command in '/home/theo/drift/ros2_ws/build/natnet_ros2' returned '0': CMAKE_PREFIX_PATH=${CMAKE_PREFIX_PATH}:/opt/ros/jazzy DEBUGINFOD_URLS=https://debuginfod.ubuntu.com /usr/bin/cmake --build /home/theo/drift/ros2_ws/build/natnet_ros2 -- -j4 -l4
[5.698s] Invoking command in '/home/theo/drift/ros2_ws/build/natnet_ros2': CMAKE_PREFIX_PATH=${CMAKE_PREFIX_PATH}:/opt/ros/jazzy DEBUGINFOD_URLS=https://debuginfod.ubuntu.com /usr/bin/cmake --install /home/theo/drift/ros2_ws/build/natnet_ros2
[5.702s] -- Install configuration: ""
[5.702s] -- Execute custom install script
[5.703s] -- Symlinking: /home/theo/drift/ros2_ws/install/natnet_ros2/share/ament_index/resource_index/rosidl_interfaces/natnet_ros2
[5.706s] -- Symlinking: /home/theo/drift/ros2_ws/install/natnet_ros2/share/natnet_ros2/srv/MarkerPoses.json
[5.710s] -- Symlinking: /home/theo/drift/ros2_ws/install/natnet_ros2/include/natnet_ros2/natnet_ros2/msg/rosidl_generator_c__visibility_control.h
[5.713s] -- Symlinking: /home/theo/drift/ros2_ws/install/natnet_ros2/include/natnet_ros2/natnet_ros2/srv/detail/marker_poses__functions.h
[5.716s] -- Symlinking: /home/theo/drift/ros2_ws/install/natnet_ros2/include/natnet_ros2/natnet_ros2/srv/detail/marker_poses__struct.h
[5.719s] -- Symlinking: /home/theo/drift/ros2_ws/install/natnet_ros2/include/natnet_ros2/natnet_ros2/srv/detail/marker_poses__type_support.h
[5.722s] -- Symlinking: /home/theo/drift/ros2_ws/install/natnet_ros2/include/natnet_ros2/natnet_ros2/srv/marker_poses.h
[5.726s] -- Symlinking: /home/theo/drift/ros2_ws/install/natnet_ros2/share/natnet_ros2/environment/library_path.sh
[5.730s] -- Symlinking: /home/theo/drift/ros2_ws/install/natnet_ros2/share/natnet_ros2/environment/library_path.dsv
[5.733s] -- Symlinking: /home/theo/drift/ros2_ws/install/natnet_ros2/include/natnet_ros2/natnet_ros2/msg/rosidl_typesupport_fastrtps_c__visibility_control.h
[5.736s] -- Symlinking: /home/theo/drift/ros2_ws/install/natnet_ros2/include/natnet_ros2/natnet_ros2/srv/detail/marker_poses__rosidl_typesupport_fastrtps_c.h
[5.739s] -- Symlinking: /home/theo/drift/ros2_ws/install/natnet_ros2/include/natnet_ros2/natnet_ros2/msg/rosidl_generator_cpp__visibility_control.hpp
[5.742s] -- Symlinking: /home/theo/drift/ros2_ws/install/natnet_ros2/include/natnet_ros2/natnet_ros2/srv/detail/marker_poses__builder.hpp
[5.745s] -- Symlinking: /home/theo/drift/ros2_ws/install/natnet_ros2/include/natnet_ros2/natnet_ros2/srv/detail/marker_poses__struct.hpp
[5.748s] -- Symlinking: /home/theo/drift/ros2_ws/install/natnet_ros2/include/natnet_ros2/natnet_ros2/srv/detail/marker_poses__traits.hpp
[5.751s] -- Symlinking: /home/theo/drift/ros2_ws/install/natnet_ros2/include/natnet_ros2/natnet_ros2/srv/detail/marker_poses__type_support.hpp
[5.755s] -- Symlinking: /home/theo/drift/ros2_ws/install/natnet_ros2/include/natnet_ros2/natnet_ros2/srv/marker_poses.hpp
[5.759s] -- Symlinking: /home/theo/drift/ros2_ws/install/natnet_ros2/include/natnet_ros2/natnet_ros2/msg/rosidl_typesupport_fastrtps_cpp__visibility_control.h
[5.761s] -- Symlinking: /home/theo/drift/ros2_ws/install/natnet_ros2/include/natnet_ros2/natnet_ros2/srv/detail/marker_poses__rosidl_typesupport_fastrtps_cpp.hpp
[5.764s] -- Symlinking: /home/theo/drift/ros2_ws/install/natnet_ros2/include/natnet_ros2/natnet_ros2/msg/rosidl_typesupport_introspection_c__visibility_control.h
[5.767s] -- Symlinking: /home/theo/drift/ros2_ws/install/natnet_ros2/include/natnet_ros2/natnet_ros2/srv/detail/marker_poses__rosidl_typesupport_introspection_c.h
[5.770s] -- Symlinking: /home/theo/drift/ros2_ws/install/natnet_ros2/include/natnet_ros2/natnet_ros2/srv/detail/marker_poses__rosidl_typesupport_introspection_cpp.hpp
[5.773s] -- Symlinking: /home/theo/drift/ros2_ws/install/natnet_ros2/share/natnet_ros2/environment/pythonpath.sh
[5.776s] -- Symlinking: /home/theo/drift/ros2_ws/install/natnet_ros2/share/natnet_ros2/environment/pythonpath.dsv
[5.779s] -- Symlinking: /home/theo/drift/ros2_ws/install/natnet_ros2/lib/python3.12/site-packages/natnet_ros2-1.0.0-py3.12.egg-info/PKG-INFO
[5.783s] -- Symlinking: /home/theo/drift/ros2_ws/install/natnet_ros2/lib/python3.12/site-packages/natnet_ros2-1.0.0-py3.12.egg-info/SOURCES.txt
[5.788s] -- Symlinking: /home/theo/drift/ros2_ws/install/natnet_ros2/lib/python3.12/site-packages/natnet_ros2-1.0.0-py3.12.egg-info/dependency_links.txt
[5.793s] -- Symlinking: /home/theo/drift/ros2_ws/install/natnet_ros2/lib/python3.12/site-packages/natnet_ros2-1.0.0-py3.12.egg-info/top_level.txt
[5.798s] -- Symlinking: /home/theo/drift/ros2_ws/install/natnet_ros2/lib/python3.12/site-packages/natnet_ros2/__init__.py
[5.804s] -- Symlinking: /home/theo/drift/ros2_ws/install/natnet_ros2/lib/python3.12/site-packages/natnet_ros2/_natnet_ros2_s.ep.rosidl_typesupport_c.c
[5.809s] -- Symlinking: /home/theo/drift/ros2_ws/install/natnet_ros2/lib/python3.12/site-packages/natnet_ros2/_natnet_ros2_s.ep.rosidl_typesupport_fastrtps_c.c
[5.814s] -- Symlinking: /home/theo/drift/ros2_ws/install/natnet_ros2/lib/python3.12/site-packages/natnet_ros2/_natnet_ros2_s.ep.rosidl_typesupport_introspection_c.c
[5.819s] -- Symlinking: /home/theo/drift/ros2_ws/install/natnet_ros2/lib/python3.12/site-packages/natnet_ros2/natnet_ros2_s__rosidl_typesupport_c.so
[5.825s] -- Symlinking: /home/theo/drift/ros2_ws/install/natnet_ros2/lib/python3.12/site-packages/natnet_ros2/natnet_ros2_s__rosidl_typesupport_fastrtps_c.so
[5.828s] -- Symlinking: /home/theo/drift/ros2_ws/install/natnet_ros2/lib/python3.12/site-packages/natnet_ros2/natnet_ros2_s__rosidl_typesupport_introspection_c.so
[5.834s] -- Symlinking: /home/theo/drift/ros2_ws/install/natnet_ros2/lib/python3.12/site-packages/natnet_ros2/srv/__init__.py
[5.837s] -- Symlinking: /home/theo/drift/ros2_ws/install/natnet_ros2/lib/python3.12/site-packages/natnet_ros2/srv/_marker_poses.py
[5.841s] -- Symlinking: /home/theo/drift/ros2_ws/install/natnet_ros2/lib/python3.12/site-packages/natnet_ros2/srv/_marker_poses_s.c
[5.847s] -- Up-to-date symlink: /home/theo/drift/ros2_ws/install/natnet_ros2/lib/python3.12/site-packages/natnet_ros2/natnet_ros2_s__rosidl_typesupport_fastrtps_c.so
[5.847s] -- Up-to-date symlink: /home/theo/drift/ros2_ws/install/natnet_ros2/lib/python3.12/site-packages/natnet_ros2/natnet_ros2_s__rosidl_typesupport_introspection_c.so
[5.847s] -- Up-to-date symlink: /home/theo/drift/ros2_ws/install/natnet_ros2/lib/python3.12/site-packages/natnet_ros2/natnet_ros2_s__rosidl_typesupport_c.so
[5.847s] -- Symlinking: /home/theo/drift/ros2_ws/install/natnet_ros2/share/natnet_ros2/srv/MarkerPoses.idl
[5.851s] -- Symlinking: /home/theo/drift/ros2_ws/install/natnet_ros2/share/natnet_ros2/srv/MarkerPoses.srv
[5.855s] -- Symlinking: /home/theo/drift/ros2_ws/install/natnet_ros2/include/natnet_ros2/natnet_ros2.hpp
[5.859s] -- Symlinking: /home/theo/drift/ros2_ws/install/natnet_ros2/include/natnet_ros2/nn_filter.hpp
[5.863s] -- Symlinking: /home/theo/drift/ros2_ws/install/natnet_ros2/include/natnet_ros2/object_data.hpp
[5.867s] -- Symlinking: /home/theo/drift/ros2_ws/install/natnet_ros2/share/natnet_ros2/launch/gui_natnet_ros2.launch.py
[5.871s] -- Symlinking: /home/theo/drift/ros2_ws/install/natnet_ros2/share/natnet_ros2/launch/natnet_ros2.launch.py
[5.875s] -- Symlinking: /home/theo/drift/ros2_ws/install/natnet_ros2/share/natnet_ros2/config/conf_autogen.yaml
[5.879s] -- Symlinking: /home/theo/drift/ros2_ws/install/natnet_ros2/share/natnet_ros2/config/initiate.yaml
[5.882s] -- Symlinking: /home/theo/drift/ros2_ws/install/natnet_ros2/share/natnet_ros2/ui/helper.ui
[5.886s] -- Symlinking: /home/theo/drift/ros2_ws/install/natnet_ros2/share/natnet_ros2/ui/logo.png
[5.889s] -- Symlinking: /home/theo/drift/ros2_ws/install/natnet_ros2/share/natnet_ros2/ui/ros-logo.png
[5.893s] -- Symlinking: /home/theo/drift/ros2_ws/install/natnet_ros2/lib/natnet_ros2/natnet_ros2_node
[5.897s] -- Symlinking: /home/theo/drift/ros2_ws/install/natnet_ros2/bin/natnet_ros2_node
[5.900s] -- Symlinking: /home/theo/drift/ros2_ws/install/natnet_ros2/lib/natnet_ros2/marker_poses_server
[5.903s] -- Symlinking: /home/theo/drift/ros2_ws/install/natnet_ros2/bin/marker_poses_server
[5.908s] -- Symlinking: /home/theo/drift/ros2_ws/install/natnet_ros2/lib/python3.12/site-packages/natnet_ros2_py-1.0.0-py3.12.egg-info/PKG-INFO
[5.911s] -- Symlinking: /home/theo/drift/ros2_ws/install/natnet_ros2/lib/python3.12/site-packages/natnet_ros2_py-1.0.0-py3.12.egg-info/SOURCES.txt
[5.914s] -- Symlinking: /home/theo/drift/ros2_ws/install/natnet_ros2/lib/python3.12/site-packages/natnet_ros2_py-1.0.0-py3.12.egg-info/dependency_links.txt
[5.918s] -- Symlinking: /home/theo/drift/ros2_ws/install/natnet_ros2/lib/python3.12/site-packages/natnet_ros2_py-1.0.0-py3.12.egg-info/top_level.txt
[5.921s] -- Symlinking: /home/theo/drift/ros2_ws/install/natnet_ros2/lib/python3.12/site-packages/natnet_ros2_py/__init__.py
[5.925s] -- Symlinking: /home/theo/drift/ros2_ws/install/natnet_ros2/lib/python3.12/site-packages/natnet_ros2_py/node_module.py
[5.930s] -- Symlinking: /home/theo/drift/ros2_ws/install/natnet_ros2/lib/natnet_ros2/helper_node_r2.py
[5.933s] -- Up-to-date symlink: /home/theo/drift/ros2_ws/install/natnet_ros2/include/natnet_ros2/natnet_ros2.hpp
[5.933s] -- Up-to-date symlink: /home/theo/drift/ros2_ws/install/natnet_ros2/include/natnet_ros2/nn_filter.hpp
[5.933s] -- Up-to-date symlink: /home/theo/drift/ros2_ws/install/natnet_ros2/include/natnet_ros2/object_data.hpp
[5.933s] -- Symlinking: /home/theo/drift/ros2_ws/install/natnet_ros2/share/ament_index/resource_index/package_run_dependencies/natnet_ros2
[5.937s] -- Symlinking: /home/theo/drift/ros2_ws/install/natnet_ros2/share/ament_index/resource_index/parent_prefix_path/natnet_ros2
[5.943s] -- Symlinking: /home/theo/drift/ros2_ws/install/natnet_ros2/share/natnet_ros2/environment/ament_prefix_path.sh
[5.946s] -- Symlinking: /home/theo/drift/ros2_ws/install/natnet_ros2/share/natnet_ros2/environment/ament_prefix_path.dsv
[5.950s] -- Symlinking: /home/theo/drift/ros2_ws/install/natnet_ros2/share/natnet_ros2/environment/path.sh
[5.954s] -- Symlinking: /home/theo/drift/ros2_ws/install/natnet_ros2/share/natnet_ros2/environment/path.dsv
[5.958s] -- Symlinking: /home/theo/drift/ros2_ws/install/natnet_ros2/share/natnet_ros2/local_setup.bash
[5.961s] -- Symlinking: /home/theo/drift/ros2_ws/install/natnet_ros2/share/natnet_ros2/local_setup.sh
[5.965s] -- Symlinking: /home/theo/drift/ros2_ws/install/natnet_ros2/share/natnet_ros2/local_setup.zsh
[5.969s] -- Symlinking: /home/theo/drift/ros2_ws/install/natnet_ros2/share/natnet_ros2/local_setup.dsv
[5.973s] -- Symlinking: /home/theo/drift/ros2_ws/install/natnet_ros2/share/natnet_ros2/package.dsv
[5.977s] -- Symlinking: /home/theo/drift/ros2_ws/install/natnet_ros2/share/ament_index/resource_index/packages/natnet_ros2
[5.980s] -- Symlinking: /home/theo/drift/ros2_ws/install/natnet_ros2/share/natnet_ros2/cmake/rosidl_cmake-extras.cmake
[5.984s] -- Symlinking: /home/theo/drift/ros2_ws/install/natnet_ros2/share/natnet_ros2/cmake/ament_cmake_export_dependencies-extras.cmake
[5.988s] -- Symlinking: /home/theo/drift/ros2_ws/install/natnet_ros2/share/natnet_ros2/cmake/ament_cmake_export_include_directories-extras.cmake
[5.991s] -- Symlinking: /home/theo/drift/ros2_ws/install/natnet_ros2/share/natnet_ros2/cmake/ament_cmake_export_libraries-extras.cmake
[5.996s] -- Symlinking: /home/theo/drift/ros2_ws/install/natnet_ros2/share/natnet_ros2/cmake/ament_cmake_export_targets-extras.cmake
[6.000s] -- Symlinking: /home/theo/drift/ros2_ws/install/natnet_ros2/share/natnet_ros2/cmake/rosidl_cmake_export_typesupport_targets-extras.cmake
[6.004s] -- Symlinking: /home/theo/drift/ros2_ws/install/natnet_ros2/share/natnet_ros2/cmake/rosidl_cmake_export_typesupport_libraries-extras.cmake
[6.008s] -- Symlinking: /home/theo/drift/ros2_ws/install/natnet_ros2/share/natnet_ros2/cmake/natnet_ros2Config.cmake
[6.012s] -- Symlinking: /home/theo/drift/ros2_ws/install/natnet_ros2/share/natnet_ros2/cmake/natnet_ros2Config-version.cmake
[6.015s] -- Symlinking: /home/theo/drift/ros2_ws/install/natnet_ros2/share/natnet_ros2/package.xml
[6.020s] -- Installing: /home/theo/drift/ros2_ws/install/natnet_ros2/lib/libnatnet_ros2__rosidl_generator_c.so
[6.020s] -- Set non-toolchain portion of runtime path of "/home/theo/drift/ros2_ws/install/natnet_ros2/lib/libnatnet_ros2__rosidl_generator_c.so" to ""
[6.020s] -- Installing: /home/theo/drift/ros2_ws/install/natnet_ros2/lib/libnatnet_ros2__rosidl_typesupport_fastrtps_c.so
[6.020s] -- Set non-toolchain portion of runtime path of "/home/theo/drift/ros2_ws/install/natnet_ros2/lib/libnatnet_ros2__rosidl_typesupport_fastrtps_c.so" to ""
[6.020s] -- Installing: /home/theo/drift/ros2_ws/install/natnet_ros2/lib/libnatnet_ros2__rosidl_typesupport_fastrtps_cpp.so
[6.020s] -- Set non-toolchain portion of runtime path of "/home/theo/drift/ros2_ws/install/natnet_ros2/lib/libnatnet_ros2__rosidl_typesupport_fastrtps_cpp.so" to ""
[6.020s] -- Installing: /home/theo/drift/ros2_ws/install/natnet_ros2/lib/libnatnet_ros2__rosidl_typesupport_introspection_c.so
[6.020s] -- Set non-toolchain portion of runtime path of "/home/theo/drift/ros2_ws/install/natnet_ros2/lib/libnatnet_ros2__rosidl_typesupport_introspection_c.so" to ""
[6.020s] -- Installing: /home/theo/drift/ros2_ws/install/natnet_ros2/lib/libnatnet_ros2__rosidl_typesupport_c.so
[6.020s] -- Set non-toolchain portion of runtime path of "/home/theo/drift/ros2_ws/install/natnet_ros2/lib/libnatnet_ros2__rosidl_typesupport_c.so" to ""
[6.021s] -- Installing: /home/theo/drift/ros2_ws/install/natnet_ros2/lib/libnatnet_ros2__rosidl_typesupport_introspection_cpp.so
[6.021s] -- Set non-toolchain portion of runtime path of "/home/theo/drift/ros2_ws/install/natnet_ros2/lib/libnatnet_ros2__rosidl_typesupport_introspection_cpp.so" to ""
[6.021s] -- Installing: /home/theo/drift/ros2_ws/install/natnet_ros2/lib/libnatnet_ros2__rosidl_typesupport_cpp.so
[6.022s] -- Set non-toolchain portion of runtime path of "/home/theo/drift/ros2_ws/install/natnet_ros2/lib/libnatnet_ros2__rosidl_typesupport_cpp.so" to ""
[6.049s] Listing '/home/theo/drift/ros2_ws/install/natnet_ros2/lib/python3.12/site-packages/natnet_ros2'...
[6.049s] Compiling '/home/theo/drift/ros2_ws/install/natnet_ros2/lib/python3.12/site-packages/natnet_ros2/__init__.py'...
[6.049s] Listing '/home/theo/drift/ros2_ws/install/natnet_ros2/lib/python3.12/site-packages/natnet_ros2/srv'...
[6.049s] Compiling '/home/theo/drift/ros2_ws/install/natnet_ros2/lib/python3.12/site-packages/natnet_ros2/srv/__init__.py'...
[6.049s] Compiling '/home/theo/drift/ros2_ws/install/natnet_ros2/lib/python3.12/site-packages/natnet_ros2/srv/_marker_poses.py'...
[6.052s] -- Installing: /home/theo/drift/ros2_ws/install/natnet_ros2/lib/libnatnet_ros2__rosidl_generator_py.so
[6.052s] -- Set non-toolchain portion of runtime path of "/home/theo/drift/ros2_ws/install/natnet_ros2/lib/libnatnet_ros2__rosidl_generator_py.so" to ""
[6.067s] Listing '/home/theo/drift/ros2_ws/install/natnet_ros2/lib/python3.12/site-packages/natnet_ros2_py'...
[6.067s] Compiling '/home/theo/drift/ros2_ws/install/natnet_ros2/lib/python3.12/site-packages/natnet_ros2_py/__init__.py'...
[6.067s] Compiling '/home/theo/drift/ros2_ws/install/natnet_ros2/lib/python3.12/site-packages/natnet_ros2_py/node_module.py'...
[6.070s] -- Installing: /home/theo/drift/ros2_ws/install/natnet_ros2/share/natnet_ros2/cmake/export_natnet_ros2__rosidl_generator_cExport.cmake
[6.070s] -- Installing: /home/theo/drift/ros2_ws/install/natnet_ros2/share/natnet_ros2/cmake/export_natnet_ros2__rosidl_generator_cExport-noconfig.cmake
[6.070s] -- Installing: /home/theo/drift/ros2_ws/install/natnet_ros2/share/natnet_ros2/cmake/export_natnet_ros2__rosidl_typesupport_fastrtps_cExport.cmake
[6.070s] -- Installing: /home/theo/drift/ros2_ws/install/natnet_ros2/share/natnet_ros2/cmake/export_natnet_ros2__rosidl_typesupport_fastrtps_cExport-noconfig.cmake
[6.070s] -- Installing: /home/theo/drift/ros2_ws/install/natnet_ros2/share/natnet_ros2/cmake/export_natnet_ros2__rosidl_generator_cppExport.cmake
[6.070s] -- Installing: /home/theo/drift/ros2_ws/install/natnet_ros2/share/natnet_ros2/cmake/export_natnet_ros2__rosidl_typesupport_fastrtps_cppExport.cmake
[6.070s] -- Installing: /home/theo/drift/ros2_ws/install/natnet_ros2/share/natnet_ros2/cmake/export_natnet_ros2__rosidl_typesupport_fastrtps_cppExport-noconfig.cmake
[6.070s] -- Installing: /home/theo/drift/ros2_ws/install/natnet_ros2/share/natnet_ros2/cmake/natnet_ros2__rosidl_typesupport_introspection_cExport.cmake
[6.070s] -- Installing: /home/theo/drift/ros2_ws/install/natnet_ros2/share/natnet_ros2/cmake/natnet_ros2__rosidl_typesupport_introspection_cExport-noconfig.cmake
[6.071s] -- Installing: /home/theo/drift/ros2_ws/install/natnet_ros2/share/natnet_ros2/cmake/natnet_ros2__rosidl_typesupport_cExport.cmake
[6.071s] -- Installing: /home/theo/drift/ros2_ws/install/natnet_ros2/share/natnet_ros2/cmake/natnet_ros2__rosidl_typesupport_cExport-noconfig.cmake
[6.071s] -- Installing: /home/theo/drift/ros2_ws/install/natnet_ros2/share/natnet_ros2/cmake/natnet_ros2__rosidl_typesupport_introspection_cppExport.cmake
[6.071s] -- Installing: /home/theo/drift/ros2_ws/install/natnet_ros2/share/natnet_ros2/cmake/natnet_ros2__rosidl_typesupport_introspection_cppExport-noconfig.cmake
[6.071s] -- Installing: /home/theo/drift/ros2_ws/install/natnet_ros2/share/natnet_ros2/cmake/natnet_ros2__rosidl_typesupport_cppExport.cmake
[6.071s] -- Installing: /home/theo/drift/ros2_ws/install/natnet_ros2/share/natnet_ros2/cmake/natnet_ros2__rosidl_typesupport_cppExport-noconfig.cmake
[6.071s] -- Installing: /home/theo/drift/ros2_ws/install/natnet_ros2/share/natnet_ros2/cmake/export_natnet_ros2__rosidl_generator_pyExport.cmake
[6.071s] -- Installing: /home/theo/drift/ros2_ws/install/natnet_ros2/share/natnet_ros2/cmake/export_natnet_ros2__rosidl_generator_pyExport-noconfig.cmake
[6.072s] Invoked command in '/home/theo/drift/ros2_ws/build/natnet_ros2' returned '0': CMAKE_PREFIX_PATH=${CMAKE_PREFIX_PATH}:/opt/ros/jazzy DEBUGINFOD_URLS=https://debuginfod.ubuntu.com /usr/bin/cmake --install /home/theo/drift/ros2_ws/build/natnet_ros2
