-- The C compiler identification is GNU 13.3.0
-- The CXX compiler identification is GNU 13.3.0
-- Detecting C compiler ABI info
-- Detecting C compiler ABI info - done
-- Check for working C compiler: /usr/bin/cc - skipped
-- Detecting C compile features
-- Detecting C compile features - done
-- Detecting CXX compiler ABI info
-- Detecting CXX compiler ABI info - done
-- Check for working CXX compiler: /usr/bin/c++ - skipped
-- Detecting CXX compile features
-- Detecting CXX compile features - done
-- Found ament_cmake: 2.5.5 (/opt/ros/jazzy/share/ament_cmake/cmake)
-- Found Python3: /usr/bin/python3 (found version "3.12.3") found components: Interpreter 
-- Override CMake install command with custom implementation using symlinks instead of copying resources
-- Found eigen3_cmake_module: 0.3.0 (/opt/ros/jazzy/share/eigen3_cmake_module/cmake)
-- Found Eigen3: TRUE (found version "3.4.0") 
-- Found geometry_msgs: 5.3.6 (/opt/ros/jazzy/share/geometry_msgs/cmake)
-- Found rosidl_generator_c: 4.6.7 (/opt/ros/jazzy/share/rosidl_generator_c/cmake)
-- Found rosidl_generator_cpp: 4.6.7 (/opt/ros/jazzy/share/rosidl_generator_cpp/cmake)
-- Using all available rosidl_typesupport_c: rosidl_typesupport_fastrtps_c;rosidl_typesupport_introspection_c
-- Using all available rosidl_typesupport_cpp: rosidl_typesupport_fastrtps_cpp;rosidl_typesupport_introspection_cpp
-- Found kdl_parser: 2.11.0 (/opt/ros/jazzy/share/kdl_parser/cmake)
-- Ensuring Eigen3 include directory is part of orocos-kdl CMake target
-- Found lbr_fri_idl: 1.5.0 (/home/theo/drift/ros2_ws/src/lbr-stack/install/lbr_fri_idl/share/lbr_fri_idl/cmake)
-- Found rclcpp: 28.1.16 (/opt/ros/jazzy/share/rclcpp/cmake)
-- Found rmw_implementation_cmake: 7.3.3 (/opt/ros/jazzy/share/rmw_implementation_cmake/cmake)
-- Found rmw_fastrtps_cpp: 8.4.3 (/opt/ros/jazzy/share/rmw_fastrtps_cpp/cmake)
-- Found OpenSSL: /usr/lib/aarch64-linux-gnu/libcrypto.so (found version "3.0.13")  
-- Found FastRTPS: /opt/ros/jazzy/include (Required is at least version "2.13") 
-- Using RMW implementation 'rmw_fastrtps_cpp' as default
-- Found realtime_tools: 3.10.1 (/opt/ros/jazzy/share/realtime_tools/cmake)
-- Found urdf: 2.10.0 (/opt/ros/jazzy/share/urdf/cmake)
-- Found ament_cmake_gtest: 2.5.5 (/opt/ros/jazzy/share/ament_cmake_gtest/cmake)
-- Found gtest sources under '/opt/ros/jazzy/src/gtest_vendor': C++ tests using 'Google Test' will be built
-- Found Threads: TRUE  
-- Configuring done (0.7s)
-- Generating done (0.0s)
-- Build files have been written to: /home/theo/drift/ros2_ws/src/lbr-stack/build/lbr_fri_ros2
[  9%] [32mBuilding CXX object gtest/CMakeFiles/gtest.dir/src/gtest-all.cc.o[0m
[  9%] [32mBuilding CXX object gtest/CMakeFiles/gtest_main.dir/src/gtest_main.cc.o[0m
[ 13%] [32mBuilding CXX object CMakeFiles/lbr_fri_ros2.dir/src/guards/command_guard.cpp.o[0m
[ 18%] [32mBuilding CXX object CMakeFiles/lbr_fri_ros2.dir/src/guards/state_guard.cpp.o[0m
[ 22%] [32m[1mLinking CXX static library libgtest_main.a[0m
[ 22%] Built target gtest_main
[ 27%] [32mBuilding CXX object CMakeFiles/lbr_fri_ros2.dir/src/interfaces/base_command.cpp.o[0m
[ 31%] [32mBuilding CXX object CMakeFiles/lbr_fri_ros2.dir/src/interfaces/position_command.cpp.o[0m
[ 36%] [32mBuilding CXX object CMakeFiles/lbr_fri_ros2.dir/src/interfaces/state.cpp.o[0m
[ 40%] [32mBuilding CXX object CMakeFiles/lbr_fri_ros2.dir/src/interfaces/torque_command.cpp.o[0m
[ 45%] [32mBuilding CXX object CMakeFiles/lbr_fri_ros2.dir/src/interfaces/wrench_command.cpp.o[0m
[ 50%] [32mBuilding CXX object CMakeFiles/lbr_fri_ros2.dir/src/app.cpp.o[0m
[ 54%] [32mBuilding CXX object CMakeFiles/lbr_fri_ros2.dir/src/async_client.cpp.o[0m
[ 59%] [32mBuilding CXX object CMakeFiles/lbr_fri_ros2.dir/src/control.cpp.o[0m
[ 63%] [32mBuilding CXX object CMakeFiles/lbr_fri_ros2.dir/src/filters.cpp.o[0m
[ 68%] [32mBuilding CXX object CMakeFiles/lbr_fri_ros2.dir/src/kinematics.cpp.o[0m
[ 72%] [32mBuilding CXX object CMakeFiles/lbr_fri_ros2.dir/src/math.cpp.o[0m
[ 77%] [32mBuilding CXX object CMakeFiles/lbr_fri_ros2.dir/src/worker.cpp.o[0m
[ 81%] [32mBuilding CXX object CMakeFiles/lbr_fri_ros2.dir/src/wrench_estimator.cpp.o[0m
[ 86%] [32m[1mLinking CXX static library libgtest.a[0m
[ 86%] Built target gtest
[ 90%] [32m[1mLinking CXX shared library liblbr_fri_ros2.so[0m
[ 90%] Built target lbr_fri_ros2
[ 95%] [32mBuilding CXX object CMakeFiles/test_command_interfaces.dir/test/test_command_interfaces.cpp.o[0m
[100%] [32m[1mLinking CXX executable test_command_interfaces[0m
[100%] Built target test_command_interfaces
-- Install configuration: "Release"
-- Execute custom install script
-- Symlinking: /home/theo/drift/ros2_ws/src/lbr-stack/install/lbr_fri_ros2/share/lbr_fri_ros2/environment/library_path.sh
-- Symlinking: /home/theo/drift/ros2_ws/src/lbr-stack/install/lbr_fri_ros2/share/lbr_fri_ros2/environment/library_path.dsv
-- Symlinking: /home/theo/drift/ros2_ws/src/lbr-stack/install/lbr_fri_ros2/include/lbr_fri_ros2/app.hpp
-- Symlinking: /home/theo/drift/ros2_ws/src/lbr-stack/install/lbr_fri_ros2/include/lbr_fri_ros2/async_client.hpp
-- Symlinking: /home/theo/drift/ros2_ws/src/lbr-stack/install/lbr_fri_ros2/include/lbr_fri_ros2/control.hpp
-- Symlinking: /home/theo/drift/ros2_ws/src/lbr-stack/install/lbr_fri_ros2/include/lbr_fri_ros2/filters.hpp
-- Symlinking: /home/theo/drift/ros2_ws/src/lbr-stack/install/lbr_fri_ros2/include/lbr_fri_ros2/formatting.hpp
-- Symlinking: /home/theo/drift/ros2_ws/src/lbr-stack/install/lbr_fri_ros2/include/lbr_fri_ros2/guards/command_guard.hpp
-- Symlinking: /home/theo/drift/ros2_ws/src/lbr-stack/install/lbr_fri_ros2/include/lbr_fri_ros2/guards/state_guard.hpp
-- Symlinking: /home/theo/drift/ros2_ws/src/lbr-stack/install/lbr_fri_ros2/include/lbr_fri_ros2/interfaces/base_command.hpp
-- Symlinking: /home/theo/drift/ros2_ws/src/lbr-stack/install/lbr_fri_ros2/include/lbr_fri_ros2/interfaces/position_command.hpp
-- Symlinking: /home/theo/drift/ros2_ws/src/lbr-stack/install/lbr_fri_ros2/include/lbr_fri_ros2/interfaces/state.hpp
-- Symlinking: /home/theo/drift/ros2_ws/src/lbr-stack/install/lbr_fri_ros2/include/lbr_fri_ros2/interfaces/torque_command.hpp
-- Symlinking: /home/theo/drift/ros2_ws/src/lbr-stack/install/lbr_fri_ros2/include/lbr_fri_ros2/interfaces/wrench_command.hpp
-- Symlinking: /home/theo/drift/ros2_ws/src/lbr-stack/install/lbr_fri_ros2/include/lbr_fri_ros2/kinematics.hpp
-- Symlinking: /home/theo/drift/ros2_ws/src/lbr-stack/install/lbr_fri_ros2/include/lbr_fri_ros2/math.hpp
-- Symlinking: /home/theo/drift/ros2_ws/src/lbr-stack/install/lbr_fri_ros2/include/lbr_fri_ros2/pinv.hpp
-- Symlinking: /home/theo/drift/ros2_ws/src/lbr-stack/install/lbr_fri_ros2/include/lbr_fri_ros2/types.hpp
-- Symlinking: /home/theo/drift/ros2_ws/src/lbr-stack/install/lbr_fri_ros2/include/lbr_fri_ros2/utils.hpp
-- Symlinking: /home/theo/drift/ros2_ws/src/lbr-stack/install/lbr_fri_ros2/include/lbr_fri_ros2/worker.hpp
-- Symlinking: /home/theo/drift/ros2_ws/src/lbr-stack/install/lbr_fri_ros2/include/lbr_fri_ros2/wrench_estimator.hpp
-- Symlinking: /home/theo/drift/ros2_ws/src/lbr-stack/install/lbr_fri_ros2/share/ament_index/resource_index/package_run_dependencies/lbr_fri_ros2
-- Symlinking: /home/theo/drift/ros2_ws/src/lbr-stack/install/lbr_fri_ros2/share/ament_index/resource_index/parent_prefix_path/lbr_fri_ros2
-- Symlinking: /home/theo/drift/ros2_ws/src/lbr-stack/install/lbr_fri_ros2/share/lbr_fri_ros2/environment/ament_prefix_path.sh
-- Symlinking: /home/theo/drift/ros2_ws/src/lbr-stack/install/lbr_fri_ros2/share/lbr_fri_ros2/environment/ament_prefix_path.dsv
-- Symlinking: /home/theo/drift/ros2_ws/src/lbr-stack/install/lbr_fri_ros2/share/lbr_fri_ros2/environment/path.sh
-- Symlinking: /home/theo/drift/ros2_ws/src/lbr-stack/install/lbr_fri_ros2/share/lbr_fri_ros2/environment/path.dsv
-- Symlinking: /home/theo/drift/ros2_ws/src/lbr-stack/install/lbr_fri_ros2/share/lbr_fri_ros2/local_setup.bash
-- Symlinking: /home/theo/drift/ros2_ws/src/lbr-stack/install/lbr_fri_ros2/share/lbr_fri_ros2/local_setup.sh
-- Symlinking: /home/theo/drift/ros2_ws/src/lbr-stack/install/lbr_fri_ros2/share/lbr_fri_ros2/local_setup.zsh
-- Symlinking: /home/theo/drift/ros2_ws/src/lbr-stack/install/lbr_fri_ros2/share/lbr_fri_ros2/local_setup.dsv
-- Symlinking: /home/theo/drift/ros2_ws/src/lbr-stack/install/lbr_fri_ros2/share/lbr_fri_ros2/package.dsv
-- Symlinking: /home/theo/drift/ros2_ws/src/lbr-stack/install/lbr_fri_ros2/share/ament_index/resource_index/packages/lbr_fri_ros2
-- Symlinking: /home/theo/drift/ros2_ws/src/lbr-stack/install/lbr_fri_ros2/share/lbr_fri_ros2/cmake/ament_cmake_export_targets-extras.cmake
-- Symlinking: /home/theo/drift/ros2_ws/src/lbr-stack/install/lbr_fri_ros2/share/lbr_fri_ros2/cmake/ament_cmake_export_dependencies-extras.cmake
-- Symlinking: /home/theo/drift/ros2_ws/src/lbr-stack/install/lbr_fri_ros2/share/lbr_fri_ros2/cmake/lbr_fri_ros2Config.cmake
-- Symlinking: /home/theo/drift/ros2_ws/src/lbr-stack/install/lbr_fri_ros2/share/lbr_fri_ros2/cmake/lbr_fri_ros2Config-version.cmake
-- Symlinking: /home/theo/drift/ros2_ws/src/lbr-stack/install/lbr_fri_ros2/share/lbr_fri_ros2/package.xml
-- Installing: /home/theo/drift/ros2_ws/src/lbr-stack/install/lbr_fri_ros2/lib/liblbr_fri_ros2.so
-- Set non-toolchain portion of runtime path of "/home/theo/drift/ros2_ws/src/lbr-stack/install/lbr_fri_ros2/lib/liblbr_fri_ros2.so" to ""
-- Installing: /home/theo/drift/ros2_ws/src/lbr-stack/install/lbr_fri_ros2/share/lbr_fri_ros2/cmake/lbr_fri_ros2_exportExport.cmake
-- Installing: /home/theo/drift/ros2_ws/src/lbr-stack/install/lbr_fri_ros2/share/lbr_fri_ros2/cmake/lbr_fri_ros2_exportExport-release.cmake
