[0.006s] Invoking command in '/home/theo/drift/ros2_ws/src/lbr-stack/build/lbr_fri_ros2': AMENT_PREFIX_PATH=/home/theo/drift/ros2_ws/src/lbr-stack/install/lbr_fri_idl:${AMENT_PREFIX_PATH} CMAKE_PREFIX_PATH=/home/theo/drift/ros2_ws/src/lbr-stack/install/lbr_fri_idl:/home/theo/drift/ros2_ws/src/lbr-stack/install/fri_client_sdk:/opt/ros/jazzy/opt/gz_sim_vendor:/opt/ros/jazzy/opt/gz_sensors_vendor:/opt/ros/jazzy/opt/gz_physics_vendor:/opt/ros/jazzy/opt/gz_gui_vendor:/opt/ros/jazzy/opt/gz_transport_vendor:/opt/ros/jazzy/opt/gz_rendering_vendor:/opt/ros/jazzy/opt/gz_plugin_vendor:/opt/ros/jazzy/opt/gz_fuel_tools_vendor:/opt/ros/jazzy/opt/gz_msgs_vendor:/opt/ros/jazzy/opt/gz_common_vendor:/opt/ros/jazzy/opt/gz_ogre_next_vendor:/opt/ros/jazzy/opt/gz_dartsim_vendor:/opt/ros/jazzy/opt/sdformat_vendor:/opt/ros/jazzy/opt/gz_math_vendor:/opt/ros/jazzy/opt/gz_utils_vendor:/opt/ros/jazzy/opt/gz_tools_vendor:/opt/ros/jazzy/opt/gz_cmake_vendor:/home/theo/drift/ros2_ws/install/my_package:/opt/ros/jazzy DEBUGINFOD_URLS=https://debuginfod.ubuntu.com LD_LIBRARY_PATH=/home/theo/drift/ros2_ws/src/lbr-stack/install/lbr_fri_idl/lib:/home/theo/drift/ros2_ws/src/lbr-stack/install/fri_client_sdk/lib:${LD_LIBRARY_PATH} PKG_CONFIG_PATH=/home/theo/drift/ros2_ws/src/lbr-stack/install/fri_client_sdk/lib/aarch64-linux-gnu/pkgconfig:/home/theo/drift/ros2_ws/src/lbr-stack/install/fri_client_sdk/lib/pkgconfig PYTHONPATH=/home/theo/drift/ros2_ws/src/lbr-stack/install/lbr_fri_idl/lib/python3.12/site-packages:${PYTHONPATH} /usr/bin/cmake /home/theo/drift/ros2_ws/src/lbr-stack/src/lbr_fri_ros2_stack/lbr_fri_ros2 -DAMENT_CMAKE_SYMLINK_INSTALL=1 -DCMAKE_INSTALL_PREFIX=/home/theo/drift/ros2_ws/src/lbr-stack/install/lbr_fri_ros2
[0.037s] -- The C compiler identification is GNU 13.3.0
[0.064s] -- The CXX compiler identification is GNU 13.3.0
[0.075s] -- Detecting C compiler ABI info
[0.113s] -- Detecting C compiler ABI info - done
[0.118s] -- Check for working C compiler: /usr/bin/cc - skipped
[0.118s] -- Detecting C compile features
[0.118s] -- Detecting C compile features - done
[0.122s] -- Detecting CXX compiler ABI info
[0.168s] -- Detecting CXX compiler ABI info - done
[0.174s] -- Check for working CXX compiler: /usr/bin/c++ - skipped
[0.174s] -- Detecting CXX compile features
[0.174s] -- Detecting CXX compile features - done
[0.186s] -- Found ament_cmake: 2.5.5 (/opt/ros/jazzy/share/ament_cmake/cmake)
[0.258s] -- Found Python3: /usr/bin/python3 (found version "3.12.3") found components: Interpreter 
[0.297s] -- Override CMake install command with custom implementation using symlinks instead of copying resources
[0.327s] -- Found eigen3_cmake_module: 0.3.0 (/opt/ros/jazzy/share/eigen3_cmake_module/cmake)
[0.332s] -- Found Eigen3: TRUE (found version "3.4.0") 
[0.334s] -- Found geometry_msgs: 5.3.6 (/opt/ros/jazzy/share/geometry_msgs/cmake)
[0.363s] -- Found rosidl_generator_c: 4.6.7 (/opt/ros/jazzy/share/rosidl_generator_c/cmake)
[0.373s] -- Found rosidl_generator_cpp: 4.6.7 (/opt/ros/jazzy/share/rosidl_generator_cpp/cmake)
[0.384s] -- Using all available rosidl_typesupport_c: rosidl_typesupport_fastrtps_c;rosidl_typesupport_introspection_c
[0.397s] -- Using all available rosidl_typesupport_cpp: rosidl_typesupport_fastrtps_cpp;rosidl_typesupport_introspection_cpp
[0.421s] -- Found kdl_parser: 2.11.0 (/opt/ros/jazzy/share/kdl_parser/cmake)
[0.428s] -- Ensuring Eigen3 include directory is part of orocos-kdl CMake target
[0.429s] -- Found lbr_fri_idl: 1.5.0 (/home/theo/drift/ros2_ws/src/lbr-stack/install/lbr_fri_idl/share/lbr_fri_idl/cmake)
[0.436s] -- Found rclcpp: 28.1.16 (/opt/ros/jazzy/share/rclcpp/cmake)
[0.476s] -- Found rmw_implementation_cmake: 7.3.3 (/opt/ros/jazzy/share/rmw_implementation_cmake/cmake)
[0.478s] -- Found rmw_fastrtps_cpp: 8.4.3 (/opt/ros/jazzy/share/rmw_fastrtps_cpp/cmake)
[0.519s] -- Found OpenSSL: /usr/lib/aarch64-linux-gnu/libcrypto.so (found version "3.0.13")  
[0.530s] -- Found FastRTPS: /opt/ros/jazzy/include (Required is at least version "2.13") 
[0.540s] -- Using RMW implementation 'rmw_fastrtps_cpp' as default
[0.581s] -- Found realtime_tools: 3.10.1 (/opt/ros/jazzy/share/realtime_tools/cmake)
[0.659s] -- Found urdf: 2.10.0 (/opt/ros/jazzy/share/urdf/cmake)
[0.679s] -- Found ament_cmake_gtest: 2.5.5 (/opt/ros/jazzy/share/ament_cmake_gtest/cmake)
[0.681s] -- Found gtest sources under '/opt/ros/jazzy/src/gtest_vendor': C++ tests using 'Google Test' will be built
[0.683s] -- Found Threads: TRUE  
[0.737s] -- Configuring done (0.7s)
[0.747s] -- Generating done (0.0s)
[0.750s] -- Build files have been written to: /home/theo/drift/ros2_ws/src/lbr-stack/build/lbr_fri_ros2
[0.756s] Invoked command in '/home/theo/drift/ros2_ws/src/lbr-stack/build/lbr_fri_ros2' returned '0': AMENT_PREFIX_PATH=/home/theo/drift/ros2_ws/src/lbr-stack/install/lbr_fri_idl:${AMENT_PREFIX_PATH} CMAKE_PREFIX_PATH=/home/theo/drift/ros2_ws/src/lbr-stack/install/lbr_fri_idl:/home/theo/drift/ros2_ws/src/lbr-stack/install/fri_client_sdk:/opt/ros/jazzy/opt/gz_sim_vendor:/opt/ros/jazzy/opt/gz_sensors_vendor:/opt/ros/jazzy/opt/gz_physics_vendor:/opt/ros/jazzy/opt/gz_gui_vendor:/opt/ros/jazzy/opt/gz_transport_vendor:/opt/ros/jazzy/opt/gz_rendering_vendor:/opt/ros/jazzy/opt/gz_plugin_vendor:/opt/ros/jazzy/opt/gz_fuel_tools_vendor:/opt/ros/jazzy/opt/gz_msgs_vendor:/opt/ros/jazzy/opt/gz_common_vendor:/opt/ros/jazzy/opt/gz_ogre_next_vendor:/opt/ros/jazzy/opt/gz_dartsim_vendor:/opt/ros/jazzy/opt/sdformat_vendor:/opt/ros/jazzy/opt/gz_math_vendor:/opt/ros/jazzy/opt/gz_utils_vendor:/opt/ros/jazzy/opt/gz_tools_vendor:/opt/ros/jazzy/opt/gz_cmake_vendor:/home/theo/drift/ros2_ws/install/my_package:/opt/ros/jazzy DEBUGINFOD_URLS=https://debuginfod.ubuntu.com LD_LIBRARY_PATH=/home/theo/drift/ros2_ws/src/lbr-stack/install/lbr_fri_idl/lib:/home/theo/drift/ros2_ws/src/lbr-stack/install/fri_client_sdk/lib:${LD_LIBRARY_PATH} PKG_CONFIG_PATH=/home/theo/drift/ros2_ws/src/lbr-stack/install/fri_client_sdk/lib/aarch64-linux-gnu/pkgconfig:/home/theo/drift/ros2_ws/src/lbr-stack/install/fri_client_sdk/lib/pkgconfig PYTHONPATH=/home/theo/drift/ros2_ws/src/lbr-stack/install/lbr_fri_idl/lib/python3.12/site-packages:${PYTHONPATH} /usr/bin/cmake /home/theo/drift/ros2_ws/src/lbr-stack/src/lbr_fri_ros2_stack/lbr_fri_ros2 -DAMENT_CMAKE_SYMLINK_INSTALL=1 -DCMAKE_INSTALL_PREFIX=/home/theo/drift/ros2_ws/src/lbr-stack/install/lbr_fri_ros2
[0.757s] Invoking command in '/home/theo/drift/ros2_ws/src/lbr-stack/build/lbr_fri_ros2': AMENT_PREFIX_PATH=/home/theo/drift/ros2_ws/src/lbr-stack/install/lbr_fri_idl:${AMENT_PREFIX_PATH} CMAKE_PREFIX_PATH=/home/theo/drift/ros2_ws/src/lbr-stack/install/lbr_fri_idl:/home/theo/drift/ros2_ws/src/lbr-stack/install/fri_client_sdk:/opt/ros/jazzy/opt/gz_sim_vendor:/opt/ros/jazzy/opt/gz_sensors_vendor:/opt/ros/jazzy/opt/gz_physics_vendor:/opt/ros/jazzy/opt/gz_gui_vendor:/opt/ros/jazzy/opt/gz_transport_vendor:/opt/ros/jazzy/opt/gz_rendering_vendor:/opt/ros/jazzy/opt/gz_plugin_vendor:/opt/ros/jazzy/opt/gz_fuel_tools_vendor:/opt/ros/jazzy/opt/gz_msgs_vendor:/opt/ros/jazzy/opt/gz_common_vendor:/opt/ros/jazzy/opt/gz_ogre_next_vendor:/opt/ros/jazzy/opt/gz_dartsim_vendor:/opt/ros/jazzy/opt/sdformat_vendor:/opt/ros/jazzy/opt/gz_math_vendor:/opt/ros/jazzy/opt/gz_utils_vendor:/opt/ros/jazzy/opt/gz_tools_vendor:/opt/ros/jazzy/opt/gz_cmake_vendor:/home/theo/drift/ros2_ws/install/my_package:/opt/ros/jazzy DEBUGINFOD_URLS=https://debuginfod.ubuntu.com LD_LIBRARY_PATH=/home/theo/drift/ros2_ws/src/lbr-stack/install/lbr_fri_idl/lib:/home/theo/drift/ros2_ws/src/lbr-stack/install/fri_client_sdk/lib:${LD_LIBRARY_PATH} PKG_CONFIG_PATH=/home/theo/drift/ros2_ws/src/lbr-stack/install/fri_client_sdk/lib/aarch64-linux-gnu/pkgconfig:/home/theo/drift/ros2_ws/src/lbr-stack/install/fri_client_sdk/lib/pkgconfig PYTHONPATH=/home/theo/drift/ros2_ws/src/lbr-stack/install/lbr_fri_idl/lib/python3.12/site-packages:${PYTHONPATH} /usr/bin/cmake --build /home/theo/drift/ros2_ws/src/lbr-stack/build/lbr_fri_ros2 -- -j4 -l4
[0.779s] [  9%] [32mBuilding CXX object gtest/CMakeFiles/gtest.dir/src/gtest-all.cc.o[0m
[0.779s] [  9%] [32mBuilding CXX object gtest/CMakeFiles/gtest_main.dir/src/gtest_main.cc.o[0m
[0.779s] [ 13%] [32mBuilding CXX object CMakeFiles/lbr_fri_ros2.dir/src/guards/command_guard.cpp.o[0m
[0.780s] [ 18%] [32mBuilding CXX object CMakeFiles/lbr_fri_ros2.dir/src/guards/state_guard.cpp.o[0m
[1.223s] [ 22%] [32m[1mLinking CXX static library libgtest_main.a[0m
[1.276s] [ 22%] Built target gtest_main
[1.277s] [ 27%] [32mBuilding CXX object CMakeFiles/lbr_fri_ros2.dir/src/interfaces/base_command.cpp.o[0m
[1.282s] [ 31%] [32mBuilding CXX object CMakeFiles/lbr_fri_ros2.dir/src/interfaces/position_command.cpp.o[0m
[1.522s] [ 36%] [32mBuilding CXX object CMakeFiles/lbr_fri_ros2.dir/src/interfaces/state.cpp.o[0m
[1.717s] [ 40%] [32mBuilding CXX object CMakeFiles/lbr_fri_ros2.dir/src/interfaces/torque_command.cpp.o[0m
[1.806s] [ 45%] [32mBuilding CXX object CMakeFiles/lbr_fri_ros2.dir/src/interfaces/wrench_command.cpp.o[0m
[2.083s] [ 50%] [32mBuilding CXX object CMakeFiles/lbr_fri_ros2.dir/src/app.cpp.o[0m
[2.291s] [ 54%] [32mBuilding CXX object CMakeFiles/lbr_fri_ros2.dir/src/async_client.cpp.o[0m
[2.345s] [ 59%] [32mBuilding CXX object CMakeFiles/lbr_fri_ros2.dir/src/control.cpp.o[0m
[3.022s] [ 63%] [32mBuilding CXX object CMakeFiles/lbr_fri_ros2.dir/src/filters.cpp.o[0m
[3.099s] [ 68%] [32mBuilding CXX object CMakeFiles/lbr_fri_ros2.dir/src/kinematics.cpp.o[0m
[3.465s] [ 72%] [32mBuilding CXX object CMakeFiles/lbr_fri_ros2.dir/src/math.cpp.o[0m
[3.715s] [ 77%] [32mBuilding CXX object CMakeFiles/lbr_fri_ros2.dir/src/worker.cpp.o[0m
[4.204s] [ 81%] [32mBuilding CXX object CMakeFiles/lbr_fri_ros2.dir/src/wrench_estimator.cpp.o[0m
[5.312s] [ 86%] [32m[1mLinking CXX static library libgtest.a[0m
[5.331s] [ 86%] Built target gtest
[10.122s] [ 90%] [32m[1mLinking CXX shared library liblbr_fri_ros2.so[0m
[10.251s] [ 90%] Built target lbr_fri_ros2
[10.261s] [ 95%] [32mBuilding CXX object CMakeFiles/test_command_interfaces.dir/test/test_command_interfaces.cpp.o[0m
[11.221s] [100%] [32m[1mLinking CXX executable test_command_interfaces[0m
[11.299s] [100%] Built target test_command_interfaces
[11.305s] Invoked command in '/home/theo/drift/ros2_ws/src/lbr-stack/build/lbr_fri_ros2' returned '0': AMENT_PREFIX_PATH=/home/theo/drift/ros2_ws/src/lbr-stack/install/lbr_fri_idl:${AMENT_PREFIX_PATH} CMAKE_PREFIX_PATH=/home/theo/drift/ros2_ws/src/lbr-stack/install/lbr_fri_idl:/home/theo/drift/ros2_ws/src/lbr-stack/install/fri_client_sdk:/opt/ros/jazzy/opt/gz_sim_vendor:/opt/ros/jazzy/opt/gz_sensors_vendor:/opt/ros/jazzy/opt/gz_physics_vendor:/opt/ros/jazzy/opt/gz_gui_vendor:/opt/ros/jazzy/opt/gz_transport_vendor:/opt/ros/jazzy/opt/gz_rendering_vendor:/opt/ros/jazzy/opt/gz_plugin_vendor:/opt/ros/jazzy/opt/gz_fuel_tools_vendor:/opt/ros/jazzy/opt/gz_msgs_vendor:/opt/ros/jazzy/opt/gz_common_vendor:/opt/ros/jazzy/opt/gz_ogre_next_vendor:/opt/ros/jazzy/opt/gz_dartsim_vendor:/opt/ros/jazzy/opt/sdformat_vendor:/opt/ros/jazzy/opt/gz_math_vendor:/opt/ros/jazzy/opt/gz_utils_vendor:/opt/ros/jazzy/opt/gz_tools_vendor:/opt/ros/jazzy/opt/gz_cmake_vendor:/home/theo/drift/ros2_ws/install/my_package:/opt/ros/jazzy DEBUGINFOD_URLS=https://debuginfod.ubuntu.com LD_LIBRARY_PATH=/home/theo/drift/ros2_ws/src/lbr-stack/install/lbr_fri_idl/lib:/home/theo/drift/ros2_ws/src/lbr-stack/install/fri_client_sdk/lib:${LD_LIBRARY_PATH} PKG_CONFIG_PATH=/home/theo/drift/ros2_ws/src/lbr-stack/install/fri_client_sdk/lib/aarch64-linux-gnu/pkgconfig:/home/theo/drift/ros2_ws/src/lbr-stack/install/fri_client_sdk/lib/pkgconfig PYTHONPATH=/home/theo/drift/ros2_ws/src/lbr-stack/install/lbr_fri_idl/lib/python3.12/site-packages:${PYTHONPATH} /usr/bin/cmake --build /home/theo/drift/ros2_ws/src/lbr-stack/build/lbr_fri_ros2 -- -j4 -l4
[11.306s] Invoking command in '/home/theo/drift/ros2_ws/src/lbr-stack/build/lbr_fri_ros2': AMENT_PREFIX_PATH=/home/theo/drift/ros2_ws/src/lbr-stack/install/lbr_fri_idl:${AMENT_PREFIX_PATH} CMAKE_PREFIX_PATH=/home/theo/drift/ros2_ws/src/lbr-stack/install/lbr_fri_idl:/home/theo/drift/ros2_ws/src/lbr-stack/install/fri_client_sdk:/opt/ros/jazzy/opt/gz_sim_vendor:/opt/ros/jazzy/opt/gz_sensors_vendor:/opt/ros/jazzy/opt/gz_physics_vendor:/opt/ros/jazzy/opt/gz_gui_vendor:/opt/ros/jazzy/opt/gz_transport_vendor:/opt/ros/jazzy/opt/gz_rendering_vendor:/opt/ros/jazzy/opt/gz_plugin_vendor:/opt/ros/jazzy/opt/gz_fuel_tools_vendor:/opt/ros/jazzy/opt/gz_msgs_vendor:/opt/ros/jazzy/opt/gz_common_vendor:/opt/ros/jazzy/opt/gz_ogre_next_vendor:/opt/ros/jazzy/opt/gz_dartsim_vendor:/opt/ros/jazzy/opt/sdformat_vendor:/opt/ros/jazzy/opt/gz_math_vendor:/opt/ros/jazzy/opt/gz_utils_vendor:/opt/ros/jazzy/opt/gz_tools_vendor:/opt/ros/jazzy/opt/gz_cmake_vendor:/home/theo/drift/ros2_ws/install/my_package:/opt/ros/jazzy DEBUGINFOD_URLS=https://debuginfod.ubuntu.com LD_LIBRARY_PATH=/home/theo/drift/ros2_ws/src/lbr-stack/install/lbr_fri_idl/lib:/home/theo/drift/ros2_ws/src/lbr-stack/install/fri_client_sdk/lib:${LD_LIBRARY_PATH} PKG_CONFIG_PATH=/home/theo/drift/ros2_ws/src/lbr-stack/install/fri_client_sdk/lib/aarch64-linux-gnu/pkgconfig:/home/theo/drift/ros2_ws/src/lbr-stack/install/fri_client_sdk/lib/pkgconfig PYTHONPATH=/home/theo/drift/ros2_ws/src/lbr-stack/install/lbr_fri_idl/lib/python3.12/site-packages:${PYTHONPATH} /usr/bin/cmake --install /home/theo/drift/ros2_ws/src/lbr-stack/build/lbr_fri_ros2
[11.317s] -- Install configuration: "Release"
[11.317s] -- Execute custom install script
[11.317s] -- Symlinking: /home/theo/drift/ros2_ws/src/lbr-stack/install/lbr_fri_ros2/share/lbr_fri_ros2/environment/library_path.sh
[11.321s] -- Symlinking: /home/theo/drift/ros2_ws/src/lbr-stack/install/lbr_fri_ros2/share/lbr_fri_ros2/environment/library_path.dsv
[11.326s] -- Symlinking: /home/theo/drift/ros2_ws/src/lbr-stack/install/lbr_fri_ros2/include/lbr_fri_ros2/app.hpp
[11.329s] -- Symlinking: /home/theo/drift/ros2_ws/src/lbr-stack/install/lbr_fri_ros2/include/lbr_fri_ros2/async_client.hpp
[11.333s] -- Symlinking: /home/theo/drift/ros2_ws/src/lbr-stack/install/lbr_fri_ros2/include/lbr_fri_ros2/control.hpp
[11.338s] -- Symlinking: /home/theo/drift/ros2_ws/src/lbr-stack/install/lbr_fri_ros2/include/lbr_fri_ros2/filters.hpp
[11.341s] -- Symlinking: /home/theo/drift/ros2_ws/src/lbr-stack/install/lbr_fri_ros2/include/lbr_fri_ros2/formatting.hpp
[11.345s] -- Symlinking: /home/theo/drift/ros2_ws/src/lbr-stack/install/lbr_fri_ros2/include/lbr_fri_ros2/guards/command_guard.hpp
[11.349s] -- Symlinking: /home/theo/drift/ros2_ws/src/lbr-stack/install/lbr_fri_ros2/include/lbr_fri_ros2/guards/state_guard.hpp
[11.354s] -- Symlinking: /home/theo/drift/ros2_ws/src/lbr-stack/install/lbr_fri_ros2/include/lbr_fri_ros2/interfaces/base_command.hpp
[11.358s] -- Symlinking: /home/theo/drift/ros2_ws/src/lbr-stack/install/lbr_fri_ros2/include/lbr_fri_ros2/interfaces/position_command.hpp
[11.362s] -- Symlinking: /home/theo/drift/ros2_ws/src/lbr-stack/install/lbr_fri_ros2/include/lbr_fri_ros2/interfaces/state.hpp
[11.366s] -- Symlinking: /home/theo/drift/ros2_ws/src/lbr-stack/install/lbr_fri_ros2/include/lbr_fri_ros2/interfaces/torque_command.hpp
[11.370s] -- Symlinking: /home/theo/drift/ros2_ws/src/lbr-stack/install/lbr_fri_ros2/include/lbr_fri_ros2/interfaces/wrench_command.hpp
[11.374s] -- Symlinking: /home/theo/drift/ros2_ws/src/lbr-stack/install/lbr_fri_ros2/include/lbr_fri_ros2/kinematics.hpp
[11.378s] -- Symlinking: /home/theo/drift/ros2_ws/src/lbr-stack/install/lbr_fri_ros2/include/lbr_fri_ros2/math.hpp
[11.381s] -- Symlinking: /home/theo/drift/ros2_ws/src/lbr-stack/install/lbr_fri_ros2/include/lbr_fri_ros2/pinv.hpp
[11.385s] -- Symlinking: /home/theo/drift/ros2_ws/src/lbr-stack/install/lbr_fri_ros2/include/lbr_fri_ros2/types.hpp
[11.389s] -- Symlinking: /home/theo/drift/ros2_ws/src/lbr-stack/install/lbr_fri_ros2/include/lbr_fri_ros2/utils.hpp
[11.392s] -- Symlinking: /home/theo/drift/ros2_ws/src/lbr-stack/install/lbr_fri_ros2/include/lbr_fri_ros2/worker.hpp
[11.396s] -- Symlinking: /home/theo/drift/ros2_ws/src/lbr-stack/install/lbr_fri_ros2/include/lbr_fri_ros2/wrench_estimator.hpp
[11.399s] -- Symlinking: /home/theo/drift/ros2_ws/src/lbr-stack/install/lbr_fri_ros2/share/ament_index/resource_index/package_run_dependencies/lbr_fri_ros2
[11.403s] -- Symlinking: /home/theo/drift/ros2_ws/src/lbr-stack/install/lbr_fri_ros2/share/ament_index/resource_index/parent_prefix_path/lbr_fri_ros2
[11.406s] -- Symlinking: /home/theo/drift/ros2_ws/src/lbr-stack/install/lbr_fri_ros2/share/lbr_fri_ros2/environment/ament_prefix_path.sh
[11.409s] -- Symlinking: /home/theo/drift/ros2_ws/src/lbr-stack/install/lbr_fri_ros2/share/lbr_fri_ros2/environment/ament_prefix_path.dsv
[11.413s] -- Symlinking: /home/theo/drift/ros2_ws/src/lbr-stack/install/lbr_fri_ros2/share/lbr_fri_ros2/environment/path.sh
[11.416s] -- Symlinking: /home/theo/drift/ros2_ws/src/lbr-stack/install/lbr_fri_ros2/share/lbr_fri_ros2/environment/path.dsv
[11.420s] -- Symlinking: /home/theo/drift/ros2_ws/src/lbr-stack/install/lbr_fri_ros2/share/lbr_fri_ros2/local_setup.bash
[11.425s] -- Symlinking: /home/theo/drift/ros2_ws/src/lbr-stack/install/lbr_fri_ros2/share/lbr_fri_ros2/local_setup.sh
[11.427s] -- Symlinking: /home/theo/drift/ros2_ws/src/lbr-stack/install/lbr_fri_ros2/share/lbr_fri_ros2/local_setup.zsh
[11.431s] -- Symlinking: /home/theo/drift/ros2_ws/src/lbr-stack/install/lbr_fri_ros2/share/lbr_fri_ros2/local_setup.dsv
[11.434s] -- Symlinking: /home/theo/drift/ros2_ws/src/lbr-stack/install/lbr_fri_ros2/share/lbr_fri_ros2/package.dsv
[11.438s] -- Symlinking: /home/theo/drift/ros2_ws/src/lbr-stack/install/lbr_fri_ros2/share/ament_index/resource_index/packages/lbr_fri_ros2
[11.442s] -- Symlinking: /home/theo/drift/ros2_ws/src/lbr-stack/install/lbr_fri_ros2/share/lbr_fri_ros2/cmake/ament_cmake_export_targets-extras.cmake
[11.445s] -- Symlinking: /home/theo/drift/ros2_ws/src/lbr-stack/install/lbr_fri_ros2/share/lbr_fri_ros2/cmake/ament_cmake_export_dependencies-extras.cmake
[11.448s] -- Symlinking: /home/theo/drift/ros2_ws/src/lbr-stack/install/lbr_fri_ros2/share/lbr_fri_ros2/cmake/lbr_fri_ros2Config.cmake
[11.452s] -- Symlinking: /home/theo/drift/ros2_ws/src/lbr-stack/install/lbr_fri_ros2/share/lbr_fri_ros2/cmake/lbr_fri_ros2Config-version.cmake
[11.455s] -- Symlinking: /home/theo/drift/ros2_ws/src/lbr-stack/install/lbr_fri_ros2/share/lbr_fri_ros2/package.xml
[11.458s] -- Installing: /home/theo/drift/ros2_ws/src/lbr-stack/install/lbr_fri_ros2/lib/liblbr_fri_ros2.so
[11.458s] -- Set non-toolchain portion of runtime path of "/home/theo/drift/ros2_ws/src/lbr-stack/install/lbr_fri_ros2/lib/liblbr_fri_ros2.so" to ""
[11.458s] -- Installing: /home/theo/drift/ros2_ws/src/lbr-stack/install/lbr_fri_ros2/share/lbr_fri_ros2/cmake/lbr_fri_ros2_exportExport.cmake
[11.458s] -- Installing: /home/theo/drift/ros2_ws/src/lbr-stack/install/lbr_fri_ros2/share/lbr_fri_ros2/cmake/lbr_fri_ros2_exportExport-release.cmake
[11.459s] Invoked command in '/home/theo/drift/ros2_ws/src/lbr-stack/build/lbr_fri_ros2' returned '0': AMENT_PREFIX_PATH=/home/theo/drift/ros2_ws/src/lbr-stack/install/lbr_fri_idl:${AMENT_PREFIX_PATH} CMAKE_PREFIX_PATH=/home/theo/drift/ros2_ws/src/lbr-stack/install/lbr_fri_idl:/home/theo/drift/ros2_ws/src/lbr-stack/install/fri_client_sdk:/opt/ros/jazzy/opt/gz_sim_vendor:/opt/ros/jazzy/opt/gz_sensors_vendor:/opt/ros/jazzy/opt/gz_physics_vendor:/opt/ros/jazzy/opt/gz_gui_vendor:/opt/ros/jazzy/opt/gz_transport_vendor:/opt/ros/jazzy/opt/gz_rendering_vendor:/opt/ros/jazzy/opt/gz_plugin_vendor:/opt/ros/jazzy/opt/gz_fuel_tools_vendor:/opt/ros/jazzy/opt/gz_msgs_vendor:/opt/ros/jazzy/opt/gz_common_vendor:/opt/ros/jazzy/opt/gz_ogre_next_vendor:/opt/ros/jazzy/opt/gz_dartsim_vendor:/opt/ros/jazzy/opt/sdformat_vendor:/opt/ros/jazzy/opt/gz_math_vendor:/opt/ros/jazzy/opt/gz_utils_vendor:/opt/ros/jazzy/opt/gz_tools_vendor:/opt/ros/jazzy/opt/gz_cmake_vendor:/home/theo/drift/ros2_ws/install/my_package:/opt/ros/jazzy DEBUGINFOD_URLS=https://debuginfod.ubuntu.com LD_LIBRARY_PATH=/home/theo/drift/ros2_ws/src/lbr-stack/install/lbr_fri_idl/lib:/home/theo/drift/ros2_ws/src/lbr-stack/install/fri_client_sdk/lib:${LD_LIBRARY_PATH} PKG_CONFIG_PATH=/home/theo/drift/ros2_ws/src/lbr-stack/install/fri_client_sdk/lib/aarch64-linux-gnu/pkgconfig:/home/theo/drift/ros2_ws/src/lbr-stack/install/fri_client_sdk/lib/pkgconfig PYTHONPATH=/home/theo/drift/ros2_ws/src/lbr-stack/install/lbr_fri_idl/lib/python3.12/site-packages:${PYTHONPATH} /usr/bin/cmake --install /home/theo/drift/ros2_ws/src/lbr-stack/build/lbr_fri_ros2
