[0.046s] DEBUG:colcon:Command line arguments: ['/usr/bin/colcon', 'build', '--symlink-install', '--packages-select', 'my_package']
[0.046s] DEBUG:colcon:Parsed command line arguments: Namespace(log_base=None, log_level=None, verb_name='build', build_base='build', install_base='install', merge_install=False, symlink_install=True, test_result_base=None, continue_on_error=False, executor='parallel', parallel_workers=4, event_handlers=None, ignore_user_meta=False, metas=['./colcon.meta'], base_paths=['.'], packages_ignore=None, packages_ignore_regex=None, paths=None, packages_up_to=None, packages_up_to_regex=None, packages_above=None, packages_above_and_dependencies=None, packages_above_depth=None, packages_select_by_dep=None, packages_skip_by_dep=None, packages_skip_up_to=None, packages_select_build_failed=False, packages_skip_build_finished=False, packages_select_test_failures=False, packages_skip_test_passed=False, packages_select=['my_package'], packages_skip=None, packages_select_regex=None, packages_skip_regex=None, packages_start=None, packages_end=None, cmake_args=None, cmake_target=None, cmake_target_skip_unavailable=False, cmake_clean_cache=False, cmake_clean_first=False, cmake_force_configure=False, ament_cmake_args=None, catkin_cmake_args=None, catkin_skip_building_tests=False, verb_parser=<colcon_defaults.argument_parser.defaults.DefaultArgumentsDecorator object at 0xfcd8e217b6e0>, verb_extension=<colcon_core.verb.build.BuildVerb object at 0xfcd8e217b500>, main=<bound method BuildVerb.main of <colcon_core.verb.build.BuildVerb object at 0xfcd8e217b500>>)
[0.063s] Level 1:colcon.colcon_core.package_discovery:discover_packages(colcon_meta) check parameters
[0.063s] Level 1:colcon.colcon_core.package_discovery:discover_packages(recursive) check parameters
[0.063s] Level 1:colcon.colcon_core.package_discovery:discover_packages(ignore) check parameters
[0.063s] Level 1:colcon.colcon_core.package_discovery:discover_packages(path) check parameters
[0.063s] Level 1:colcon.colcon_core.package_discovery:discover_packages(colcon_meta) discover
[0.063s] Level 1:colcon.colcon_core.package_discovery:discover_packages(recursive) discover
[0.063s] INFO:colcon.colcon_core.package_discovery:Crawling recursively for packages in '/home/theo/drift/ros2_ws/src/my_package'
[0.063s] Level 1:colcon.colcon_core.package_identification:_identify(.) by extensions ['ignore', 'ignore_ament_install']
[0.063s] Level 1:colcon.colcon_core.package_identification:_identify(.) by extension 'ignore'
[0.063s] Level 1:colcon.colcon_core.package_identification:_identify(.) by extension 'ignore_ament_install'
[0.063s] Level 1:colcon.colcon_core.package_identification:_identify(.) by extensions ['colcon_pkg']
[0.063s] Level 1:colcon.colcon_core.package_identification:_identify(.) by extension 'colcon_pkg'
[0.063s] Level 1:colcon.colcon_core.package_identification:_identify(.) by extensions ['colcon_meta']
[0.063s] Level 1:colcon.colcon_core.package_identification:_identify(.) by extension 'colcon_meta'
[0.063s] Level 1:colcon.colcon_core.package_identification:_identify(.) by extensions ['ros']
[0.063s] Level 1:colcon.colcon_core.package_identification:_identify(.) by extension 'ros'
[0.076s] DEBUG:colcon.colcon_core.package_identification:Package '.' with type 'ros.ament_python' and name 'my_package'
[0.076s] Level 1:colcon.colcon_core.package_discovery:discover_packages(recursive) using defaults
[0.076s] Level 1:colcon.colcon_core.package_discovery:discover_packages(ignore) discover
[0.076s] Level 1:colcon.colcon_core.package_discovery:discover_packages(ignore) using defaults
[0.076s] Level 1:colcon.colcon_core.package_discovery:discover_packages(path) discover
[0.076s] Level 1:colcon.colcon_core.package_discovery:discover_packages(path) using defaults
[0.084s] Level 5:colcon.colcon_core.verb:set package 'my_package' build argument 'cmake_args' from command line to 'None'
[0.084s] Level 5:colcon.colcon_core.verb:set package 'my_package' build argument 'cmake_target' from command line to 'None'
[0.084s] Level 5:colcon.colcon_core.verb:set package 'my_package' build argument 'cmake_target_skip_unavailable' from command line to 'False'
[0.084s] Level 5:colcon.colcon_core.verb:set package 'my_package' build argument 'cmake_clean_cache' from command line to 'False'
[0.084s] Level 5:colcon.colcon_core.verb:set package 'my_package' build argument 'cmake_clean_first' from command line to 'False'
[0.084s] Level 5:colcon.colcon_core.verb:set package 'my_package' build argument 'cmake_force_configure' from command line to 'False'
[0.084s] Level 5:colcon.colcon_core.verb:set package 'my_package' build argument 'ament_cmake_args' from command line to 'None'
[0.084s] Level 5:colcon.colcon_core.verb:set package 'my_package' build argument 'catkin_cmake_args' from command line to 'None'
[0.084s] Level 5:colcon.colcon_core.verb:set package 'my_package' build argument 'catkin_skip_building_tests' from command line to 'False'
[0.084s] DEBUG:colcon.colcon_core.verb:Building package 'my_package' with the following arguments: {'ament_cmake_args': None, 'build_base': '/home/theo/drift/ros2_ws/src/my_package/build/my_package', 'catkin_cmake_args': None, 'catkin_skip_building_tests': False, 'cmake_args': None, 'cmake_clean_cache': False, 'cmake_clean_first': False, 'cmake_force_configure': False, 'cmake_target': None, 'cmake_target_skip_unavailable': False, 'install_base': '/home/theo/drift/ros2_ws/src/my_package/install/my_package', 'merge_install': False, 'path': '/home/theo/drift/ros2_ws/src/my_package', 'symlink_install': True, 'test_result_base': None}
[0.084s] INFO:colcon.colcon_core.executor:Executing jobs using 'parallel' executor
[0.085s] DEBUG:colcon.colcon_parallel_executor.executor.parallel:run_until_complete
[0.085s] INFO:colcon.colcon_ros.task.ament_python.build:Building ROS package in '/home/theo/drift/ros2_ws/src/my_package' with build type 'ament_python'
[0.085s] Level 1:colcon.colcon_core.shell:create_environment_hook('my_package', 'ament_prefix_path')
[0.086s] INFO:colcon.colcon_core.plugin_system:Skipping extension 'colcon_core.shell.bat': Not used on non-Windows systems
[0.086s] INFO:colcon.colcon_core.shell:Creating environment descriptor '/home/theo/drift/ros2_ws/src/my_package/install/my_package/share/my_package/hook/ament_prefix_path.dsv'
[0.086s] INFO:colcon.colcon_core.shell:Creating environment hook '/home/theo/drift/ros2_ws/src/my_package/install/my_package/share/my_package/hook/ament_prefix_path.sh'
[0.087s] DEBUG:colcon.colcon_core.shell:Skip shell extension 'dsv' for command environment
[0.183s] INFO:colcon.colcon_core.task.python.build:Building Python package in '/home/theo/drift/ros2_ws/src/my_package'
[0.183s] DEBUG:colcon.colcon_core.shell:Skip shell extension 'dsv' for command environment
[0.570s] DEBUG:colcon.colcon_core.event_handler.log_command:Invoking command in '/home/theo/drift/ros2_ws/src/my_package/build/my_package': DEBUGINFOD_URLS=https://debuginfod.ubuntu.com PYTHONPATH=/home/theo/drift/ros2_ws/src/my_package/build/my_package/prefix_override:/usr/lib/python3/dist-packages/colcon_core/task/python/colcon_distutils_commands:/home/theo/drift/ros2_ws/src/my_package/install/my_package/lib/python3.12/site-packages:${PYTHONPATH} /usr/bin/python3 -W ignore:setup.py install is deprecated -W ignore:easy_install command is deprecated setup.py develop --editable --build-directory /home/theo/drift/ros2_ws/src/my_package/build/my_package/build --no-deps symlink_data
[0.814s] Level 1:colcon.colcon_core.shell:create_environment_hook('my_package', 'pythonpath_develop')
[0.814s] INFO:colcon.colcon_core.shell:Creating environment descriptor '/home/theo/drift/ros2_ws/src/my_package/build/my_package/share/my_package/hook/pythonpath_develop.dsv'
[0.814s] INFO:colcon.colcon_core.shell:Creating environment hook '/home/theo/drift/ros2_ws/src/my_package/build/my_package/share/my_package/hook/pythonpath_develop.sh'
[0.814s] DEBUG:colcon.colcon_core.event_handler.log_command:Invoked command in '/home/theo/drift/ros2_ws/src/my_package/build/my_package' returned '0': DEBUGINFOD_URLS=https://debuginfod.ubuntu.com PYTHONPATH=/home/theo/drift/ros2_ws/src/my_package/build/my_package/prefix_override:/usr/lib/python3/dist-packages/colcon_core/task/python/colcon_distutils_commands:/home/theo/drift/ros2_ws/src/my_package/install/my_package/lib/python3.12/site-packages:${PYTHONPATH} /usr/bin/python3 -W ignore:setup.py install is deprecated -W ignore:easy_install command is deprecated setup.py develop --editable --build-directory /home/theo/drift/ros2_ws/src/my_package/build/my_package/build --no-deps symlink_data
[0.818s] Level 1:colcon.colcon_core.environment:checking '/home/theo/drift/ros2_ws/src/my_package/install/my_package' for CMake module files
[0.818s] Level 1:colcon.colcon_core.environment:checking '/home/theo/drift/ros2_ws/src/my_package/install/my_package' for CMake config files
[0.818s] Level 1:colcon.colcon_core.environment:checking '/home/theo/drift/ros2_ws/src/my_package/install/my_package/lib'
[0.818s] Level 1:colcon.colcon_core.environment:checking '/home/theo/drift/ros2_ws/src/my_package/install/my_package/bin'
[0.818s] Level 1:colcon.colcon_core.environment:checking '/home/theo/drift/ros2_ws/src/my_package/install/my_package/lib/pkgconfig/my_package.pc'
[0.818s] Level 1:colcon.colcon_core.environment:checking '/home/theo/drift/ros2_ws/src/my_package/install/my_package/lib/python3.12/site-packages'
[0.818s] Level 1:colcon.colcon_core.shell:create_environment_hook('my_package', 'pythonpath')
[0.818s] INFO:colcon.colcon_core.shell:Creating environment descriptor '/home/theo/drift/ros2_ws/src/my_package/install/my_package/share/my_package/hook/pythonpath.dsv'
[0.818s] INFO:colcon.colcon_core.shell:Creating environment hook '/home/theo/drift/ros2_ws/src/my_package/install/my_package/share/my_package/hook/pythonpath.sh'
[0.819s] Level 1:colcon.colcon_core.environment:checking '/home/theo/drift/ros2_ws/src/my_package/install/my_package/bin'
[0.819s] Level 1:colcon.colcon_core.environment:create_environment_scripts_only(my_package)
[0.819s] INFO:colcon.colcon_core.shell:Creating package descriptor '/home/theo/drift/ros2_ws/src/my_package/install/my_package/share/my_package/package.dsv'
[0.819s] INFO:colcon.colcon_core.shell:Creating package script '/home/theo/drift/ros2_ws/src/my_package/install/my_package/share/my_package/package.sh'
[0.819s] INFO:colcon.colcon_core.shell:Creating package script '/home/theo/drift/ros2_ws/src/my_package/install/my_package/share/my_package/package.bash'
[0.820s] INFO:colcon.colcon_core.shell:Creating package script '/home/theo/drift/ros2_ws/src/my_package/install/my_package/share/my_package/package.zsh'
[0.820s] Level 1:colcon.colcon_core.environment:create_file_with_runtime_dependencies(/home/theo/drift/ros2_ws/src/my_package/install/my_package/share/colcon-core/packages/my_package)
[0.821s] DEBUG:colcon.colcon_parallel_executor.executor.parallel:closing loop
[0.821s] DEBUG:colcon.colcon_parallel_executor.executor.parallel:loop closed
[0.821s] DEBUG:colcon.colcon_parallel_executor.executor.parallel:run_until_complete finished with '0'
[0.821s] DEBUG:colcon.colcon_core.event_reactor:joining thread
[0.824s] INFO:colcon.colcon_core.plugin_system:Skipping extension 'colcon_notification.desktop_notification.terminal_notifier': Not used on non-Darwin systems
[0.824s] INFO:colcon.colcon_core.plugin_system:Skipping extension 'colcon_notification.desktop_notification.win32': Not used on non-Windows systems
[0.824s] INFO:colcon.colcon_notification.desktop_notification:Sending desktop notification using 'notify2'
[0.833s] DEBUG:colcon.colcon_core.event_reactor:joined thread
[0.833s] INFO:colcon.colcon_core.shell:Creating prefix script '/home/theo/drift/ros2_ws/src/my_package/install/local_setup.sh'
[0.833s] INFO:colcon.colcon_core.shell:Creating prefix util module '/home/theo/drift/ros2_ws/src/my_package/install/_local_setup_util_sh.py'
[0.834s] INFO:colcon.colcon_core.shell:Creating prefix chain script '/home/theo/drift/ros2_ws/src/my_package/install/setup.sh'
[0.834s] INFO:colcon.colcon_core.shell:Creating prefix script '/home/theo/drift/ros2_ws/src/my_package/install/local_setup.bash'
[0.835s] INFO:colcon.colcon_core.shell:Creating prefix chain script '/home/theo/drift/ros2_ws/src/my_package/install/setup.bash'
[0.836s] INFO:colcon.colcon_core.shell:Creating prefix script '/home/theo/drift/ros2_ws/src/my_package/install/local_setup.zsh'
[0.836s] INFO:colcon.colcon_core.shell:Creating prefix chain script '/home/theo/drift/ros2_ws/src/my_package/install/setup.zsh'
