[0.000000] (-) TimerEvent: {}
[0.000149] (-) JobUnselected: {'identifier': 'fri_client_sdk'}
[0.000170] (-) JobUnselected: {'identifier': 'iiwa14_moveit_config'}
[0.000179] (-) JobUnselected: {'identifier': 'iiwa7_moveit_config'}
[0.000184] (-) JobUnselected: {'identifier': 'lbr_bringup'}
[0.000189] (-) JobUnselected: {'identifier': 'lbr_demos_advanced_cpp'}
[0.000194] (-) JobUnselected: {'identifier': 'lbr_demos_advanced_py'}
[0.000198] (-) JobUnselected: {'identifier': 'lbr_demos_cpp'}
[0.000203] (-) JobUnselected: {'identifier': 'lbr_demos_py'}
[0.000207] (-) JobUnselected: {'identifier': 'lbr_dual_arm'}
[0.000211] (-) JobUnselected: {'identifier': 'lbr_dual_arm_moveit_config'}
[0.000215] (-) JobUnselected: {'identifier': 'lbr_fri_idl'}
[0.000220] (-) JobUnselected: {'identifier': 'lbr_fri_ros2'}
[0.000224] (-) JobUnselected: {'identifier': 'lbr_fri_ros2_stack'}
[0.000228] (-) JobUnselected: {'identifier': 'lbr_iiwa14_r820_description'}
[0.000232] (-) JobUnselected: {'identifier': 'lbr_iiwa7_r800_description'}
[0.000236] (-) JobUnselected: {'identifier': 'lbr_med14_r820_description'}
[0.000240] (-) JobUnselected: {'identifier': 'lbr_med7_r800_description'}
[0.000244] (-) JobUnselected: {'identifier': 'lbr_moveit'}
[0.000248] (-) JobUnselected: {'identifier': 'lbr_moveit_cpp'}
[0.000253] (-) JobUnselected: {'identifier': 'lbr_ros2_control'}
[0.000258] (-) JobUnselected: {'identifier': 'med14_moveit_config'}
[0.000261] (-) JobUnselected: {'identifier': 'med7_moveit_config'}
[0.000266] (-) JobUnselected: {'identifier': 'natnet_ros2'}
[0.000270] (-) JobUnselected: {'identifier': 'optitrack_ros2'}
[0.000275] (my_package) JobQueued: {'identifier': 'my_package', 'dependencies': OrderedDict()}
[0.000393] (my_package) JobStarted: {'identifier': 'my_package'}
[0.101018] (-) TimerEvent: {}
[0.134290] (my_package) StderrLine: {'line': b'Traceback (most recent call last):\n  File "/usr/lib/python3/dist-packages/colcon_core/executor/__init__.py", line 91, in __call__\n    rc = await self.task(*args, **kwargs)\n         ^^^^^^^^^^^^^^^^^^^^^^^^^^^^^^^^\n  File "/usr/lib/python3/dist-packages/colcon_core/task/__init__.py", line 93, in __call__\n    return await task_method(*args, **kwargs)\n           ^^^^^^^^^^^^^^^^^^^^^^^^^^^^^^^^^^\n  File "/usr/lib/python3/dist-packages/colcon_ros/task/ament_python/build.py", line 51, in build\n    setup_py_data = get_setup_data(self.context.pkg, env)\n                    ^^^^^^^^^^^^^^^^^^^^^^^^^^^^^^^^^^^^^\n  File "/usr/lib/python3/dist-packages/colcon_core/task/python/__init__.py", line 20, in get_setup_data\n    return dict(pkg.metadata[key](env))\n                ^^^^^^^^^^^^^^^^^^^^^^\n  File "/usr/lib/python3/dist-packages/colcon_ros/package_augmentation/ros_ament_python.py", line 57, in getter\n    return get_setup_information(\n           ^^^^^^^^^^^^^^^^^^^^^^\n  File "/usr/lib/python3/dist-packages/colcon_python_setup_py/package_identification/python_setup_py.py", line 249, in get_setup_information\n    _setup_information_cache[hashable_env] = _get_setup_information(\n                                             ^^^^^^^^^^^^^^^^^^^^^^^\n  File "/usr/lib/python3/dist-packages/colcon_python_setup_py/package_identification/python_setup_py.py", line 296, in _get_setup_information\n    result = subprocess.run(\n             ^^^^^^^^^^^^^^^\n  File "/usr/lib/python3.12/subprocess.py", line 571, in run\n    raise CalledProcessError(retcode, process.args,\nsubprocess.CalledProcessError: Command \'[\'/usr/bin/python3\', \'-c\', \'import sys;from contextlib import suppress;exec("with suppress(ImportError):    from setuptools.extern.packaging.specifiers    import SpecifierSet");exec("with suppress(ImportError):    from packaging.specifiers import SpecifierSet");from distutils.core import run_setup;dist = run_setup(    \\\'setup.py\\\', script_args=(\\\'--dry-run\\\',), stop_after=\\\'config\\\');skip_keys = (\\\'cmdclass\\\', \\\'distclass\\\', \\\'ext_modules\\\', \\\'metadata\\\');data = {    key: value for key, value in dist.__dict__.items()     if (        not key.startswith(\\\'_\\\') and         not callable(value) and         key not in skip_keys and         key not in dist.display_option_names    )};data[\\\'metadata\\\'] = {    k: v for k, v in dist.metadata.__dict__.items()     if k not in (\\\'license_files\\\', \\\'provides_extras\\\')};sys.stdout.buffer.write(repr(data).encode(\\\'utf-8\\\'))\']\' returned non-zero exit status 1.\n'}
[0.134590] (my_package) JobEnded: {'identifier': 'my_package', 'rc': 1}
[0.144156] (-) EventReactorShutdown: {}
