[0.520s] Invoking command in '/home/theo/drift/ros2_ws/src/lbr-stack/build/lbr_demos_py': AMENT_PREFIX_PATH=/home/theo/drift/ros2_ws/src/lbr-stack/install/lbr_bringup:/home/theo/drift/ros2_ws/src/lbr-stack/install/lbr_ros2_control:/home/theo/drift/ros2_ws/src/lbr-stack/install/lbr_fri_ros2:/home/theo/drift/ros2_ws/src/lbr-stack/install/lbr_fri_idl:/home/theo/drift/ros2_ws/src/lbr-stack/install/lbr_med7_r800_description:/home/theo/drift/ros2_ws/src/lbr-stack/install/lbr_med14_r820_description:/home/theo/drift/ros2_ws/src/lbr-stack/install/lbr_iiwa7_r800_description:/home/theo/drift/ros2_ws/src/lbr-stack/install/lbr_iiwa14_r820_description:${AMENT_PREFIX_PATH} CMAKE_PREFIX_PATH=/home/theo/drift/ros2_ws/src/lbr-stack/install/lbr_bringup:/home/theo/drift/ros2_ws/src/lbr-stack/install/lbr_ros2_control:/home/theo/drift/ros2_ws/src/lbr-stack/install/lbr_fri_ros2:/home/theo/drift/ros2_ws/src/lbr-stack/install/lbr_fri_idl:/home/theo/drift/ros2_ws/src/lbr-stack/install/lbr_med7_r800_description:/home/theo/drift/ros2_ws/src/lbr-stack/install/lbr_med14_r820_description:/home/theo/drift/ros2_ws/src/lbr-stack/install/lbr_iiwa7_r800_description:/home/theo/drift/ros2_ws/src/lbr-stack/install/lbr_iiwa14_r820_description:/home/theo/drift/ros2_ws/src/lbr-stack/install/fri_client_sdk:${CMAKE_PREFIX_PATH} DEBUGINFOD_URLS=https://debuginfod.ubuntu.com LD_LIBRARY_PATH=/home/theo/drift/ros2_ws/src/lbr-stack/install/lbr_ros2_control/lib:/home/theo/drift/ros2_ws/src/lbr-stack/install/lbr_fri_ros2/lib:/home/theo/drift/ros2_ws/src/lbr-stack/install/lbr_fri_idl/lib:/home/theo/drift/ros2_ws/src/lbr-stack/install/fri_client_sdk/lib:${LD_LIBRARY_PATH} PKG_CONFIG_PATH=/home/theo/drift/ros2_ws/src/lbr-stack/install/fri_client_sdk/lib/aarch64-linux-gnu/pkgconfig:/home/theo/drift/ros2_ws/src/lbr-stack/install/fri_client_sdk/lib/pkgconfig PYTHONPATH=/home/theo/drift/ros2_ws/src/lbr-stack/build/lbr_demos_py/prefix_override:/usr/lib/python3/dist-packages/colcon_core/task/python/colcon_distutils_commands:/home/theo/drift/ros2_ws/src/lbr-stack/install/lbr_demos_py/lib/python3.12/site-packages:/home/theo/drift/ros2_ws/src/lbr-stack/install/lbr_bringup/lib/python3.12/site-packages:/home/theo/drift/ros2_ws/src/lbr-stack/install/lbr_fri_idl/lib/python3.12/site-packages:${PYTHONPATH} /usr/bin/python3 -W ignore:setup.py install is deprecated -W ignore:easy_install command is deprecated setup.py develop --editable --build-directory /home/theo/drift/ros2_ws/src/lbr-stack/build/lbr_demos_py/build --no-deps symlink_data
[0.660s] running develop
[0.731s] running egg_info
[0.731s] creating lbr_demos_py.egg-info
[0.738s] writing lbr_demos_py.egg-info/PKG-INFO
[0.738s] writing dependency_links to lbr_demos_py.egg-info/dependency_links.txt
[0.738s] writing entry points to lbr_demos_py.egg-info/entry_points.txt
[0.738s] writing requirements to lbr_demos_py.egg-info/requires.txt
[0.738s] writing top-level names to lbr_demos_py.egg-info/top_level.txt
[0.738s] writing manifest file 'lbr_demos_py.egg-info/SOURCES.txt'
[0.754s] reading manifest file 'lbr_demos_py.egg-info/SOURCES.txt'
[0.754s] writing manifest file 'lbr_demos_py.egg-info/SOURCES.txt'
[0.776s] running build_ext
[0.776s] Creating /home/theo/drift/ros2_ws/src/lbr-stack/install/lbr_demos_py/lib/python3.12/site-packages/lbr-demos-py.egg-link (link to .)
[0.777s] Installing joint_sine_overlay script to /home/theo/drift/ros2_ws/src/lbr-stack/install/lbr_demos_py/lib/lbr_demos_py
[0.777s] Installing joint_trajectory_client script to /home/theo/drift/ros2_ws/src/lbr-stack/install/lbr_demos_py/lib/lbr_demos_py
[0.777s] Installing torque_sine_overlay script to /home/theo/drift/ros2_ws/src/lbr-stack/install/lbr_demos_py/lib/lbr_demos_py
[0.778s] Installing wrench_sine_overlay script to /home/theo/drift/ros2_ws/src/lbr-stack/install/lbr_demos_py/lib/lbr_demos_py
[0.778s] 
[0.778s] Installed /home/theo/drift/ros2_ws/src/lbr-stack/build/lbr_demos_py
[0.778s] running symlink_data
[0.778s] creating /home/theo/drift/ros2_ws/src/lbr-stack/install/lbr_demos_py/share/ament_index
[0.778s] creating /home/theo/drift/ros2_ws/src/lbr-stack/install/lbr_demos_py/share/ament_index/resource_index
[0.778s] creating /home/theo/drift/ros2_ws/src/lbr-stack/install/lbr_demos_py/share/ament_index/resource_index/packages
[0.778s] symbolically linking /home/theo/drift/ros2_ws/src/lbr-stack/build/lbr_demos_py/resource/lbr_demos_py -> /home/theo/drift/ros2_ws/src/lbr-stack/install/lbr_demos_py/share/ament_index/resource_index/packages
[0.778s] symbolically linking /home/theo/drift/ros2_ws/src/lbr-stack/build/lbr_demos_py/package.xml -> /home/theo/drift/ros2_ws/src/lbr-stack/install/lbr_demos_py/share/lbr_demos_py
[0.795s] Invoked command in '/home/theo/drift/ros2_ws/src/lbr-stack/build/lbr_demos_py' returned '0': AMENT_PREFIX_PATH=/home/theo/drift/ros2_ws/src/lbr-stack/install/lbr_bringup:/home/theo/drift/ros2_ws/src/lbr-stack/install/lbr_ros2_control:/home/theo/drift/ros2_ws/src/lbr-stack/install/lbr_fri_ros2:/home/theo/drift/ros2_ws/src/lbr-stack/install/lbr_fri_idl:/home/theo/drift/ros2_ws/src/lbr-stack/install/lbr_med7_r800_description:/home/theo/drift/ros2_ws/src/lbr-stack/install/lbr_med14_r820_description:/home/theo/drift/ros2_ws/src/lbr-stack/install/lbr_iiwa7_r800_description:/home/theo/drift/ros2_ws/src/lbr-stack/install/lbr_iiwa14_r820_description:${AMENT_PREFIX_PATH} CMAKE_PREFIX_PATH=/home/theo/drift/ros2_ws/src/lbr-stack/install/lbr_bringup:/home/theo/drift/ros2_ws/src/lbr-stack/install/lbr_ros2_control:/home/theo/drift/ros2_ws/src/lbr-stack/install/lbr_fri_ros2:/home/theo/drift/ros2_ws/src/lbr-stack/install/lbr_fri_idl:/home/theo/drift/ros2_ws/src/lbr-stack/install/lbr_med7_r800_description:/home/theo/drift/ros2_ws/src/lbr-stack/install/lbr_med14_r820_description:/home/theo/drift/ros2_ws/src/lbr-stack/install/lbr_iiwa7_r800_description:/home/theo/drift/ros2_ws/src/lbr-stack/install/lbr_iiwa14_r820_description:/home/theo/drift/ros2_ws/src/lbr-stack/install/fri_client_sdk:${CMAKE_PREFIX_PATH} DEBUGINFOD_URLS=https://debuginfod.ubuntu.com LD_LIBRARY_PATH=/home/theo/drift/ros2_ws/src/lbr-stack/install/lbr_ros2_control/lib:/home/theo/drift/ros2_ws/src/lbr-stack/install/lbr_fri_ros2/lib:/home/theo/drift/ros2_ws/src/lbr-stack/install/lbr_fri_idl/lib:/home/theo/drift/ros2_ws/src/lbr-stack/install/fri_client_sdk/lib:${LD_LIBRARY_PATH} PKG_CONFIG_PATH=/home/theo/drift/ros2_ws/src/lbr-stack/install/fri_client_sdk/lib/aarch64-linux-gnu/pkgconfig:/home/theo/drift/ros2_ws/src/lbr-stack/install/fri_client_sdk/lib/pkgconfig PYTHONPATH=/home/theo/drift/ros2_ws/src/lbr-stack/build/lbr_demos_py/prefix_override:/usr/lib/python3/dist-packages/colcon_core/task/python/colcon_distutils_commands:/home/theo/drift/ros2_ws/src/lbr-stack/install/lbr_demos_py/lib/python3.12/site-packages:/home/theo/drift/ros2_ws/src/lbr-stack/install/lbr_bringup/lib/python3.12/site-packages:/home/theo/drift/ros2_ws/src/lbr-stack/install/lbr_fri_idl/lib/python3.12/site-packages:${PYTHONPATH} /usr/bin/python3 -W ignore:setup.py install is deprecated -W ignore:easy_install command is deprecated setup.py develop --editable --build-directory /home/theo/drift/ros2_ws/src/lbr-stack/build/lbr_demos_py/build --no-deps symlink_data
