[0.006s] Invoking command in '/home/theo/drift/ros2_ws/build/natnet_ros_cpp': DEBUGINFOD_URLS=https://debuginfod.ubuntu.com VIRTUAL_ENV_PROMPT=(roskuka) /usr/bin/cmake /home/theo/drift/ros2_ws/src/natnet_ros_cpp -DCATKIN_INSTALL_INTO_PREFIX_ROOT=0 -DCMAKE_INSTALL_PREFIX=/home/theo/drift/ros2_ws/install/natnet_ros_cpp
[0.027s] [0mCMake Deprecation Warning at CMakeLists.txt:1 (cmake_minimum_required):
[0.027s]   Compatibility with CMake < 3.5 will be removed from a future version of
[0.027s]   CMake.
[0.027s] 
[0.027s]   Update the VERSION argument <min> value or use a ...<max> suffix to tell
[0.028s]   CMake that the project does not need compatibility with older versions.
[0.028s] 
[0.028s] [0m
[0.099s] -- The C compiler identification is GNU 13.3.0
[0.165s] -- The CXX compiler identification is GNU 13.3.0
[0.175s] -- Detecting C compiler ABI info
[0.237s] -- Detecting C compiler ABI info - done
[0.242s] -- Check for working C compiler: /usr/bin/cc - skipped
[0.243s] -- Detecting C compile features
[0.243s] -- Detecting C compile features - done
[0.247s] -- Detecting CXX compiler ABI info
[0.284s] -- Detecting CXX compiler ABI info - done
[0.288s] -- Check for working CXX compiler: /usr/bin/c++ - skipped
[0.288s] -- Detecting CXX compile features
[0.289s] -- Detecting CXX compile features - done
[0.294s] [31mCMake Error at CMakeLists.txt:5 (find_package):
[0.294s]   By not providing "Findcatkin.cmake" in CMAKE_MODULE_PATH this project has
[0.294s]   asked CMake to find a package configuration file provided by "catkin", but
[0.294s]   CMake did not find one.
[0.294s] 
[0.294s]   Could not find a package configuration file provided by "catkin" with any
[0.294s]   of the following names:
[0.294s] 
[0.294s]     catkinConfig.cmake
[0.294s]     catkin-config.cmake
[0.294s] 
[0.294s]   Add the installation prefix of "catkin" to CMAKE_PREFIX_PATH or set
[0.294s]   "catkin_DIR" to a directory containing one of the above files.  If "catkin"
[0.294s]   provides a separate development package or SDK, be sure it has been
[0.294s]   installed.
[0.294s] 
[0.294s] [0m
[0.294s] -- Configuring incomplete, errors occurred!
[0.295s] Invoked command in '/home/theo/drift/ros2_ws/build/natnet_ros_cpp' returned '1': DEBUGINFOD_URLS=https://debuginfod.ubuntu.com VIRTUAL_ENV_PROMPT=(roskuka) /usr/bin/cmake /home/theo/drift/ros2_ws/src/natnet_ros_cpp -DCATKIN_INSTALL_INTO_PREFIX_ROOT=0 -DCMAKE_INSTALL_PREFIX=/home/theo/drift/ros2_ws/install/natnet_ros_cpp
