[0.000000] (-) TimerEvent: {}
[0.000078] (-) JobUnselected: {'identifier': 'fri_client_sdk'}
[0.000097] (-) JobUnselected: {'identifier': 'iiwa14_moveit_config'}
[0.000105] (-) JobUnselected: {'identifier': 'iiwa7_moveit_config'}
[0.000111] (-) JobUnselected: {'identifier': 'lbr_bringup'}
[0.000116] (-) JobUnselected: {'identifier': 'lbr_demos_advanced_cpp'}
[0.000121] (-) JobUnselected: {'identifier': 'lbr_demos_advanced_py'}
[0.000125] (-) JobUnselected: {'identifier': 'lbr_demos_cpp'}
[0.000130] (-) JobUnselected: {'identifier': 'lbr_demos_py'}
[0.000135] (-) JobUnselected: {'identifier': 'lbr_dual_arm'}
[0.000139] (-) JobUnselected: {'identifier': 'lbr_dual_arm_moveit_config'}
[0.000143] (-) JobUnselected: {'identifier': 'lbr_fri_idl'}
[0.000147] (-) JobUnselected: {'identifier': 'lbr_fri_ros2'}
[0.000152] (-) JobUnselected: {'identifier': 'lbr_fri_ros2_stack'}
[0.000156] (-) JobUnselected: {'identifier': 'lbr_iiwa14_r820_description'}
[0.000161] (-) JobUnselected: {'identifier': 'lbr_iiwa7_r800_description'}
[0.000165] (-) JobUnselected: {'identifier': 'lbr_med14_r820_description'}
[0.000169] (-) JobUnselected: {'identifier': 'lbr_med7_r800_description'}
[0.000173] (-) JobUnselected: {'identifier': 'lbr_moveit'}
[0.000177] (-) JobUnselected: {'identifier': 'lbr_moveit_cpp'}
[0.000183] (-) JobUnselected: {'identifier': 'lbr_ros2_control'}
[0.000187] (-) JobUnselected: {'identifier': 'med14_moveit_config'}
[0.000191] (-) JobUnselected: {'identifier': 'med7_moveit_config'}
[0.000403] (-) EventReactorShutdown: {}
