[0.438s] Invoking command in '/home/theo/drift/ros2_ws/src/lbr-stack/build/lbr_moveit': DEBUGINFOD_URLS=https://debuginfod.ubuntu.com PYTHONPATH=/home/theo/drift/ros2_ws/src/lbr-stack/build/lbr_moveit/prefix_override:/usr/lib/python3/dist-packages/colcon_core/task/python/colcon_distutils_commands:/home/theo/drift/ros2_ws/src/lbr-stack/install/lbr_moveit/lib/python3.12/site-packages:${PYTHONPATH} /usr/bin/python3 -W ignore:setup.py install is deprecated -W ignore:easy_install command is deprecated setup.py develop --editable --build-directory /home/theo/drift/ros2_ws/src/lbr-stack/build/lbr_moveit/build --no-deps symlink_data
[0.575s] running develop
[0.642s] running egg_info
[0.642s] creating lbr_moveit.egg-info
[0.650s] writing lbr_moveit.egg-info/PKG-INFO
[0.650s] writing dependency_links to lbr_moveit.egg-info/dependency_links.txt
[0.650s] writing entry points to lbr_moveit.egg-info/entry_points.txt
[0.650s] writing requirements to lbr_moveit.egg-info/requires.txt
[0.650s] writing top-level names to lbr_moveit.egg-info/top_level.txt
[0.651s] writing manifest file 'lbr_moveit.egg-info/SOURCES.txt'
[0.666s] reading manifest file 'lbr_moveit.egg-info/SOURCES.txt'
[0.666s] writing manifest file 'lbr_moveit.egg-info/SOURCES.txt'
[0.674s] running build_ext
[0.674s] Creating /home/theo/drift/ros2_ws/src/lbr-stack/install/lbr_moveit/lib/python3.12/site-packages/lbr-moveit.egg-link (link to .)
[0.674s] Installing forward_keyboard script to /home/theo/drift/ros2_ws/src/lbr-stack/install/lbr_moveit/lib/lbr_moveit
[0.675s] 
[0.675s] Installed /home/theo/drift/ros2_ws/src/lbr-stack/build/lbr_moveit
[0.675s] running symlink_data
[0.675s] creating /home/theo/drift/ros2_ws/src/lbr-stack/install/lbr_moveit/share/ament_index
[0.675s] creating /home/theo/drift/ros2_ws/src/lbr-stack/install/lbr_moveit/share/ament_index/resource_index
[0.675s] creating /home/theo/drift/ros2_ws/src/lbr-stack/install/lbr_moveit/share/ament_index/resource_index/packages
[0.677s] symbolically linking /home/theo/drift/ros2_ws/src/lbr-stack/build/lbr_moveit/resource/lbr_moveit -> /home/theo/drift/ros2_ws/src/lbr-stack/install/lbr_moveit/share/ament_index/resource_index/packages
[0.677s] symbolically linking /home/theo/drift/ros2_ws/src/lbr-stack/build/lbr_moveit/package.xml -> /home/theo/drift/ros2_ws/src/lbr-stack/install/lbr_moveit/share/lbr_moveit
[0.677s] creating /home/theo/drift/ros2_ws/src/lbr-stack/install/lbr_moveit/share/lbr_moveit/config
[0.677s] symbolically linking /home/theo/drift/ros2_ws/src/lbr-stack/build/lbr_moveit/config/forward_keyboard.yaml -> /home/theo/drift/ros2_ws/src/lbr-stack/install/lbr_moveit/share/lbr_moveit/config
[0.677s] creating /home/theo/drift/ros2_ws/src/lbr-stack/install/lbr_moveit/share/lbr_moveit/launch
[0.677s] symbolically linking /home/theo/drift/ros2_ws/src/lbr-stack/build/lbr_moveit/launch/keyboard_driver.launch.py -> /home/theo/drift/ros2_ws/src/lbr-stack/install/lbr_moveit/share/lbr_moveit/launch
[0.704s] Invoked command in '/home/theo/drift/ros2_ws/src/lbr-stack/build/lbr_moveit' returned '0': DEBUGINFOD_URLS=https://debuginfod.ubuntu.com PYTHONPATH=/home/theo/drift/ros2_ws/src/lbr-stack/build/lbr_moveit/prefix_override:/usr/lib/python3/dist-packages/colcon_core/task/python/colcon_distutils_commands:/home/theo/drift/ros2_ws/src/lbr-stack/install/lbr_moveit/lib/python3.12/site-packages:${PYTHONPATH} /usr/bin/python3 -W ignore:setup.py install is deprecated -W ignore:easy_install command is deprecated setup.py develop --editable --build-directory /home/theo/drift/ros2_ws/src/lbr-stack/build/lbr_moveit/build --no-deps symlink_data
