[0.056s] DEBUG:colcon:Command line arguments: ['/usr/bin/colcon', 'build', '--packages-select', 'natnet_ros_cpp']
[0.056s] DEBUG:colcon:Parsed command line arguments: Namespace(log_base=None, log_level=None, verb_name='build', build_base='build', install_base='install', merge_install=False, symlink_install=False, test_result_base=None, continue_on_error=False, executor='parallel', parallel_workers=4, event_handlers=None, ignore_user_meta=False, metas=['./colcon.meta'], base_paths=['.'], packages_ignore=None, packages_ignore_regex=None, paths=None, packages_up_to=None, packages_up_to_regex=None, packages_above=None, packages_above_and_dependencies=None, packages_above_depth=None, packages_select_by_dep=None, packages_skip_by_dep=None, packages_skip_up_to=None, packages_select_build_failed=False, packages_skip_build_finished=False, packages_select_test_failures=False, packages_skip_test_passed=False, packages_select=['natnet_ros_cpp'], packages_skip=None, packages_select_regex=None, packages_skip_regex=None, packages_start=None, packages_end=None, cmake_args=None, cmake_target=None, cmake_target_skip_unavailable=False, cmake_clean_cache=False, cmake_clean_first=False, cmake_force_configure=False, ament_cmake_args=None, catkin_cmake_args=None, catkin_skip_building_tests=False, verb_parser=<colcon_defaults.argument_parser.defaults.DefaultArgumentsDecorator object at 0xfff41e4000b0>, verb_extension=<colcon_core.verb.build.BuildVerb object at 0xfff41e3cbe60>, main=<bound method BuildVerb.main of <colcon_core.verb.build.BuildVerb object at 0xfff41e3cbe60>>)
[0.084s] Level 1:colcon.colcon_core.package_discovery:discover_packages(colcon_meta) check parameters
[0.084s] Level 1:colcon.colcon_core.package_discovery:discover_packages(recursive) check parameters
[0.084s] Level 1:colcon.colcon_core.package_discovery:discover_packages(ignore) check parameters
[0.084s] Level 1:colcon.colcon_core.package_discovery:discover_packages(path) check parameters
[0.084s] Level 1:colcon.colcon_core.package_discovery:discover_packages(colcon_meta) discover
[0.084s] Level 1:colcon.colcon_core.package_discovery:discover_packages(recursive) discover
[0.085s] INFO:colcon.colcon_core.package_discovery:Crawling recursively for packages in '/home/theo/drift/ros2_ws'
[0.085s] Level 1:colcon.colcon_core.package_identification:_identify(.) by extensions ['ignore', 'ignore_ament_install']
[0.085s] Level 1:colcon.colcon_core.package_identification:_identify(.) by extension 'ignore'
[0.085s] Level 1:colcon.colcon_core.package_identification:_identify(.) by extension 'ignore_ament_install'
[0.085s] Level 1:colcon.colcon_core.package_identification:_identify(.) by extensions ['colcon_pkg']
[0.085s] Level 1:colcon.colcon_core.package_identification:_identify(.) by extension 'colcon_pkg'
[0.085s] Level 1:colcon.colcon_core.package_identification:_identify(.) by extensions ['colcon_meta']
[0.085s] Level 1:colcon.colcon_core.package_identification:_identify(.) by extension 'colcon_meta'
[0.085s] Level 1:colcon.colcon_core.package_identification:_identify(.) by extensions ['ros']
[0.085s] Level 1:colcon.colcon_core.package_identification:_identify(.) by extension 'ros'
[0.101s] Level 1:colcon.colcon_core.package_identification:_identify(.) by extensions ['cmake', 'python']
[0.101s] Level 1:colcon.colcon_core.package_identification:_identify(.) by extension 'cmake'
[0.102s] Level 1:colcon.colcon_core.package_identification:_identify(.) by extension 'python'
[0.102s] Level 1:colcon.colcon_core.package_identification:_identify(.) by extensions ['python_setup_py']
[0.102s] Level 1:colcon.colcon_core.package_identification:_identify(.) by extension 'python_setup_py'
[0.102s] Level 1:colcon.colcon_core.package_identification:_identify(build) by extensions ['ignore', 'ignore_ament_install']
[0.102s] Level 1:colcon.colcon_core.package_identification:_identify(build) by extension 'ignore'
[0.102s] Level 1:colcon.colcon_core.package_identification:_identify(build) ignored
[0.102s] Level 1:colcon.colcon_core.package_identification:_identify(install) by extensions ['ignore', 'ignore_ament_install']
[0.102s] Level 1:colcon.colcon_core.package_identification:_identify(install) by extension 'ignore'
[0.102s] Level 1:colcon.colcon_core.package_identification:_identify(install) ignored
[0.102s] Level 1:colcon.colcon_core.package_identification:_identify(log) by extensions ['ignore', 'ignore_ament_install']
[0.102s] Level 1:colcon.colcon_core.package_identification:_identify(log) by extension 'ignore'
[0.102s] Level 1:colcon.colcon_core.package_identification:_identify(log) ignored
[0.102s] Level 1:colcon.colcon_core.package_identification:_identify(src) by extensions ['ignore', 'ignore_ament_install']
[0.102s] Level 1:colcon.colcon_core.package_identification:_identify(src) by extension 'ignore'
[0.102s] Level 1:colcon.colcon_core.package_identification:_identify(src) by extension 'ignore_ament_install'
[0.102s] Level 1:colcon.colcon_core.package_identification:_identify(src) by extensions ['colcon_pkg']
[0.102s] Level 1:colcon.colcon_core.package_identification:_identify(src) by extension 'colcon_pkg'
[0.102s] Level 1:colcon.colcon_core.package_identification:_identify(src) by extensions ['colcon_meta']
[0.102s] Level 1:colcon.colcon_core.package_identification:_identify(src) by extension 'colcon_meta'
[0.102s] Level 1:colcon.colcon_core.package_identification:_identify(src) by extensions ['ros']
[0.102s] Level 1:colcon.colcon_core.package_identification:_identify(src) by extension 'ros'
[0.102s] Level 1:colcon.colcon_core.package_identification:_identify(src) by extensions ['cmake', 'python']
[0.102s] Level 1:colcon.colcon_core.package_identification:_identify(src) by extension 'cmake'
[0.102s] Level 1:colcon.colcon_core.package_identification:_identify(src) by extension 'python'
[0.102s] Level 1:colcon.colcon_core.package_identification:_identify(src) by extensions ['python_setup_py']
[0.102s] Level 1:colcon.colcon_core.package_identification:_identify(src) by extension 'python_setup_py'
[0.102s] Level 1:colcon.colcon_core.package_identification:_identify(src/build) by extensions ['ignore', 'ignore_ament_install']
[0.102s] Level 1:colcon.colcon_core.package_identification:_identify(src/build) by extension 'ignore'
[0.102s] Level 1:colcon.colcon_core.package_identification:_identify(src/build) ignored
[0.102s] Level 1:colcon.colcon_core.package_identification:_identify(src/install) by extensions ['ignore', 'ignore_ament_install']
[0.102s] Level 1:colcon.colcon_core.package_identification:_identify(src/install) by extension 'ignore'
[0.102s] Level 1:colcon.colcon_core.package_identification:_identify(src/install) ignored
[0.102s] Level 1:colcon.colcon_core.package_identification:_identify(src/lbr-stack) by extensions ['ignore', 'ignore_ament_install']
[0.102s] Level 1:colcon.colcon_core.package_identification:_identify(src/lbr-stack) by extension 'ignore'
[0.102s] Level 1:colcon.colcon_core.package_identification:_identify(src/lbr-stack) by extension 'ignore_ament_install'
[0.102s] Level 1:colcon.colcon_core.package_identification:_identify(src/lbr-stack) by extensions ['colcon_pkg']
[0.102s] Level 1:colcon.colcon_core.package_identification:_identify(src/lbr-stack) by extension 'colcon_pkg'
[0.102s] Level 1:colcon.colcon_core.package_identification:_identify(src/lbr-stack) by extensions ['colcon_meta']
[0.102s] Level 1:colcon.colcon_core.package_identification:_identify(src/lbr-stack) by extension 'colcon_meta'
[0.102s] Level 1:colcon.colcon_core.package_identification:_identify(src/lbr-stack) by extensions ['ros']
[0.102s] Level 1:colcon.colcon_core.package_identification:_identify(src/lbr-stack) by extension 'ros'
[0.102s] Level 1:colcon.colcon_core.package_identification:_identify(src/lbr-stack) by extensions ['cmake', 'python']
[0.102s] Level 1:colcon.colcon_core.package_identification:_identify(src/lbr-stack) by extension 'cmake'
[0.102s] Level 1:colcon.colcon_core.package_identification:_identify(src/lbr-stack) by extension 'python'
[0.102s] Level 1:colcon.colcon_core.package_identification:_identify(src/lbr-stack) by extensions ['python_setup_py']
[0.102s] Level 1:colcon.colcon_core.package_identification:_identify(src/lbr-stack) by extension 'python_setup_py'
[0.102s] Level 1:colcon.colcon_core.package_identification:_identify(src/lbr-stack/build) by extensions ['ignore', 'ignore_ament_install']
[0.102s] Level 1:colcon.colcon_core.package_identification:_identify(src/lbr-stack/build) by extension 'ignore'
[0.102s] Level 1:colcon.colcon_core.package_identification:_identify(src/lbr-stack/build) ignored
[0.103s] Level 1:colcon.colcon_core.package_identification:_identify(src/lbr-stack/install) by extensions ['ignore', 'ignore_ament_install']
[0.103s] Level 1:colcon.colcon_core.package_identification:_identify(src/lbr-stack/install) by extension 'ignore'
[0.103s] Level 1:colcon.colcon_core.package_identification:_identify(src/lbr-stack/install) ignored
[0.103s] Level 1:colcon.colcon_core.package_identification:_identify(src/lbr-stack/log) by extensions ['ignore', 'ignore_ament_install']
[0.103s] Level 1:colcon.colcon_core.package_identification:_identify(src/lbr-stack/log) by extension 'ignore'
[0.103s] Level 1:colcon.colcon_core.package_identification:_identify(src/lbr-stack/log) ignored
[0.103s] Level 1:colcon.colcon_core.package_identification:_identify(src/lbr-stack/src) by extensions ['ignore', 'ignore_ament_install']
[0.103s] Level 1:colcon.colcon_core.package_identification:_identify(src/lbr-stack/src) by extension 'ignore'
[0.103s] Level 1:colcon.colcon_core.package_identification:_identify(src/lbr-stack/src) by extension 'ignore_ament_install'
[0.103s] Level 1:colcon.colcon_core.package_identification:_identify(src/lbr-stack/src) by extensions ['colcon_pkg']
[0.103s] Level 1:colcon.colcon_core.package_identification:_identify(src/lbr-stack/src) by extension 'colcon_pkg'
[0.103s] Level 1:colcon.colcon_core.package_identification:_identify(src/lbr-stack/src) by extensions ['colcon_meta']
[0.103s] Level 1:colcon.colcon_core.package_identification:_identify(src/lbr-stack/src) by extension 'colcon_meta'
[0.103s] Level 1:colcon.colcon_core.package_identification:_identify(src/lbr-stack/src) by extensions ['ros']
[0.103s] Level 1:colcon.colcon_core.package_identification:_identify(src/lbr-stack/src) by extension 'ros'
[0.103s] Level 1:colcon.colcon_core.package_identification:_identify(src/lbr-stack/src) by extensions ['cmake', 'python']
[0.103s] Level 1:colcon.colcon_core.package_identification:_identify(src/lbr-stack/src) by extension 'cmake'
[0.103s] Level 1:colcon.colcon_core.package_identification:_identify(src/lbr-stack/src) by extension 'python'
[0.103s] Level 1:colcon.colcon_core.package_identification:_identify(src/lbr-stack/src) by extensions ['python_setup_py']
[0.103s] Level 1:colcon.colcon_core.package_identification:_identify(src/lbr-stack/src) by extension 'python_setup_py'
[0.103s] Level 1:colcon.colcon_core.package_identification:_identify(src/lbr-stack/src/fri) by extensions ['ignore', 'ignore_ament_install']
[0.103s] Level 1:colcon.colcon_core.package_identification:_identify(src/lbr-stack/src/fri) by extension 'ignore'
[0.103s] Level 1:colcon.colcon_core.package_identification:_identify(src/lbr-stack/src/fri) by extension 'ignore_ament_install'
[0.103s] Level 1:colcon.colcon_core.package_identification:_identify(src/lbr-stack/src/fri) by extensions ['colcon_pkg']
[0.103s] Level 1:colcon.colcon_core.package_identification:_identify(src/lbr-stack/src/fri) by extension 'colcon_pkg'
[0.103s] Level 1:colcon.colcon_core.package_identification:_identify(src/lbr-stack/src/fri) by extensions ['colcon_meta']
[0.103s] Level 1:colcon.colcon_core.package_identification:_identify(src/lbr-stack/src/fri) by extension 'colcon_meta'
[0.103s] Level 1:colcon.colcon_core.package_identification:_identify(src/lbr-stack/src/fri) by extensions ['ros']
[0.103s] Level 1:colcon.colcon_core.package_identification:_identify(src/lbr-stack/src/fri) by extension 'ros'
[0.105s] DEBUG:colcon.colcon_core.package_identification:Package 'src/lbr-stack/src/fri' with type 'ros.cmake' and name 'fri_client_sdk'
[0.105s] Level 1:colcon.colcon_core.package_identification:_identify(src/lbr-stack/src/lbr_fri_idl) by extensions ['ignore', 'ignore_ament_install']
[0.105s] Level 1:colcon.colcon_core.package_identification:_identify(src/lbr-stack/src/lbr_fri_idl) by extension 'ignore'
[0.105s] Level 1:colcon.colcon_core.package_identification:_identify(src/lbr-stack/src/lbr_fri_idl) by extension 'ignore_ament_install'
[0.105s] Level 1:colcon.colcon_core.package_identification:_identify(src/lbr-stack/src/lbr_fri_idl) by extensions ['colcon_pkg']
[0.105s] Level 1:colcon.colcon_core.package_identification:_identify(src/lbr-stack/src/lbr_fri_idl) by extension 'colcon_pkg'
[0.105s] Level 1:colcon.colcon_core.package_identification:_identify(src/lbr-stack/src/lbr_fri_idl) by extensions ['colcon_meta']
[0.105s] Level 1:colcon.colcon_core.package_identification:_identify(src/lbr-stack/src/lbr_fri_idl) by extension 'colcon_meta'
[0.105s] Level 1:colcon.colcon_core.package_identification:_identify(src/lbr-stack/src/lbr_fri_idl) by extensions ['ros']
[0.105s] Level 1:colcon.colcon_core.package_identification:_identify(src/lbr-stack/src/lbr_fri_idl) by extension 'ros'
[0.106s] DEBUG:colcon.colcon_core.package_identification:Package 'src/lbr-stack/src/lbr_fri_idl' with type 'ros.ament_cmake' and name 'lbr_fri_idl'
[0.106s] Level 1:colcon.colcon_core.package_identification:_identify(src/lbr-stack/src/lbr_fri_ros2_stack) by extensions ['ignore', 'ignore_ament_install']
[0.106s] Level 1:colcon.colcon_core.package_identification:_identify(src/lbr-stack/src/lbr_fri_ros2_stack) by extension 'ignore'
[0.106s] Level 1:colcon.colcon_core.package_identification:_identify(src/lbr-stack/src/lbr_fri_ros2_stack) by extension 'ignore_ament_install'
[0.106s] Level 1:colcon.colcon_core.package_identification:_identify(src/lbr-stack/src/lbr_fri_ros2_stack) by extensions ['colcon_pkg']
[0.106s] Level 1:colcon.colcon_core.package_identification:_identify(src/lbr-stack/src/lbr_fri_ros2_stack) by extension 'colcon_pkg'
[0.106s] Level 1:colcon.colcon_core.package_identification:_identify(src/lbr-stack/src/lbr_fri_ros2_stack) by extensions ['colcon_meta']
[0.106s] Level 1:colcon.colcon_core.package_identification:_identify(src/lbr-stack/src/lbr_fri_ros2_stack) by extension 'colcon_meta'
[0.106s] Level 1:colcon.colcon_core.package_identification:_identify(src/lbr-stack/src/lbr_fri_ros2_stack) by extensions ['ros']
[0.106s] Level 1:colcon.colcon_core.package_identification:_identify(src/lbr-stack/src/lbr_fri_ros2_stack) by extension 'ros'
[0.106s] Level 1:colcon.colcon_core.package_identification:_identify(src/lbr-stack/src/lbr_fri_ros2_stack) by extensions ['cmake', 'python']
[0.106s] Level 1:colcon.colcon_core.package_identification:_identify(src/lbr-stack/src/lbr_fri_ros2_stack) by extension 'cmake'
[0.106s] Level 1:colcon.colcon_core.package_identification:_identify(src/lbr-stack/src/lbr_fri_ros2_stack) by extension 'python'
[0.106s] Level 1:colcon.colcon_core.package_identification:_identify(src/lbr-stack/src/lbr_fri_ros2_stack) by extensions ['python_setup_py']
[0.106s] Level 1:colcon.colcon_core.package_identification:_identify(src/lbr-stack/src/lbr_fri_ros2_stack) by extension 'python_setup_py'
[0.106s] Level 1:colcon.colcon_core.package_identification:_identify(src/lbr-stack/src/lbr_fri_ros2_stack/docker) by extensions ['ignore', 'ignore_ament_install']
[0.106s] Level 1:colcon.colcon_core.package_identification:_identify(src/lbr-stack/src/lbr_fri_ros2_stack/docker) by extension 'ignore'
[0.106s] Level 1:colcon.colcon_core.package_identification:_identify(src/lbr-stack/src/lbr_fri_ros2_stack/docker) by extension 'ignore_ament_install'
[0.106s] Level 1:colcon.colcon_core.package_identification:_identify(src/lbr-stack/src/lbr_fri_ros2_stack/docker) by extensions ['colcon_pkg']
[0.106s] Level 1:colcon.colcon_core.package_identification:_identify(src/lbr-stack/src/lbr_fri_ros2_stack/docker) by extension 'colcon_pkg'
[0.106s] Level 1:colcon.colcon_core.package_identification:_identify(src/lbr-stack/src/lbr_fri_ros2_stack/docker) by extensions ['colcon_meta']
[0.106s] Level 1:colcon.colcon_core.package_identification:_identify(src/lbr-stack/src/lbr_fri_ros2_stack/docker) by extension 'colcon_meta'
[0.106s] Level 1:colcon.colcon_core.package_identification:_identify(src/lbr-stack/src/lbr_fri_ros2_stack/docker) by extensions ['ros']
[0.106s] Level 1:colcon.colcon_core.package_identification:_identify(src/lbr-stack/src/lbr_fri_ros2_stack/docker) by extension 'ros'
[0.107s] Level 1:colcon.colcon_core.package_identification:_identify(src/lbr-stack/src/lbr_fri_ros2_stack/docker) by extensions ['cmake', 'python']
[0.107s] Level 1:colcon.colcon_core.package_identification:_identify(src/lbr-stack/src/lbr_fri_ros2_stack/docker) by extension 'cmake'
[0.107s] Level 1:colcon.colcon_core.package_identification:_identify(src/lbr-stack/src/lbr_fri_ros2_stack/docker) by extension 'python'
[0.107s] Level 1:colcon.colcon_core.package_identification:_identify(src/lbr-stack/src/lbr_fri_ros2_stack/docker) by extensions ['python_setup_py']
[0.107s] Level 1:colcon.colcon_core.package_identification:_identify(src/lbr-stack/src/lbr_fri_ros2_stack/docker) by extension 'python_setup_py'
[0.107s] Level 1:colcon.colcon_core.package_identification:_identify(src/lbr-stack/src/lbr_fri_ros2_stack/docker/doc) by extensions ['ignore', 'ignore_ament_install']
[0.107s] Level 1:colcon.colcon_core.package_identification:_identify(src/lbr-stack/src/lbr_fri_ros2_stack/docker/doc) by extension 'ignore'
[0.107s] Level 1:colcon.colcon_core.package_identification:_identify(src/lbr-stack/src/lbr_fri_ros2_stack/docker/doc) by extension 'ignore_ament_install'
[0.107s] Level 1:colcon.colcon_core.package_identification:_identify(src/lbr-stack/src/lbr_fri_ros2_stack/docker/doc) by extensions ['colcon_pkg']
[0.107s] Level 1:colcon.colcon_core.package_identification:_identify(src/lbr-stack/src/lbr_fri_ros2_stack/docker/doc) by extension 'colcon_pkg'
[0.107s] Level 1:colcon.colcon_core.package_identification:_identify(src/lbr-stack/src/lbr_fri_ros2_stack/docker/doc) by extensions ['colcon_meta']
[0.107s] Level 1:colcon.colcon_core.package_identification:_identify(src/lbr-stack/src/lbr_fri_ros2_stack/docker/doc) by extension 'colcon_meta'
[0.107s] Level 1:colcon.colcon_core.package_identification:_identify(src/lbr-stack/src/lbr_fri_ros2_stack/docker/doc) by extensions ['ros']
[0.107s] Level 1:colcon.colcon_core.package_identification:_identify(src/lbr-stack/src/lbr_fri_ros2_stack/docker/doc) by extension 'ros'
[0.107s] Level 1:colcon.colcon_core.package_identification:_identify(src/lbr-stack/src/lbr_fri_ros2_stack/docker/doc) by extensions ['cmake', 'python']
[0.107s] Level 1:colcon.colcon_core.package_identification:_identify(src/lbr-stack/src/lbr_fri_ros2_stack/docker/doc) by extension 'cmake'
[0.107s] Level 1:colcon.colcon_core.package_identification:_identify(src/lbr-stack/src/lbr_fri_ros2_stack/docker/doc) by extension 'python'
[0.107s] Level 1:colcon.colcon_core.package_identification:_identify(src/lbr-stack/src/lbr_fri_ros2_stack/docker/doc) by extensions ['python_setup_py']
[0.107s] Level 1:colcon.colcon_core.package_identification:_identify(src/lbr-stack/src/lbr_fri_ros2_stack/docker/doc) by extension 'python_setup_py'
[0.107s] Level 1:colcon.colcon_core.package_identification:_identify(src/lbr-stack/src/lbr_fri_ros2_stack/lbr_bringup) by extensions ['ignore', 'ignore_ament_install']
[0.107s] Level 1:colcon.colcon_core.package_identification:_identify(src/lbr-stack/src/lbr_fri_ros2_stack/lbr_bringup) by extension 'ignore'
[0.107s] Level 1:colcon.colcon_core.package_identification:_identify(src/lbr-stack/src/lbr_fri_ros2_stack/lbr_bringup) by extension 'ignore_ament_install'
[0.107s] Level 1:colcon.colcon_core.package_identification:_identify(src/lbr-stack/src/lbr_fri_ros2_stack/lbr_bringup) by extensions ['colcon_pkg']
[0.107s] Level 1:colcon.colcon_core.package_identification:_identify(src/lbr-stack/src/lbr_fri_ros2_stack/lbr_bringup) by extension 'colcon_pkg'
[0.107s] Level 1:colcon.colcon_core.package_identification:_identify(src/lbr-stack/src/lbr_fri_ros2_stack/lbr_bringup) by extensions ['colcon_meta']
[0.107s] Level 1:colcon.colcon_core.package_identification:_identify(src/lbr-stack/src/lbr_fri_ros2_stack/lbr_bringup) by extension 'colcon_meta'
[0.107s] Level 1:colcon.colcon_core.package_identification:_identify(src/lbr-stack/src/lbr_fri_ros2_stack/lbr_bringup) by extensions ['ros']
[0.107s] Level 1:colcon.colcon_core.package_identification:_identify(src/lbr-stack/src/lbr_fri_ros2_stack/lbr_bringup) by extension 'ros'
[0.107s] DEBUG:colcon.colcon_core.package_identification:Package 'src/lbr-stack/src/lbr_fri_ros2_stack/lbr_bringup' with type 'ros.ament_cmake' and name 'lbr_bringup'
[0.108s] Level 1:colcon.colcon_core.package_identification:_identify(src/lbr-stack/src/lbr_fri_ros2_stack/lbr_demos) by extensions ['ignore', 'ignore_ament_install']
[0.108s] Level 1:colcon.colcon_core.package_identification:_identify(src/lbr-stack/src/lbr_fri_ros2_stack/lbr_demos) by extension 'ignore'
[0.108s] Level 1:colcon.colcon_core.package_identification:_identify(src/lbr-stack/src/lbr_fri_ros2_stack/lbr_demos) by extension 'ignore_ament_install'
[0.108s] Level 1:colcon.colcon_core.package_identification:_identify(src/lbr-stack/src/lbr_fri_ros2_stack/lbr_demos) by extensions ['colcon_pkg']
[0.108s] Level 1:colcon.colcon_core.package_identification:_identify(src/lbr-stack/src/lbr_fri_ros2_stack/lbr_demos) by extension 'colcon_pkg'
[0.108s] Level 1:colcon.colcon_core.package_identification:_identify(src/lbr-stack/src/lbr_fri_ros2_stack/lbr_demos) by extensions ['colcon_meta']
[0.108s] Level 1:colcon.colcon_core.package_identification:_identify(src/lbr-stack/src/lbr_fri_ros2_stack/lbr_demos) by extension 'colcon_meta'
[0.108s] Level 1:colcon.colcon_core.package_identification:_identify(src/lbr-stack/src/lbr_fri_ros2_stack/lbr_demos) by extensions ['ros']
[0.108s] Level 1:colcon.colcon_core.package_identification:_identify(src/lbr-stack/src/lbr_fri_ros2_stack/lbr_demos) by extension 'ros'
[0.108s] Level 1:colcon.colcon_core.package_identification:_identify(src/lbr-stack/src/lbr_fri_ros2_stack/lbr_demos) by extensions ['cmake', 'python']
[0.108s] Level 1:colcon.colcon_core.package_identification:_identify(src/lbr-stack/src/lbr_fri_ros2_stack/lbr_demos) by extension 'cmake'
[0.108s] Level 1:colcon.colcon_core.package_identification:_identify(src/lbr-stack/src/lbr_fri_ros2_stack/lbr_demos) by extension 'python'
[0.108s] Level 1:colcon.colcon_core.package_identification:_identify(src/lbr-stack/src/lbr_fri_ros2_stack/lbr_demos) by extensions ['python_setup_py']
[0.108s] Level 1:colcon.colcon_core.package_identification:_identify(src/lbr-stack/src/lbr_fri_ros2_stack/lbr_demos) by extension 'python_setup_py'
[0.108s] Level 1:colcon.colcon_core.package_identification:_identify(src/lbr-stack/src/lbr_fri_ros2_stack/lbr_demos/doc) by extensions ['ignore', 'ignore_ament_install']
[0.108s] Level 1:colcon.colcon_core.package_identification:_identify(src/lbr-stack/src/lbr_fri_ros2_stack/lbr_demos/doc) by extension 'ignore'
[0.108s] Level 1:colcon.colcon_core.package_identification:_identify(src/lbr-stack/src/lbr_fri_ros2_stack/lbr_demos/doc) by extension 'ignore_ament_install'
[0.108s] Level 1:colcon.colcon_core.package_identification:_identify(src/lbr-stack/src/lbr_fri_ros2_stack/lbr_demos/doc) by extensions ['colcon_pkg']
[0.108s] Level 1:colcon.colcon_core.package_identification:_identify(src/lbr-stack/src/lbr_fri_ros2_stack/lbr_demos/doc) by extension 'colcon_pkg'
[0.108s] Level 1:colcon.colcon_core.package_identification:_identify(src/lbr-stack/src/lbr_fri_ros2_stack/lbr_demos/doc) by extensions ['colcon_meta']
[0.108s] Level 1:colcon.colcon_core.package_identification:_identify(src/lbr-stack/src/lbr_fri_ros2_stack/lbr_demos/doc) by extension 'colcon_meta'
[0.108s] Level 1:colcon.colcon_core.package_identification:_identify(src/lbr-stack/src/lbr_fri_ros2_stack/lbr_demos/doc) by extensions ['ros']
[0.108s] Level 1:colcon.colcon_core.package_identification:_identify(src/lbr-stack/src/lbr_fri_ros2_stack/lbr_demos/doc) by extension 'ros'
[0.108s] Level 1:colcon.colcon_core.package_identification:_identify(src/lbr-stack/src/lbr_fri_ros2_stack/lbr_demos/doc) by extensions ['cmake', 'python']
[0.108s] Level 1:colcon.colcon_core.package_identification:_identify(src/lbr-stack/src/lbr_fri_ros2_stack/lbr_demos/doc) by extension 'cmake'
[0.108s] Level 1:colcon.colcon_core.package_identification:_identify(src/lbr-stack/src/lbr_fri_ros2_stack/lbr_demos/doc) by extension 'python'
[0.108s] Level 1:colcon.colcon_core.package_identification:_identify(src/lbr-stack/src/lbr_fri_ros2_stack/lbr_demos/doc) by extensions ['python_setup_py']
[0.108s] Level 1:colcon.colcon_core.package_identification:_identify(src/lbr-stack/src/lbr_fri_ros2_stack/lbr_demos/doc) by extension 'python_setup_py'
[0.108s] Level 1:colcon.colcon_core.package_identification:_identify(src/lbr-stack/src/lbr_fri_ros2_stack/lbr_demos/doc/img) by extensions ['ignore', 'ignore_ament_install']
[0.108s] Level 1:colcon.colcon_core.package_identification:_identify(src/lbr-stack/src/lbr_fri_ros2_stack/lbr_demos/doc/img) by extension 'ignore'
[0.108s] Level 1:colcon.colcon_core.package_identification:_identify(src/lbr-stack/src/lbr_fri_ros2_stack/lbr_demos/doc/img) by extension 'ignore_ament_install'
[0.108s] Level 1:colcon.colcon_core.package_identification:_identify(src/lbr-stack/src/lbr_fri_ros2_stack/lbr_demos/doc/img) by extensions ['colcon_pkg']
[0.108s] Level 1:colcon.colcon_core.package_identification:_identify(src/lbr-stack/src/lbr_fri_ros2_stack/lbr_demos/doc/img) by extension 'colcon_pkg'
[0.108s] Level 1:colcon.colcon_core.package_identification:_identify(src/lbr-stack/src/lbr_fri_ros2_stack/lbr_demos/doc/img) by extensions ['colcon_meta']
[0.108s] Level 1:colcon.colcon_core.package_identification:_identify(src/lbr-stack/src/lbr_fri_ros2_stack/lbr_demos/doc/img) by extension 'colcon_meta'
[0.108s] Level 1:colcon.colcon_core.package_identification:_identify(src/lbr-stack/src/lbr_fri_ros2_stack/lbr_demos/doc/img) by extensions ['ros']
[0.108s] Level 1:colcon.colcon_core.package_identification:_identify(src/lbr-stack/src/lbr_fri_ros2_stack/lbr_demos/doc/img) by extension 'ros'
[0.108s] Level 1:colcon.colcon_core.package_identification:_identify(src/lbr-stack/src/lbr_fri_ros2_stack/lbr_demos/doc/img) by extensions ['cmake', 'python']
[0.108s] Level 1:colcon.colcon_core.package_identification:_identify(src/lbr-stack/src/lbr_fri_ros2_stack/lbr_demos/doc/img) by extension 'cmake'
[0.108s] Level 1:colcon.colcon_core.package_identification:_identify(src/lbr-stack/src/lbr_fri_ros2_stack/lbr_demos/doc/img) by extension 'python'
[0.108s] Level 1:colcon.colcon_core.package_identification:_identify(src/lbr-stack/src/lbr_fri_ros2_stack/lbr_demos/doc/img) by extensions ['python_setup_py']
[0.108s] Level 1:colcon.colcon_core.package_identification:_identify(src/lbr-stack/src/lbr_fri_ros2_stack/lbr_demos/doc/img) by extension 'python_setup_py'
[0.108s] Level 1:colcon.colcon_core.package_identification:_identify(src/lbr-stack/src/lbr_fri_ros2_stack/lbr_demos/lbr_demos_advanced_cpp) by extensions ['ignore', 'ignore_ament_install']
[0.108s] Level 1:colcon.colcon_core.package_identification:_identify(src/lbr-stack/src/lbr_fri_ros2_stack/lbr_demos/lbr_demos_advanced_cpp) by extension 'ignore'
[0.108s] Level 1:colcon.colcon_core.package_identification:_identify(src/lbr-stack/src/lbr_fri_ros2_stack/lbr_demos/lbr_demos_advanced_cpp) by extension 'ignore_ament_install'
[0.108s] Level 1:colcon.colcon_core.package_identification:_identify(src/lbr-stack/src/lbr_fri_ros2_stack/lbr_demos/lbr_demos_advanced_cpp) by extensions ['colcon_pkg']
[0.108s] Level 1:colcon.colcon_core.package_identification:_identify(src/lbr-stack/src/lbr_fri_ros2_stack/lbr_demos/lbr_demos_advanced_cpp) by extension 'colcon_pkg'
[0.108s] Level 1:colcon.colcon_core.package_identification:_identify(src/lbr-stack/src/lbr_fri_ros2_stack/lbr_demos/lbr_demos_advanced_cpp) by extensions ['colcon_meta']
[0.108s] Level 1:colcon.colcon_core.package_identification:_identify(src/lbr-stack/src/lbr_fri_ros2_stack/lbr_demos/lbr_demos_advanced_cpp) by extension 'colcon_meta'
[0.108s] Level 1:colcon.colcon_core.package_identification:_identify(src/lbr-stack/src/lbr_fri_ros2_stack/lbr_demos/lbr_demos_advanced_cpp) by extensions ['ros']
[0.108s] Level 1:colcon.colcon_core.package_identification:_identify(src/lbr-stack/src/lbr_fri_ros2_stack/lbr_demos/lbr_demos_advanced_cpp) by extension 'ros'
[0.109s] DEBUG:colcon.colcon_core.package_identification:Package 'src/lbr-stack/src/lbr_fri_ros2_stack/lbr_demos/lbr_demos_advanced_cpp' with type 'ros.ament_cmake' and name 'lbr_demos_advanced_cpp'
[0.109s] Level 1:colcon.colcon_core.package_identification:_identify(src/lbr-stack/src/lbr_fri_ros2_stack/lbr_demos/lbr_demos_advanced_py) by extensions ['ignore', 'ignore_ament_install']
[0.109s] Level 1:colcon.colcon_core.package_identification:_identify(src/lbr-stack/src/lbr_fri_ros2_stack/lbr_demos/lbr_demos_advanced_py) by extension 'ignore'
[0.109s] Level 1:colcon.colcon_core.package_identification:_identify(src/lbr-stack/src/lbr_fri_ros2_stack/lbr_demos/lbr_demos_advanced_py) by extension 'ignore_ament_install'
[0.109s] Level 1:colcon.colcon_core.package_identification:_identify(src/lbr-stack/src/lbr_fri_ros2_stack/lbr_demos/lbr_demos_advanced_py) by extensions ['colcon_pkg']
[0.109s] Level 1:colcon.colcon_core.package_identification:_identify(src/lbr-stack/src/lbr_fri_ros2_stack/lbr_demos/lbr_demos_advanced_py) by extension 'colcon_pkg'
[0.109s] Level 1:colcon.colcon_core.package_identification:_identify(src/lbr-stack/src/lbr_fri_ros2_stack/lbr_demos/lbr_demos_advanced_py) by extensions ['colcon_meta']
[0.109s] Level 1:colcon.colcon_core.package_identification:_identify(src/lbr-stack/src/lbr_fri_ros2_stack/lbr_demos/lbr_demos_advanced_py) by extension 'colcon_meta'
[0.109s] Level 1:colcon.colcon_core.package_identification:_identify(src/lbr-stack/src/lbr_fri_ros2_stack/lbr_demos/lbr_demos_advanced_py) by extensions ['ros']
[0.109s] Level 1:colcon.colcon_core.package_identification:_identify(src/lbr-stack/src/lbr_fri_ros2_stack/lbr_demos/lbr_demos_advanced_py) by extension 'ros'
[0.110s] DEBUG:colcon.colcon_core.package_identification:Package 'src/lbr-stack/src/lbr_fri_ros2_stack/lbr_demos/lbr_demos_advanced_py' with type 'ros.ament_python' and name 'lbr_demos_advanced_py'
[0.110s] Level 1:colcon.colcon_core.package_identification:_identify(src/lbr-stack/src/lbr_fri_ros2_stack/lbr_demos/lbr_demos_cpp) by extensions ['ignore', 'ignore_ament_install']
[0.110s] Level 1:colcon.colcon_core.package_identification:_identify(src/lbr-stack/src/lbr_fri_ros2_stack/lbr_demos/lbr_demos_cpp) by extension 'ignore'
[0.110s] Level 1:colcon.colcon_core.package_identification:_identify(src/lbr-stack/src/lbr_fri_ros2_stack/lbr_demos/lbr_demos_cpp) by extension 'ignore_ament_install'
[0.110s] Level 1:colcon.colcon_core.package_identification:_identify(src/lbr-stack/src/lbr_fri_ros2_stack/lbr_demos/lbr_demos_cpp) by extensions ['colcon_pkg']
[0.110s] Level 1:colcon.colcon_core.package_identification:_identify(src/lbr-stack/src/lbr_fri_ros2_stack/lbr_demos/lbr_demos_cpp) by extension 'colcon_pkg'
[0.110s] Level 1:colcon.colcon_core.package_identification:_identify(src/lbr-stack/src/lbr_fri_ros2_stack/lbr_demos/lbr_demos_cpp) by extensions ['colcon_meta']
[0.110s] Level 1:colcon.colcon_core.package_identification:_identify(src/lbr-stack/src/lbr_fri_ros2_stack/lbr_demos/lbr_demos_cpp) by extension 'colcon_meta'
[0.110s] Level 1:colcon.colcon_core.package_identification:_identify(src/lbr-stack/src/lbr_fri_ros2_stack/lbr_demos/lbr_demos_cpp) by extensions ['ros']
[0.110s] Level 1:colcon.colcon_core.package_identification:_identify(src/lbr-stack/src/lbr_fri_ros2_stack/lbr_demos/lbr_demos_cpp) by extension 'ros'
[0.110s] DEBUG:colcon.colcon_core.package_identification:Package 'src/lbr-stack/src/lbr_fri_ros2_stack/lbr_demos/lbr_demos_cpp' with type 'ros.ament_cmake' and name 'lbr_demos_cpp'
[0.110s] Level 1:colcon.colcon_core.package_identification:_identify(src/lbr-stack/src/lbr_fri_ros2_stack/lbr_demos/lbr_demos_py) by extensions ['ignore', 'ignore_ament_install']
[0.110s] Level 1:colcon.colcon_core.package_identification:_identify(src/lbr-stack/src/lbr_fri_ros2_stack/lbr_demos/lbr_demos_py) by extension 'ignore'
[0.110s] Level 1:colcon.colcon_core.package_identification:_identify(src/lbr-stack/src/lbr_fri_ros2_stack/lbr_demos/lbr_demos_py) by extension 'ignore_ament_install'
[0.110s] Level 1:colcon.colcon_core.package_identification:_identify(src/lbr-stack/src/lbr_fri_ros2_stack/lbr_demos/lbr_demos_py) by extensions ['colcon_pkg']
[0.110s] Level 1:colcon.colcon_core.package_identification:_identify(src/lbr-stack/src/lbr_fri_ros2_stack/lbr_demos/lbr_demos_py) by extension 'colcon_pkg'
[0.110s] Level 1:colcon.colcon_core.package_identification:_identify(src/lbr-stack/src/lbr_fri_ros2_stack/lbr_demos/lbr_demos_py) by extensions ['colcon_meta']
[0.110s] Level 1:colcon.colcon_core.package_identification:_identify(src/lbr-stack/src/lbr_fri_ros2_stack/lbr_demos/lbr_demos_py) by extension 'colcon_meta'
[0.110s] Level 1:colcon.colcon_core.package_identification:_identify(src/lbr-stack/src/lbr_fri_ros2_stack/lbr_demos/lbr_demos_py) by extensions ['ros']
[0.110s] Level 1:colcon.colcon_core.package_identification:_identify(src/lbr-stack/src/lbr_fri_ros2_stack/lbr_demos/lbr_demos_py) by extension 'ros'
[0.111s] DEBUG:colcon.colcon_core.package_identification:Package 'src/lbr-stack/src/lbr_fri_ros2_stack/lbr_demos/lbr_demos_py' with type 'ros.ament_python' and name 'lbr_demos_py'
[0.111s] Level 1:colcon.colcon_core.package_identification:_identify(src/lbr-stack/src/lbr_fri_ros2_stack/lbr_demos/lbr_dual_arm) by extensions ['ignore', 'ignore_ament_install']
[0.111s] Level 1:colcon.colcon_core.package_identification:_identify(src/lbr-stack/src/lbr_fri_ros2_stack/lbr_demos/lbr_dual_arm) by extension 'ignore'
[0.111s] Level 1:colcon.colcon_core.package_identification:_identify(src/lbr-stack/src/lbr_fri_ros2_stack/lbr_demos/lbr_dual_arm) by extension 'ignore_ament_install'
[0.111s] Level 1:colcon.colcon_core.package_identification:_identify(src/lbr-stack/src/lbr_fri_ros2_stack/lbr_demos/lbr_dual_arm) by extensions ['colcon_pkg']
[0.111s] Level 1:colcon.colcon_core.package_identification:_identify(src/lbr-stack/src/lbr_fri_ros2_stack/lbr_demos/lbr_dual_arm) by extension 'colcon_pkg'
[0.111s] Level 1:colcon.colcon_core.package_identification:_identify(src/lbr-stack/src/lbr_fri_ros2_stack/lbr_demos/lbr_dual_arm) by extensions ['colcon_meta']
[0.111s] Level 1:colcon.colcon_core.package_identification:_identify(src/lbr-stack/src/lbr_fri_ros2_stack/lbr_demos/lbr_dual_arm) by extension 'colcon_meta'
[0.111s] Level 1:colcon.colcon_core.package_identification:_identify(src/lbr-stack/src/lbr_fri_ros2_stack/lbr_demos/lbr_dual_arm) by extensions ['ros']
[0.111s] Level 1:colcon.colcon_core.package_identification:_identify(src/lbr-stack/src/lbr_fri_ros2_stack/lbr_demos/lbr_dual_arm) by extension 'ros'
[0.111s] Level 1:colcon.colcon_core.package_identification:_identify(src/lbr-stack/src/lbr_fri_ros2_stack/lbr_demos/lbr_dual_arm) by extensions ['cmake', 'python']
[0.111s] Level 1:colcon.colcon_core.package_identification:_identify(src/lbr-stack/src/lbr_fri_ros2_stack/lbr_demos/lbr_dual_arm) by extension 'cmake'
[0.111s] Level 1:colcon.colcon_core.package_identification:_identify(src/lbr-stack/src/lbr_fri_ros2_stack/lbr_demos/lbr_dual_arm) by extension 'python'
[0.111s] Level 1:colcon.colcon_core.package_identification:_identify(src/lbr-stack/src/lbr_fri_ros2_stack/lbr_demos/lbr_dual_arm) by extensions ['python_setup_py']
[0.111s] Level 1:colcon.colcon_core.package_identification:_identify(src/lbr-stack/src/lbr_fri_ros2_stack/lbr_demos/lbr_dual_arm) by extension 'python_setup_py'
[0.111s] Level 1:colcon.colcon_core.package_identification:_identify(src/lbr-stack/src/lbr_fri_ros2_stack/lbr_demos/lbr_dual_arm/lbr_dual_arm) by extensions ['ignore', 'ignore_ament_install']
[0.111s] Level 1:colcon.colcon_core.package_identification:_identify(src/lbr-stack/src/lbr_fri_ros2_stack/lbr_demos/lbr_dual_arm/lbr_dual_arm) by extension 'ignore'
[0.111s] Level 1:colcon.colcon_core.package_identification:_identify(src/lbr-stack/src/lbr_fri_ros2_stack/lbr_demos/lbr_dual_arm/lbr_dual_arm) by extension 'ignore_ament_install'
[0.111s] Level 1:colcon.colcon_core.package_identification:_identify(src/lbr-stack/src/lbr_fri_ros2_stack/lbr_demos/lbr_dual_arm/lbr_dual_arm) by extensions ['colcon_pkg']
[0.111s] Level 1:colcon.colcon_core.package_identification:_identify(src/lbr-stack/src/lbr_fri_ros2_stack/lbr_demos/lbr_dual_arm/lbr_dual_arm) by extension 'colcon_pkg'
[0.111s] Level 1:colcon.colcon_core.package_identification:_identify(src/lbr-stack/src/lbr_fri_ros2_stack/lbr_demos/lbr_dual_arm/lbr_dual_arm) by extensions ['colcon_meta']
[0.111s] Level 1:colcon.colcon_core.package_identification:_identify(src/lbr-stack/src/lbr_fri_ros2_stack/lbr_demos/lbr_dual_arm/lbr_dual_arm) by extension 'colcon_meta'
[0.111s] Level 1:colcon.colcon_core.package_identification:_identify(src/lbr-stack/src/lbr_fri_ros2_stack/lbr_demos/lbr_dual_arm/lbr_dual_arm) by extensions ['ros']
[0.111s] Level 1:colcon.colcon_core.package_identification:_identify(src/lbr-stack/src/lbr_fri_ros2_stack/lbr_demos/lbr_dual_arm/lbr_dual_arm) by extension 'ros'
[0.112s] DEBUG:colcon.colcon_core.package_identification:Package 'src/lbr-stack/src/lbr_fri_ros2_stack/lbr_demos/lbr_dual_arm/lbr_dual_arm' with type 'ros.ament_cmake' and name 'lbr_dual_arm'
[0.112s] Level 1:colcon.colcon_core.package_identification:_identify(src/lbr-stack/src/lbr_fri_ros2_stack/lbr_demos/lbr_dual_arm/lbr_dual_arm_moveit_config) by extensions ['ignore', 'ignore_ament_install']
[0.112s] Level 1:colcon.colcon_core.package_identification:_identify(src/lbr-stack/src/lbr_fri_ros2_stack/lbr_demos/lbr_dual_arm/lbr_dual_arm_moveit_config) by extension 'ignore'
[0.112s] Level 1:colcon.colcon_core.package_identification:_identify(src/lbr-stack/src/lbr_fri_ros2_stack/lbr_demos/lbr_dual_arm/lbr_dual_arm_moveit_config) by extension 'ignore_ament_install'
[0.112s] Level 1:colcon.colcon_core.package_identification:_identify(src/lbr-stack/src/lbr_fri_ros2_stack/lbr_demos/lbr_dual_arm/lbr_dual_arm_moveit_config) by extensions ['colcon_pkg']
[0.112s] Level 1:colcon.colcon_core.package_identification:_identify(src/lbr-stack/src/lbr_fri_ros2_stack/lbr_demos/lbr_dual_arm/lbr_dual_arm_moveit_config) by extension 'colcon_pkg'
[0.112s] Level 1:colcon.colcon_core.package_identification:_identify(src/lbr-stack/src/lbr_fri_ros2_stack/lbr_demos/lbr_dual_arm/lbr_dual_arm_moveit_config) by extensions ['colcon_meta']
[0.112s] Level 1:colcon.colcon_core.package_identification:_identify(src/lbr-stack/src/lbr_fri_ros2_stack/lbr_demos/lbr_dual_arm/lbr_dual_arm_moveit_config) by extension 'colcon_meta'
[0.112s] Level 1:colcon.colcon_core.package_identification:_identify(src/lbr-stack/src/lbr_fri_ros2_stack/lbr_demos/lbr_dual_arm/lbr_dual_arm_moveit_config) by extensions ['ros']
[0.112s] Level 1:colcon.colcon_core.package_identification:_identify(src/lbr-stack/src/lbr_fri_ros2_stack/lbr_demos/lbr_dual_arm/lbr_dual_arm_moveit_config) by extension 'ros'
[0.112s] DEBUG:colcon.colcon_core.package_identification:Package 'src/lbr-stack/src/lbr_fri_ros2_stack/lbr_demos/lbr_dual_arm/lbr_dual_arm_moveit_config' with type 'ros.ament_cmake' and name 'lbr_dual_arm_moveit_config'
[0.112s] Level 1:colcon.colcon_core.package_identification:_identify(src/lbr-stack/src/lbr_fri_ros2_stack/lbr_demos/lbr_moveit) by extensions ['ignore', 'ignore_ament_install']
[0.113s] Level 1:colcon.colcon_core.package_identification:_identify(src/lbr-stack/src/lbr_fri_ros2_stack/lbr_demos/lbr_moveit) by extension 'ignore'
[0.113s] Level 1:colcon.colcon_core.package_identification:_identify(src/lbr-stack/src/lbr_fri_ros2_stack/lbr_demos/lbr_moveit) by extension 'ignore_ament_install'
[0.113s] Level 1:colcon.colcon_core.package_identification:_identify(src/lbr-stack/src/lbr_fri_ros2_stack/lbr_demos/lbr_moveit) by extensions ['colcon_pkg']
[0.113s] Level 1:colcon.colcon_core.package_identification:_identify(src/lbr-stack/src/lbr_fri_ros2_stack/lbr_demos/lbr_moveit) by extension 'colcon_pkg'
[0.113s] Level 1:colcon.colcon_core.package_identification:_identify(src/lbr-stack/src/lbr_fri_ros2_stack/lbr_demos/lbr_moveit) by extensions ['colcon_meta']
[0.113s] Level 1:colcon.colcon_core.package_identification:_identify(src/lbr-stack/src/lbr_fri_ros2_stack/lbr_demos/lbr_moveit) by extension 'colcon_meta'
[0.113s] Level 1:colcon.colcon_core.package_identification:_identify(src/lbr-stack/src/lbr_fri_ros2_stack/lbr_demos/lbr_moveit) by extensions ['ros']
[0.113s] Level 1:colcon.colcon_core.package_identification:_identify(src/lbr-stack/src/lbr_fri_ros2_stack/lbr_demos/lbr_moveit) by extension 'ros'
[0.113s] DEBUG:colcon.colcon_core.package_identification:Package 'src/lbr-stack/src/lbr_fri_ros2_stack/lbr_demos/lbr_moveit' with type 'ros.ament_python' and name 'lbr_moveit'
[0.113s] Level 1:colcon.colcon_core.package_identification:_identify(src/lbr-stack/src/lbr_fri_ros2_stack/lbr_demos/lbr_moveit_cpp) by extensions ['ignore', 'ignore_ament_install']
[0.113s] Level 1:colcon.colcon_core.package_identification:_identify(src/lbr-stack/src/lbr_fri_ros2_stack/lbr_demos/lbr_moveit_cpp) by extension 'ignore'
[0.113s] Level 1:colcon.colcon_core.package_identification:_identify(src/lbr-stack/src/lbr_fri_ros2_stack/lbr_demos/lbr_moveit_cpp) by extension 'ignore_ament_install'
[0.113s] Level 1:colcon.colcon_core.package_identification:_identify(src/lbr-stack/src/lbr_fri_ros2_stack/lbr_demos/lbr_moveit_cpp) by extensions ['colcon_pkg']
[0.113s] Level 1:colcon.colcon_core.package_identification:_identify(src/lbr-stack/src/lbr_fri_ros2_stack/lbr_demos/lbr_moveit_cpp) by extension 'colcon_pkg'
[0.113s] Level 1:colcon.colcon_core.package_identification:_identify(src/lbr-stack/src/lbr_fri_ros2_stack/lbr_demos/lbr_moveit_cpp) by extensions ['colcon_meta']
[0.113s] Level 1:colcon.colcon_core.package_identification:_identify(src/lbr-stack/src/lbr_fri_ros2_stack/lbr_demos/lbr_moveit_cpp) by extension 'colcon_meta'
[0.113s] Level 1:colcon.colcon_core.package_identification:_identify(src/lbr-stack/src/lbr_fri_ros2_stack/lbr_demos/lbr_moveit_cpp) by extensions ['ros']
[0.113s] Level 1:colcon.colcon_core.package_identification:_identify(src/lbr-stack/src/lbr_fri_ros2_stack/lbr_demos/lbr_moveit_cpp) by extension 'ros'
[0.114s] DEBUG:colcon.colcon_core.package_identification:Package 'src/lbr-stack/src/lbr_fri_ros2_stack/lbr_demos/lbr_moveit_cpp' with type 'ros.ament_cmake' and name 'lbr_moveit_cpp'
[0.114s] Level 1:colcon.colcon_core.package_identification:_identify(src/lbr-stack/src/lbr_fri_ros2_stack/lbr_fri_ros2) by extensions ['ignore', 'ignore_ament_install']
[0.114s] Level 1:colcon.colcon_core.package_identification:_identify(src/lbr-stack/src/lbr_fri_ros2_stack/lbr_fri_ros2) by extension 'ignore'
[0.114s] Level 1:colcon.colcon_core.package_identification:_identify(src/lbr-stack/src/lbr_fri_ros2_stack/lbr_fri_ros2) by extension 'ignore_ament_install'
[0.114s] Level 1:colcon.colcon_core.package_identification:_identify(src/lbr-stack/src/lbr_fri_ros2_stack/lbr_fri_ros2) by extensions ['colcon_pkg']
[0.114s] Level 1:colcon.colcon_core.package_identification:_identify(src/lbr-stack/src/lbr_fri_ros2_stack/lbr_fri_ros2) by extension 'colcon_pkg'
[0.114s] Level 1:colcon.colcon_core.package_identification:_identify(src/lbr-stack/src/lbr_fri_ros2_stack/lbr_fri_ros2) by extensions ['colcon_meta']
[0.114s] Level 1:colcon.colcon_core.package_identification:_identify(src/lbr-stack/src/lbr_fri_ros2_stack/lbr_fri_ros2) by extension 'colcon_meta'
[0.114s] Level 1:colcon.colcon_core.package_identification:_identify(src/lbr-stack/src/lbr_fri_ros2_stack/lbr_fri_ros2) by extensions ['ros']
[0.114s] Level 1:colcon.colcon_core.package_identification:_identify(src/lbr-stack/src/lbr_fri_ros2_stack/lbr_fri_ros2) by extension 'ros'
[0.114s] DEBUG:colcon.colcon_core.package_identification:Package 'src/lbr-stack/src/lbr_fri_ros2_stack/lbr_fri_ros2' with type 'ros.ament_cmake' and name 'lbr_fri_ros2'
[0.114s] Level 1:colcon.colcon_core.package_identification:_identify(src/lbr-stack/src/lbr_fri_ros2_stack/lbr_fri_ros2_stack) by extensions ['ignore', 'ignore_ament_install']
[0.114s] Level 1:colcon.colcon_core.package_identification:_identify(src/lbr-stack/src/lbr_fri_ros2_stack/lbr_fri_ros2_stack) by extension 'ignore'
[0.114s] Level 1:colcon.colcon_core.package_identification:_identify(src/lbr-stack/src/lbr_fri_ros2_stack/lbr_fri_ros2_stack) by extension 'ignore_ament_install'
[0.114s] Level 1:colcon.colcon_core.package_identification:_identify(src/lbr-stack/src/lbr_fri_ros2_stack/lbr_fri_ros2_stack) by extensions ['colcon_pkg']
[0.114s] Level 1:colcon.colcon_core.package_identification:_identify(src/lbr-stack/src/lbr_fri_ros2_stack/lbr_fri_ros2_stack) by extension 'colcon_pkg'
[0.114s] Level 1:colcon.colcon_core.package_identification:_identify(src/lbr-stack/src/lbr_fri_ros2_stack/lbr_fri_ros2_stack) by extensions ['colcon_meta']
[0.114s] Level 1:colcon.colcon_core.package_identification:_identify(src/lbr-stack/src/lbr_fri_ros2_stack/lbr_fri_ros2_stack) by extension 'colcon_meta'
[0.114s] Level 1:colcon.colcon_core.package_identification:_identify(src/lbr-stack/src/lbr_fri_ros2_stack/lbr_fri_ros2_stack) by extensions ['ros']
[0.114s] Level 1:colcon.colcon_core.package_identification:_identify(src/lbr-stack/src/lbr_fri_ros2_stack/lbr_fri_ros2_stack) by extension 'ros'
[0.117s] DEBUG:colcon.colcon_core.package_identification:Package 'src/lbr-stack/src/lbr_fri_ros2_stack/lbr_fri_ros2_stack' with type 'ros.ament_cmake' and name 'lbr_fri_ros2_stack'
[0.117s] Level 1:colcon.colcon_core.package_identification:_identify(src/lbr-stack/src/lbr_fri_ros2_stack/lbr_moveit_config) by extensions ['ignore', 'ignore_ament_install']
[0.117s] Level 1:colcon.colcon_core.package_identification:_identify(src/lbr-stack/src/lbr_fri_ros2_stack/lbr_moveit_config) by extension 'ignore'
[0.117s] Level 1:colcon.colcon_core.package_identification:_identify(src/lbr-stack/src/lbr_fri_ros2_stack/lbr_moveit_config) by extension 'ignore_ament_install'
[0.117s] Level 1:colcon.colcon_core.package_identification:_identify(src/lbr-stack/src/lbr_fri_ros2_stack/lbr_moveit_config) by extensions ['colcon_pkg']
[0.117s] Level 1:colcon.colcon_core.package_identification:_identify(src/lbr-stack/src/lbr_fri_ros2_stack/lbr_moveit_config) by extension 'colcon_pkg'
[0.117s] Level 1:colcon.colcon_core.package_identification:_identify(src/lbr-stack/src/lbr_fri_ros2_stack/lbr_moveit_config) by extensions ['colcon_meta']
[0.117s] Level 1:colcon.colcon_core.package_identification:_identify(src/lbr-stack/src/lbr_fri_ros2_stack/lbr_moveit_config) by extension 'colcon_meta'
[0.117s] Level 1:colcon.colcon_core.package_identification:_identify(src/lbr-stack/src/lbr_fri_ros2_stack/lbr_moveit_config) by extensions ['ros']
[0.117s] Level 1:colcon.colcon_core.package_identification:_identify(src/lbr-stack/src/lbr_fri_ros2_stack/lbr_moveit_config) by extension 'ros'
[0.117s] Level 1:colcon.colcon_core.package_identification:_identify(src/lbr-stack/src/lbr_fri_ros2_stack/lbr_moveit_config) by extensions ['cmake', 'python']
[0.117s] Level 1:colcon.colcon_core.package_identification:_identify(src/lbr-stack/src/lbr_fri_ros2_stack/lbr_moveit_config) by extension 'cmake'
[0.117s] Level 1:colcon.colcon_core.package_identification:_identify(src/lbr-stack/src/lbr_fri_ros2_stack/lbr_moveit_config) by extension 'python'
[0.117s] Level 1:colcon.colcon_core.package_identification:_identify(src/lbr-stack/src/lbr_fri_ros2_stack/lbr_moveit_config) by extensions ['python_setup_py']
[0.117s] Level 1:colcon.colcon_core.package_identification:_identify(src/lbr-stack/src/lbr_fri_ros2_stack/lbr_moveit_config) by extension 'python_setup_py'
[0.117s] Level 1:colcon.colcon_core.package_identification:_identify(src/lbr-stack/src/lbr_fri_ros2_stack/lbr_moveit_config/doc) by extensions ['ignore', 'ignore_ament_install']
[0.117s] Level 1:colcon.colcon_core.package_identification:_identify(src/lbr-stack/src/lbr_fri_ros2_stack/lbr_moveit_config/doc) by extension 'ignore'
[0.117s] Level 1:colcon.colcon_core.package_identification:_identify(src/lbr-stack/src/lbr_fri_ros2_stack/lbr_moveit_config/doc) by extension 'ignore_ament_install'
[0.117s] Level 1:colcon.colcon_core.package_identification:_identify(src/lbr-stack/src/lbr_fri_ros2_stack/lbr_moveit_config/doc) by extensions ['colcon_pkg']
[0.117s] Level 1:colcon.colcon_core.package_identification:_identify(src/lbr-stack/src/lbr_fri_ros2_stack/lbr_moveit_config/doc) by extension 'colcon_pkg'
[0.117s] Level 1:colcon.colcon_core.package_identification:_identify(src/lbr-stack/src/lbr_fri_ros2_stack/lbr_moveit_config/doc) by extensions ['colcon_meta']
[0.117s] Level 1:colcon.colcon_core.package_identification:_identify(src/lbr-stack/src/lbr_fri_ros2_stack/lbr_moveit_config/doc) by extension 'colcon_meta'
[0.117s] Level 1:colcon.colcon_core.package_identification:_identify(src/lbr-stack/src/lbr_fri_ros2_stack/lbr_moveit_config/doc) by extensions ['ros']
[0.117s] Level 1:colcon.colcon_core.package_identification:_identify(src/lbr-stack/src/lbr_fri_ros2_stack/lbr_moveit_config/doc) by extension 'ros'
[0.117s] Level 1:colcon.colcon_core.package_identification:_identify(src/lbr-stack/src/lbr_fri_ros2_stack/lbr_moveit_config/doc) by extensions ['cmake', 'python']
[0.117s] Level 1:colcon.colcon_core.package_identification:_identify(src/lbr-stack/src/lbr_fri_ros2_stack/lbr_moveit_config/doc) by extension 'cmake'
[0.117s] Level 1:colcon.colcon_core.package_identification:_identify(src/lbr-stack/src/lbr_fri_ros2_stack/lbr_moveit_config/doc) by extension 'python'
[0.117s] Level 1:colcon.colcon_core.package_identification:_identify(src/lbr-stack/src/lbr_fri_ros2_stack/lbr_moveit_config/doc) by extensions ['python_setup_py']
[0.117s] Level 1:colcon.colcon_core.package_identification:_identify(src/lbr-stack/src/lbr_fri_ros2_stack/lbr_moveit_config/doc) by extension 'python_setup_py'
[0.117s] Level 1:colcon.colcon_core.package_identification:_identify(src/lbr-stack/src/lbr_fri_ros2_stack/lbr_moveit_config/doc/img) by extensions ['ignore', 'ignore_ament_install']
[0.117s] Level 1:colcon.colcon_core.package_identification:_identify(src/lbr-stack/src/lbr_fri_ros2_stack/lbr_moveit_config/doc/img) by extension 'ignore'
[0.117s] Level 1:colcon.colcon_core.package_identification:_identify(src/lbr-stack/src/lbr_fri_ros2_stack/lbr_moveit_config/doc/img) by extension 'ignore_ament_install'
[0.117s] Level 1:colcon.colcon_core.package_identification:_identify(src/lbr-stack/src/lbr_fri_ros2_stack/lbr_moveit_config/doc/img) by extensions ['colcon_pkg']
[0.117s] Level 1:colcon.colcon_core.package_identification:_identify(src/lbr-stack/src/lbr_fri_ros2_stack/lbr_moveit_config/doc/img) by extension 'colcon_pkg'
[0.117s] Level 1:colcon.colcon_core.package_identification:_identify(src/lbr-stack/src/lbr_fri_ros2_stack/lbr_moveit_config/doc/img) by extensions ['colcon_meta']
[0.117s] Level 1:colcon.colcon_core.package_identification:_identify(src/lbr-stack/src/lbr_fri_ros2_stack/lbr_moveit_config/doc/img) by extension 'colcon_meta'
[0.117s] Level 1:colcon.colcon_core.package_identification:_identify(src/lbr-stack/src/lbr_fri_ros2_stack/lbr_moveit_config/doc/img) by extensions ['ros']
[0.117s] Level 1:colcon.colcon_core.package_identification:_identify(src/lbr-stack/src/lbr_fri_ros2_stack/lbr_moveit_config/doc/img) by extension 'ros'
[0.117s] Level 1:colcon.colcon_core.package_identification:_identify(src/lbr-stack/src/lbr_fri_ros2_stack/lbr_moveit_config/doc/img) by extensions ['cmake', 'python']
[0.117s] Level 1:colcon.colcon_core.package_identification:_identify(src/lbr-stack/src/lbr_fri_ros2_stack/lbr_moveit_config/doc/img) by extension 'cmake'
[0.117s] Level 1:colcon.colcon_core.package_identification:_identify(src/lbr-stack/src/lbr_fri_ros2_stack/lbr_moveit_config/doc/img) by extension 'python'
[0.117s] Level 1:colcon.colcon_core.package_identification:_identify(src/lbr-stack/src/lbr_fri_ros2_stack/lbr_moveit_config/doc/img) by extensions ['python_setup_py']
[0.117s] Level 1:colcon.colcon_core.package_identification:_identify(src/lbr-stack/src/lbr_fri_ros2_stack/lbr_moveit_config/doc/img) by extension 'python_setup_py'
[0.117s] Level 1:colcon.colcon_core.package_identification:_identify(src/lbr-stack/src/lbr_fri_ros2_stack/lbr_moveit_config/iiwa14_moveit_config) by extensions ['ignore', 'ignore_ament_install']
[0.118s] Level 1:colcon.colcon_core.package_identification:_identify(src/lbr-stack/src/lbr_fri_ros2_stack/lbr_moveit_config/iiwa14_moveit_config) by extension 'ignore'
[0.118s] Level 1:colcon.colcon_core.package_identification:_identify(src/lbr-stack/src/lbr_fri_ros2_stack/lbr_moveit_config/iiwa14_moveit_config) by extension 'ignore_ament_install'
[0.118s] Level 1:colcon.colcon_core.package_identification:_identify(src/lbr-stack/src/lbr_fri_ros2_stack/lbr_moveit_config/iiwa14_moveit_config) by extensions ['colcon_pkg']
[0.118s] Level 1:colcon.colcon_core.package_identification:_identify(src/lbr-stack/src/lbr_fri_ros2_stack/lbr_moveit_config/iiwa14_moveit_config) by extension 'colcon_pkg'
[0.118s] Level 1:colcon.colcon_core.package_identification:_identify(src/lbr-stack/src/lbr_fri_ros2_stack/lbr_moveit_config/iiwa14_moveit_config) by extensions ['colcon_meta']
[0.118s] Level 1:colcon.colcon_core.package_identification:_identify(src/lbr-stack/src/lbr_fri_ros2_stack/lbr_moveit_config/iiwa14_moveit_config) by extension 'colcon_meta'
[0.118s] Level 1:colcon.colcon_core.package_identification:_identify(src/lbr-stack/src/lbr_fri_ros2_stack/lbr_moveit_config/iiwa14_moveit_config) by extensions ['ros']
[0.118s] Level 1:colcon.colcon_core.package_identification:_identify(src/lbr-stack/src/lbr_fri_ros2_stack/lbr_moveit_config/iiwa14_moveit_config) by extension 'ros'
[0.118s] DEBUG:colcon.colcon_core.package_identification:Package 'src/lbr-stack/src/lbr_fri_ros2_stack/lbr_moveit_config/iiwa14_moveit_config' with type 'ros.ament_cmake' and name 'iiwa14_moveit_config'
[0.118s] Level 1:colcon.colcon_core.package_identification:_identify(src/lbr-stack/src/lbr_fri_ros2_stack/lbr_moveit_config/iiwa7_moveit_config) by extensions ['ignore', 'ignore_ament_install']
[0.118s] Level 1:colcon.colcon_core.package_identification:_identify(src/lbr-stack/src/lbr_fri_ros2_stack/lbr_moveit_config/iiwa7_moveit_config) by extension 'ignore'
[0.118s] Level 1:colcon.colcon_core.package_identification:_identify(src/lbr-stack/src/lbr_fri_ros2_stack/lbr_moveit_config/iiwa7_moveit_config) by extension 'ignore_ament_install'
[0.118s] Level 1:colcon.colcon_core.package_identification:_identify(src/lbr-stack/src/lbr_fri_ros2_stack/lbr_moveit_config/iiwa7_moveit_config) by extensions ['colcon_pkg']
[0.118s] Level 1:colcon.colcon_core.package_identification:_identify(src/lbr-stack/src/lbr_fri_ros2_stack/lbr_moveit_config/iiwa7_moveit_config) by extension 'colcon_pkg'
[0.118s] Level 1:colcon.colcon_core.package_identification:_identify(src/lbr-stack/src/lbr_fri_ros2_stack/lbr_moveit_config/iiwa7_moveit_config) by extensions ['colcon_meta']
[0.118s] Level 1:colcon.colcon_core.package_identification:_identify(src/lbr-stack/src/lbr_fri_ros2_stack/lbr_moveit_config/iiwa7_moveit_config) by extension 'colcon_meta'
[0.118s] Level 1:colcon.colcon_core.package_identification:_identify(src/lbr-stack/src/lbr_fri_ros2_stack/lbr_moveit_config/iiwa7_moveit_config) by extensions ['ros']
[0.118s] Level 1:colcon.colcon_core.package_identification:_identify(src/lbr-stack/src/lbr_fri_ros2_stack/lbr_moveit_config/iiwa7_moveit_config) by extension 'ros'
[0.119s] DEBUG:colcon.colcon_core.package_identification:Package 'src/lbr-stack/src/lbr_fri_ros2_stack/lbr_moveit_config/iiwa7_moveit_config' with type 'ros.ament_cmake' and name 'iiwa7_moveit_config'
[0.119s] Level 1:colcon.colcon_core.package_identification:_identify(src/lbr-stack/src/lbr_fri_ros2_stack/lbr_moveit_config/med14_moveit_config) by extensions ['ignore', 'ignore_ament_install']
[0.119s] Level 1:colcon.colcon_core.package_identification:_identify(src/lbr-stack/src/lbr_fri_ros2_stack/lbr_moveit_config/med14_moveit_config) by extension 'ignore'
[0.119s] Level 1:colcon.colcon_core.package_identification:_identify(src/lbr-stack/src/lbr_fri_ros2_stack/lbr_moveit_config/med14_moveit_config) by extension 'ignore_ament_install'
[0.119s] Level 1:colcon.colcon_core.package_identification:_identify(src/lbr-stack/src/lbr_fri_ros2_stack/lbr_moveit_config/med14_moveit_config) by extensions ['colcon_pkg']
[0.119s] Level 1:colcon.colcon_core.package_identification:_identify(src/lbr-stack/src/lbr_fri_ros2_stack/lbr_moveit_config/med14_moveit_config) by extension 'colcon_pkg'
[0.119s] Level 1:colcon.colcon_core.package_identification:_identify(src/lbr-stack/src/lbr_fri_ros2_stack/lbr_moveit_config/med14_moveit_config) by extensions ['colcon_meta']
[0.119s] Level 1:colcon.colcon_core.package_identification:_identify(src/lbr-stack/src/lbr_fri_ros2_stack/lbr_moveit_config/med14_moveit_config) by extension 'colcon_meta'
[0.119s] Level 1:colcon.colcon_core.package_identification:_identify(src/lbr-stack/src/lbr_fri_ros2_stack/lbr_moveit_config/med14_moveit_config) by extensions ['ros']
[0.119s] Level 1:colcon.colcon_core.package_identification:_identify(src/lbr-stack/src/lbr_fri_ros2_stack/lbr_moveit_config/med14_moveit_config) by extension 'ros'
[0.119s] DEBUG:colcon.colcon_core.package_identification:Package 'src/lbr-stack/src/lbr_fri_ros2_stack/lbr_moveit_config/med14_moveit_config' with type 'ros.ament_cmake' and name 'med14_moveit_config'
[0.119s] Level 1:colcon.colcon_core.package_identification:_identify(src/lbr-stack/src/lbr_fri_ros2_stack/lbr_moveit_config/med7_moveit_config) by extensions ['ignore', 'ignore_ament_install']
[0.119s] Level 1:colcon.colcon_core.package_identification:_identify(src/lbr-stack/src/lbr_fri_ros2_stack/lbr_moveit_config/med7_moveit_config) by extension 'ignore'
[0.119s] Level 1:colcon.colcon_core.package_identification:_identify(src/lbr-stack/src/lbr_fri_ros2_stack/lbr_moveit_config/med7_moveit_config) by extension 'ignore_ament_install'
[0.119s] Level 1:colcon.colcon_core.package_identification:_identify(src/lbr-stack/src/lbr_fri_ros2_stack/lbr_moveit_config/med7_moveit_config) by extensions ['colcon_pkg']
[0.119s] Level 1:colcon.colcon_core.package_identification:_identify(src/lbr-stack/src/lbr_fri_ros2_stack/lbr_moveit_config/med7_moveit_config) by extension 'colcon_pkg'
[0.119s] Level 1:colcon.colcon_core.package_identification:_identify(src/lbr-stack/src/lbr_fri_ros2_stack/lbr_moveit_config/med7_moveit_config) by extensions ['colcon_meta']
[0.119s] Level 1:colcon.colcon_core.package_identification:_identify(src/lbr-stack/src/lbr_fri_ros2_stack/lbr_moveit_config/med7_moveit_config) by extension 'colcon_meta'
[0.119s] Level 1:colcon.colcon_core.package_identification:_identify(src/lbr-stack/src/lbr_fri_ros2_stack/lbr_moveit_config/med7_moveit_config) by extensions ['ros']
[0.119s] Level 1:colcon.colcon_core.package_identification:_identify(src/lbr-stack/src/lbr_fri_ros2_stack/lbr_moveit_config/med7_moveit_config) by extension 'ros'
[0.120s] DEBUG:colcon.colcon_core.package_identification:Package 'src/lbr-stack/src/lbr_fri_ros2_stack/lbr_moveit_config/med7_moveit_config' with type 'ros.ament_cmake' and name 'med7_moveit_config'
[0.120s] Level 1:colcon.colcon_core.package_identification:_identify(src/lbr-stack/src/lbr_fri_ros2_stack/lbr_ros2_control) by extensions ['ignore', 'ignore_ament_install']
[0.120s] Level 1:colcon.colcon_core.package_identification:_identify(src/lbr-stack/src/lbr_fri_ros2_stack/lbr_ros2_control) by extension 'ignore'
[0.120s] Level 1:colcon.colcon_core.package_identification:_identify(src/lbr-stack/src/lbr_fri_ros2_stack/lbr_ros2_control) by extension 'ignore_ament_install'
[0.120s] Level 1:colcon.colcon_core.package_identification:_identify(src/lbr-stack/src/lbr_fri_ros2_stack/lbr_ros2_control) by extensions ['colcon_pkg']
[0.120s] Level 1:colcon.colcon_core.package_identification:_identify(src/lbr-stack/src/lbr_fri_ros2_stack/lbr_ros2_control) by extension 'colcon_pkg'
[0.120s] Level 1:colcon.colcon_core.package_identification:_identify(src/lbr-stack/src/lbr_fri_ros2_stack/lbr_ros2_control) by extensions ['colcon_meta']
[0.120s] Level 1:colcon.colcon_core.package_identification:_identify(src/lbr-stack/src/lbr_fri_ros2_stack/lbr_ros2_control) by extension 'colcon_meta'
[0.120s] Level 1:colcon.colcon_core.package_identification:_identify(src/lbr-stack/src/lbr_fri_ros2_stack/lbr_ros2_control) by extensions ['ros']
[0.120s] Level 1:colcon.colcon_core.package_identification:_identify(src/lbr-stack/src/lbr_fri_ros2_stack/lbr_ros2_control) by extension 'ros'
[0.120s] DEBUG:colcon.colcon_core.package_identification:Package 'src/lbr-stack/src/lbr_fri_ros2_stack/lbr_ros2_control' with type 'ros.ament_cmake' and name 'lbr_ros2_control'
[0.120s] Level 1:colcon.colcon_core.package_identification:_identify(src/lbr-stack/src/lbr_iiwa14_r820_description) by extensions ['ignore', 'ignore_ament_install']
[0.120s] Level 1:colcon.colcon_core.package_identification:_identify(src/lbr-stack/src/lbr_iiwa14_r820_description) by extension 'ignore'
[0.120s] Level 1:colcon.colcon_core.package_identification:_identify(src/lbr-stack/src/lbr_iiwa14_r820_description) by extension 'ignore_ament_install'
[0.120s] Level 1:colcon.colcon_core.package_identification:_identify(src/lbr-stack/src/lbr_iiwa14_r820_description) by extensions ['colcon_pkg']
[0.120s] Level 1:colcon.colcon_core.package_identification:_identify(src/lbr-stack/src/lbr_iiwa14_r820_description) by extension 'colcon_pkg'
[0.120s] Level 1:colcon.colcon_core.package_identification:_identify(src/lbr-stack/src/lbr_iiwa14_r820_description) by extensions ['colcon_meta']
[0.120s] Level 1:colcon.colcon_core.package_identification:_identify(src/lbr-stack/src/lbr_iiwa14_r820_description) by extension 'colcon_meta'
[0.120s] Level 1:colcon.colcon_core.package_identification:_identify(src/lbr-stack/src/lbr_iiwa14_r820_description) by extensions ['ros']
[0.120s] Level 1:colcon.colcon_core.package_identification:_identify(src/lbr-stack/src/lbr_iiwa14_r820_description) by extension 'ros'
[0.121s] DEBUG:colcon.colcon_core.package_identification:Package 'src/lbr-stack/src/lbr_iiwa14_r820_description' with type 'ros.ament_cmake' and name 'lbr_iiwa14_r820_description'
[0.121s] Level 1:colcon.colcon_core.package_identification:_identify(src/lbr-stack/src/lbr_iiwa7_r800_description) by extensions ['ignore', 'ignore_ament_install']
[0.121s] Level 1:colcon.colcon_core.package_identification:_identify(src/lbr-stack/src/lbr_iiwa7_r800_description) by extension 'ignore'
[0.121s] Level 1:colcon.colcon_core.package_identification:_identify(src/lbr-stack/src/lbr_iiwa7_r800_description) by extension 'ignore_ament_install'
[0.121s] Level 1:colcon.colcon_core.package_identification:_identify(src/lbr-stack/src/lbr_iiwa7_r800_description) by extensions ['colcon_pkg']
[0.121s] Level 1:colcon.colcon_core.package_identification:_identify(src/lbr-stack/src/lbr_iiwa7_r800_description) by extension 'colcon_pkg'
[0.121s] Level 1:colcon.colcon_core.package_identification:_identify(src/lbr-stack/src/lbr_iiwa7_r800_description) by extensions ['colcon_meta']
[0.121s] Level 1:colcon.colcon_core.package_identification:_identify(src/lbr-stack/src/lbr_iiwa7_r800_description) by extension 'colcon_meta'
[0.121s] Level 1:colcon.colcon_core.package_identification:_identify(src/lbr-stack/src/lbr_iiwa7_r800_description) by extensions ['ros']
[0.121s] Level 1:colcon.colcon_core.package_identification:_identify(src/lbr-stack/src/lbr_iiwa7_r800_description) by extension 'ros'
[0.121s] DEBUG:colcon.colcon_core.package_identification:Package 'src/lbr-stack/src/lbr_iiwa7_r800_description' with type 'ros.ament_cmake' and name 'lbr_iiwa7_r800_description'
[0.121s] Level 1:colcon.colcon_core.package_identification:_identify(src/lbr-stack/src/lbr_med14_r820_description) by extensions ['ignore', 'ignore_ament_install']
[0.121s] Level 1:colcon.colcon_core.package_identification:_identify(src/lbr-stack/src/lbr_med14_r820_description) by extension 'ignore'
[0.121s] Level 1:colcon.colcon_core.package_identification:_identify(src/lbr-stack/src/lbr_med14_r820_description) by extension 'ignore_ament_install'
[0.121s] Level 1:colcon.colcon_core.package_identification:_identify(src/lbr-stack/src/lbr_med14_r820_description) by extensions ['colcon_pkg']
[0.121s] Level 1:colcon.colcon_core.package_identification:_identify(src/lbr-stack/src/lbr_med14_r820_description) by extension 'colcon_pkg'
[0.121s] Level 1:colcon.colcon_core.package_identification:_identify(src/lbr-stack/src/lbr_med14_r820_description) by extensions ['colcon_meta']
[0.121s] Level 1:colcon.colcon_core.package_identification:_identify(src/lbr-stack/src/lbr_med14_r820_description) by extension 'colcon_meta'
[0.121s] Level 1:colcon.colcon_core.package_identification:_identify(src/lbr-stack/src/lbr_med14_r820_description) by extensions ['ros']
[0.121s] Level 1:colcon.colcon_core.package_identification:_identify(src/lbr-stack/src/lbr_med14_r820_description) by extension 'ros'
[0.122s] DEBUG:colcon.colcon_core.package_identification:Package 'src/lbr-stack/src/lbr_med14_r820_description' with type 'ros.ament_cmake' and name 'lbr_med14_r820_description'
[0.122s] Level 1:colcon.colcon_core.package_identification:_identify(src/lbr-stack/src/lbr_med7_r800_description) by extensions ['ignore', 'ignore_ament_install']
[0.122s] Level 1:colcon.colcon_core.package_identification:_identify(src/lbr-stack/src/lbr_med7_r800_description) by extension 'ignore'
[0.122s] Level 1:colcon.colcon_core.package_identification:_identify(src/lbr-stack/src/lbr_med7_r800_description) by extension 'ignore_ament_install'
[0.122s] Level 1:colcon.colcon_core.package_identification:_identify(src/lbr-stack/src/lbr_med7_r800_description) by extensions ['colcon_pkg']
[0.122s] Level 1:colcon.colcon_core.package_identification:_identify(src/lbr-stack/src/lbr_med7_r800_description) by extension 'colcon_pkg'
[0.122s] Level 1:colcon.colcon_core.package_identification:_identify(src/lbr-stack/src/lbr_med7_r800_description) by extensions ['colcon_meta']
[0.122s] Level 1:colcon.colcon_core.package_identification:_identify(src/lbr-stack/src/lbr_med7_r800_description) by extension 'colcon_meta'
[0.122s] Level 1:colcon.colcon_core.package_identification:_identify(src/lbr-stack/src/lbr_med7_r800_description) by extensions ['ros']
[0.122s] Level 1:colcon.colcon_core.package_identification:_identify(src/lbr-stack/src/lbr_med7_r800_description) by extension 'ros'
[0.122s] DEBUG:colcon.colcon_core.package_identification:Package 'src/lbr-stack/src/lbr_med7_r800_description' with type 'ros.ament_cmake' and name 'lbr_med7_r800_description'
[0.122s] Level 1:colcon.colcon_core.package_identification:_identify(src/log) by extensions ['ignore', 'ignore_ament_install']
[0.122s] Level 1:colcon.colcon_core.package_identification:_identify(src/log) by extension 'ignore'
[0.122s] Level 1:colcon.colcon_core.package_identification:_identify(src/log) ignored
[0.122s] Level 1:colcon.colcon_core.package_identification:_identify(src/my_package) by extensions ['ignore', 'ignore_ament_install']
[0.122s] Level 1:colcon.colcon_core.package_identification:_identify(src/my_package) by extension 'ignore'
[0.122s] Level 1:colcon.colcon_core.package_identification:_identify(src/my_package) by extension 'ignore_ament_install'
[0.122s] Level 1:colcon.colcon_core.package_identification:_identify(src/my_package) by extensions ['colcon_pkg']
[0.122s] Level 1:colcon.colcon_core.package_identification:_identify(src/my_package) by extension 'colcon_pkg'
[0.122s] Level 1:colcon.colcon_core.package_identification:_identify(src/my_package) by extensions ['colcon_meta']
[0.123s] Level 1:colcon.colcon_core.package_identification:_identify(src/my_package) by extension 'colcon_meta'
[0.123s] Level 1:colcon.colcon_core.package_identification:_identify(src/my_package) by extensions ['ros']
[0.123s] Level 1:colcon.colcon_core.package_identification:_identify(src/my_package) by extension 'ros'
[0.123s] DEBUG:colcon.colcon_core.package_identification:Package 'src/my_package' with type 'ros.ament_python' and name 'my_package'
[0.123s] Level 1:colcon.colcon_core.package_identification:_identify(src/natnet_ros_cpp) by extensions ['ignore', 'ignore_ament_install']
[0.123s] Level 1:colcon.colcon_core.package_identification:_identify(src/natnet_ros_cpp) by extension 'ignore'
[0.123s] Level 1:colcon.colcon_core.package_identification:_identify(src/natnet_ros_cpp) by extension 'ignore_ament_install'
[0.123s] Level 1:colcon.colcon_core.package_identification:_identify(src/natnet_ros_cpp) by extensions ['colcon_pkg']
[0.123s] Level 1:colcon.colcon_core.package_identification:_identify(src/natnet_ros_cpp) by extension 'colcon_pkg'
[0.123s] Level 1:colcon.colcon_core.package_identification:_identify(src/natnet_ros_cpp) by extensions ['colcon_meta']
[0.123s] Level 1:colcon.colcon_core.package_identification:_identify(src/natnet_ros_cpp) by extension 'colcon_meta'
[0.123s] Level 1:colcon.colcon_core.package_identification:_identify(src/natnet_ros_cpp) by extensions ['ros']
[0.123s] Level 1:colcon.colcon_core.package_identification:_identify(src/natnet_ros_cpp) by extension 'ros'
[0.123s] DEBUG:colcon.colcon_core.package_identification:Package 'src/natnet_ros_cpp' with type 'ros.catkin' and name 'natnet_ros_cpp'
[0.123s] Level 1:colcon.colcon_core.package_identification:_identify(src/optitrack_ros2) by extensions ['ignore', 'ignore_ament_install']
[0.123s] Level 1:colcon.colcon_core.package_identification:_identify(src/optitrack_ros2) by extension 'ignore'
[0.123s] Level 1:colcon.colcon_core.package_identification:_identify(src/optitrack_ros2) by extension 'ignore_ament_install'
[0.123s] Level 1:colcon.colcon_core.package_identification:_identify(src/optitrack_ros2) by extensions ['colcon_pkg']
[0.123s] Level 1:colcon.colcon_core.package_identification:_identify(src/optitrack_ros2) by extension 'colcon_pkg'
[0.123s] Level 1:colcon.colcon_core.package_identification:_identify(src/optitrack_ros2) by extensions ['colcon_meta']
[0.123s] Level 1:colcon.colcon_core.package_identification:_identify(src/optitrack_ros2) by extension 'colcon_meta'
[0.123s] Level 1:colcon.colcon_core.package_identification:_identify(src/optitrack_ros2) by extensions ['ros']
[0.123s] Level 1:colcon.colcon_core.package_identification:_identify(src/optitrack_ros2) by extension 'ros'
[0.124s] DEBUG:colcon.colcon_core.package_identification:Package 'src/optitrack_ros2' with type 'ros.ament_python' and name 'optitrack_ros2'
[0.124s] Level 1:colcon.colcon_core.package_discovery:discover_packages(recursive) using defaults
[0.124s] Level 1:colcon.colcon_core.package_discovery:discover_packages(ignore) discover
[0.124s] Level 1:colcon.colcon_core.package_discovery:discover_packages(ignore) using defaults
[0.124s] Level 1:colcon.colcon_core.package_discovery:discover_packages(path) discover
[0.124s] Level 1:colcon.colcon_core.package_discovery:discover_packages(path) using defaults
[0.135s] INFO:colcon.colcon_core.package_selection:Skipping not selected package 'fri_client_sdk' in 'src/lbr-stack/src/fri'
[0.135s] INFO:colcon.colcon_core.package_selection:Skipping not selected package 'lbr_iiwa14_r820_description' in 'src/lbr-stack/src/lbr_iiwa14_r820_description'
[0.135s] INFO:colcon.colcon_core.package_selection:Skipping not selected package 'lbr_iiwa7_r800_description' in 'src/lbr-stack/src/lbr_iiwa7_r800_description'
[0.136s] INFO:colcon.colcon_core.package_selection:Skipping not selected package 'lbr_med14_r820_description' in 'src/lbr-stack/src/lbr_med14_r820_description'
[0.136s] INFO:colcon.colcon_core.package_selection:Skipping not selected package 'lbr_med7_r800_description' in 'src/lbr-stack/src/lbr_med7_r800_description'
[0.136s] INFO:colcon.colcon_core.package_selection:Skipping not selected package 'lbr_moveit' in 'src/lbr-stack/src/lbr_fri_ros2_stack/lbr_demos/lbr_moveit'
[0.136s] INFO:colcon.colcon_core.package_selection:Skipping not selected package 'lbr_moveit_cpp' in 'src/lbr-stack/src/lbr_fri_ros2_stack/lbr_demos/lbr_moveit_cpp'
[0.136s] INFO:colcon.colcon_core.package_selection:Skipping not selected package 'my_package' in 'src/my_package'
[0.136s] INFO:colcon.colcon_core.package_selection:Skipping not selected package 'optitrack_ros2' in 'src/optitrack_ros2'
[0.136s] INFO:colcon.colcon_core.package_selection:Skipping not selected package 'iiwa14_moveit_config' in 'src/lbr-stack/src/lbr_fri_ros2_stack/lbr_moveit_config/iiwa14_moveit_config'
[0.136s] INFO:colcon.colcon_core.package_selection:Skipping not selected package 'iiwa7_moveit_config' in 'src/lbr-stack/src/lbr_fri_ros2_stack/lbr_moveit_config/iiwa7_moveit_config'
[0.136s] INFO:colcon.colcon_core.package_selection:Skipping not selected package 'lbr_dual_arm_moveit_config' in 'src/lbr-stack/src/lbr_fri_ros2_stack/lbr_demos/lbr_dual_arm/lbr_dual_arm_moveit_config'
[0.136s] INFO:colcon.colcon_core.package_selection:Skipping not selected package 'lbr_fri_idl' in 'src/lbr-stack/src/lbr_fri_idl'
[0.136s] INFO:colcon.colcon_core.package_selection:Skipping not selected package 'med14_moveit_config' in 'src/lbr-stack/src/lbr_fri_ros2_stack/lbr_moveit_config/med14_moveit_config'
[0.136s] INFO:colcon.colcon_core.package_selection:Skipping not selected package 'med7_moveit_config' in 'src/lbr-stack/src/lbr_fri_ros2_stack/lbr_moveit_config/med7_moveit_config'
[0.136s] INFO:colcon.colcon_core.package_selection:Skipping not selected package 'lbr_fri_ros2' in 'src/lbr-stack/src/lbr_fri_ros2_stack/lbr_fri_ros2'
[0.136s] INFO:colcon.colcon_core.package_selection:Skipping not selected package 'lbr_demos_advanced_cpp' in 'src/lbr-stack/src/lbr_fri_ros2_stack/lbr_demos/lbr_demos_advanced_cpp'
[0.136s] INFO:colcon.colcon_core.package_selection:Skipping not selected package 'lbr_demos_advanced_py' in 'src/lbr-stack/src/lbr_fri_ros2_stack/lbr_demos/lbr_demos_advanced_py'
[0.136s] INFO:colcon.colcon_core.package_selection:Skipping not selected package 'lbr_ros2_control' in 'src/lbr-stack/src/lbr_fri_ros2_stack/lbr_ros2_control'
[0.136s] INFO:colcon.colcon_core.package_selection:Skipping not selected package 'lbr_bringup' in 'src/lbr-stack/src/lbr_fri_ros2_stack/lbr_bringup'
[0.136s] INFO:colcon.colcon_core.package_selection:Skipping not selected package 'lbr_dual_arm' in 'src/lbr-stack/src/lbr_fri_ros2_stack/lbr_demos/lbr_dual_arm/lbr_dual_arm'
[0.136s] INFO:colcon.colcon_core.package_selection:Skipping not selected package 'lbr_demos_cpp' in 'src/lbr-stack/src/lbr_fri_ros2_stack/lbr_demos/lbr_demos_cpp'
[0.136s] INFO:colcon.colcon_core.package_selection:Skipping not selected package 'lbr_demos_py' in 'src/lbr-stack/src/lbr_fri_ros2_stack/lbr_demos/lbr_demos_py'
[0.136s] INFO:colcon.colcon_core.package_selection:Skipping not selected package 'lbr_fri_ros2_stack' in 'src/lbr-stack/src/lbr_fri_ros2_stack/lbr_fri_ros2_stack'
[0.136s] Level 5:colcon.colcon_core.verb:set package 'natnet_ros_cpp' build argument 'cmake_args' from command line to 'None'
[0.136s] Level 5:colcon.colcon_core.verb:set package 'natnet_ros_cpp' build argument 'cmake_target' from command line to 'None'
[0.136s] Level 5:colcon.colcon_core.verb:set package 'natnet_ros_cpp' build argument 'cmake_target_skip_unavailable' from command line to 'False'
[0.136s] Level 5:colcon.colcon_core.verb:set package 'natnet_ros_cpp' build argument 'cmake_clean_cache' from command line to 'False'
[0.136s] Level 5:colcon.colcon_core.verb:set package 'natnet_ros_cpp' build argument 'cmake_clean_first' from command line to 'False'
[0.136s] Level 5:colcon.colcon_core.verb:set package 'natnet_ros_cpp' build argument 'cmake_force_configure' from command line to 'False'
[0.136s] Level 5:colcon.colcon_core.verb:set package 'natnet_ros_cpp' build argument 'ament_cmake_args' from command line to 'None'
[0.136s] Level 5:colcon.colcon_core.verb:set package 'natnet_ros_cpp' build argument 'catkin_cmake_args' from command line to 'None'
[0.136s] Level 5:colcon.colcon_core.verb:set package 'natnet_ros_cpp' build argument 'catkin_skip_building_tests' from command line to 'False'
[0.136s] DEBUG:colcon.colcon_core.verb:Building package 'natnet_ros_cpp' with the following arguments: {'ament_cmake_args': None, 'build_base': '/home/theo/drift/ros2_ws/build/natnet_ros_cpp', 'catkin_cmake_args': None, 'catkin_skip_building_tests': False, 'cmake_args': None, 'cmake_clean_cache': False, 'cmake_clean_first': False, 'cmake_force_configure': False, 'cmake_target': None, 'cmake_target_skip_unavailable': False, 'install_base': '/home/theo/drift/ros2_ws/install/natnet_ros_cpp', 'merge_install': False, 'path': '/home/theo/drift/ros2_ws/src/natnet_ros_cpp', 'symlink_install': False, 'test_result_base': None}
[0.136s] INFO:colcon.colcon_core.executor:Executing jobs using 'parallel' executor
[0.136s] DEBUG:colcon.colcon_parallel_executor.executor.parallel:run_until_complete
[0.137s] INFO:colcon.colcon_ros.task.catkin.build:Building ROS package in '/home/theo/drift/ros2_ws/src/natnet_ros_cpp' with build type 'catkin'
[0.137s] INFO:colcon.colcon_cmake.task.cmake.build:Building CMake package in '/home/theo/drift/ros2_ws/src/natnet_ros_cpp'
[0.138s] INFO:colcon.colcon_core.plugin_system:Skipping extension 'colcon_core.shell.bat': Not used on non-Windows systems
[0.138s] DEBUG:colcon.colcon_core.shell:Skip shell extension 'dsv' for command environment
[0.143s] DEBUG:colcon.colcon_core.event_handler.log_command:Invoking command in '/home/theo/drift/ros2_ws/build/natnet_ros_cpp': DEBUGINFOD_URLS=https://debuginfod.ubuntu.com VIRTUAL_ENV_PROMPT=(roskuka) /usr/bin/cmake /home/theo/drift/ros2_ws/src/natnet_ros_cpp -DCATKIN_INSTALL_INTO_PREFIX_ROOT=0 -DCMAKE_INSTALL_PREFIX=/home/theo/drift/ros2_ws/install/natnet_ros_cpp
[0.432s] DEBUG:colcon.colcon_core.event_handler.log_command:Invoked command in '/home/theo/drift/ros2_ws/build/natnet_ros_cpp' returned '1': DEBUGINFOD_URLS=https://debuginfod.ubuntu.com VIRTUAL_ENV_PROMPT=(roskuka) /usr/bin/cmake /home/theo/drift/ros2_ws/src/natnet_ros_cpp -DCATKIN_INSTALL_INTO_PREFIX_ROOT=0 -DCMAKE_INSTALL_PREFIX=/home/theo/drift/ros2_ws/install/natnet_ros_cpp
[0.436s] Level 1:colcon.colcon_core.environment:create_environment_scripts_only(natnet_ros_cpp)
[0.437s] Level 1:colcon.colcon_core.environment:checking '/home/theo/drift/ros2_ws/install/natnet_ros_cpp' for CMake module files
[0.438s] Level 1:colcon.colcon_core.environment:checking '/home/theo/drift/ros2_ws/install/natnet_ros_cpp' for CMake config files
[0.438s] Level 1:colcon.colcon_core.environment:checking '/home/theo/drift/ros2_ws/install/natnet_ros_cpp/bin'
[0.438s] Level 1:colcon.colcon_core.environment:checking '/home/theo/drift/ros2_ws/install/natnet_ros_cpp/lib/pkgconfig/natnet_ros_cpp.pc'
[0.439s] Level 1:colcon.colcon_core.environment:checking '/home/theo/drift/ros2_ws/install/natnet_ros_cpp/lib/python3.12/site-packages'
[0.439s] Level 1:colcon.colcon_core.environment:checking '/home/theo/drift/ros2_ws/install/natnet_ros_cpp/bin'
[0.439s] INFO:colcon.colcon_core.shell:Creating package descriptor '/home/theo/drift/ros2_ws/install/natnet_ros_cpp/share/natnet_ros_cpp/package.dsv'
[0.439s] INFO:colcon.colcon_core.shell:Creating package script '/home/theo/drift/ros2_ws/install/natnet_ros_cpp/share/natnet_ros_cpp/package.sh'
[0.440s] INFO:colcon.colcon_core.shell:Creating package script '/home/theo/drift/ros2_ws/install/natnet_ros_cpp/share/natnet_ros_cpp/package.bash'
[0.440s] INFO:colcon.colcon_core.shell:Creating package script '/home/theo/drift/ros2_ws/install/natnet_ros_cpp/share/natnet_ros_cpp/package.zsh'
[0.440s] Level 1:colcon.colcon_core.environment:create_file_with_runtime_dependencies(/home/theo/drift/ros2_ws/install/natnet_ros_cpp/share/colcon-core/packages/natnet_ros_cpp)
[0.451s] DEBUG:colcon.colcon_parallel_executor.executor.parallel:closing loop
[0.451s] DEBUG:colcon.colcon_parallel_executor.executor.parallel:loop closed
[0.451s] DEBUG:colcon.colcon_parallel_executor.executor.parallel:run_until_complete finished with '1'
[0.451s] DEBUG:colcon.colcon_core.event_reactor:joining thread
[0.455s] INFO:colcon.colcon_core.plugin_system:Skipping extension 'colcon_notification.desktop_notification.terminal_notifier': Not used on non-Darwin systems
[0.455s] INFO:colcon.colcon_core.plugin_system:Skipping extension 'colcon_notification.desktop_notification.win32': Not used on non-Windows systems
[0.455s] INFO:colcon.colcon_notification.desktop_notification:Sending desktop notification using 'notify2'
[0.473s] DEBUG:colcon.colcon_core.event_reactor:joined thread
[0.473s] INFO:colcon.colcon_core.shell:Creating prefix script '/home/theo/drift/ros2_ws/install/local_setup.sh'
[0.474s] INFO:colcon.colcon_core.shell:Creating prefix util module '/home/theo/drift/ros2_ws/install/_local_setup_util_sh.py'
[0.475s] INFO:colcon.colcon_core.shell:Creating prefix chain script '/home/theo/drift/ros2_ws/install/setup.sh'
[0.476s] INFO:colcon.colcon_core.shell:Creating prefix script '/home/theo/drift/ros2_ws/install/local_setup.bash'
[0.476s] INFO:colcon.colcon_core.shell:Creating prefix chain script '/home/theo/drift/ros2_ws/install/setup.bash'
[0.476s] INFO:colcon.colcon_core.shell:Creating prefix script '/home/theo/drift/ros2_ws/install/local_setup.zsh'
[0.477s] INFO:colcon.colcon_core.shell:Creating prefix chain script '/home/theo/drift/ros2_ws/install/setup.zsh'
