[0.000000] (-) TimerEvent: {}
[0.000192] (-) JobUnselected: {'identifier': 'fri_client_sdk'}
[0.000213] (-) JobUnselected: {'identifier': 'iiwa14_moveit_config'}
[0.000225] (-) JobUnselected: {'identifier': 'iiwa7_moveit_config'}
[0.000231] (-) JobUnselected: {'identifier': 'lbr_bringup'}
[0.000236] (-) JobUnselected: {'identifier': 'lbr_demos_advanced_cpp'}
[0.000267] (-) JobUnselected: {'identifier': 'lbr_demos_advanced_py'}
[0.000273] (-) JobUnselected: {'identifier': 'lbr_demos_cpp'}
[0.000278] (-) JobUnselected: {'identifier': 'lbr_demos_py'}
[0.000282] (-) JobUnselected: {'identifier': 'lbr_dual_arm'}
[0.000286] (-) JobUnselected: {'identifier': 'lbr_dual_arm_moveit_config'}
[0.000291] (-) JobUnselected: {'identifier': 'lbr_fri_idl'}
[0.000295] (-) JobUnselected: {'identifier': 'lbr_fri_ros2'}
[0.000299] (-) JobUnselected: {'identifier': 'lbr_fri_ros2_stack'}
[0.000304] (-) JobUnselected: {'identifier': 'lbr_iiwa14_r820_description'}
[0.000308] (-) JobUnselected: {'identifier': 'lbr_iiwa7_r800_description'}
[0.000312] (-) JobUnselected: {'identifier': 'lbr_med14_r820_description'}
[0.000316] (-) JobUnselected: {'identifier': 'lbr_med7_r800_description'}
[0.000320] (-) JobUnselected: {'identifier': 'lbr_moveit'}
[0.000325] (-) JobUnselected: {'identifier': 'lbr_moveit_cpp'}
[0.000332] (-) JobUnselected: {'identifier': 'lbr_ros2_control'}
[0.000336] (-) JobUnselected: {'identifier': 'med14_moveit_config'}
[0.000340] (-) JobUnselected: {'identifier': 'med7_moveit_config'}
[0.000344] (-) JobUnselected: {'identifier': 'natnet_ros2'}
[0.000349] (-) JobUnselected: {'identifier': 'optitrack_ros2'}
[0.000354] (my_package) JobQueued: {'identifier': 'my_package', 'dependencies': OrderedDict()}
[0.000515] (my_package) JobStarted: {'identifier': 'my_package'}
[0.099799] (-) TimerEvent: {}
[0.126167] (my_package) StderrLine: {'line': b'Traceback (most recent call last):\n  File "/usr/lib/python3/dist-packages/colcon_core/executor/__init__.py", line 91, in __call__\n    rc = await self.task(*args, **kwargs)\n         ^^^^^^^^^^^^^^^^^^^^^^^^^^^^^^^^\n  File "/usr/lib/python3/dist-packages/colcon_core/task/__init__.py", line 93, in __call__\n    return await task_method(*args, **kwargs)\n           ^^^^^^^^^^^^^^^^^^^^^^^^^^^^^^^^^^\n  File "/usr/lib/python3/dist-packages/colcon_ros/task/ament_python/build.py", line 51, in build\n    setup_py_data = get_setup_data(self.context.pkg, env)\n                    ^^^^^^^^^^^^^^^^^^^^^^^^^^^^^^^^^^^^^\n  File "/usr/lib/python3/dist-packages/colcon_core/task/python/__init__.py", line 20, in get_setup_data\n    return dict(pkg.metadata[key](env))\n                ^^^^^^^^^^^^^^^^^^^^^^\n  File "/usr/lib/python3/dist-packages/colcon_ros/package_augmentation/ros_ament_python.py", line 57, in getter\n    return get_setup_information(\n           ^^^^^^^^^^^^^^^^^^^^^^\n  File "/usr/lib/python3/dist-packages/colcon_python_setup_py/package_identification/python_setup_py.py", line 249, in get_setup_information\n    _setup_information_cache[hashable_env] = _get_setup_information(\n                                             ^^^^^^^^^^^^^^^^^^^^^^^\n  File "/usr/lib/python3/dist-packages/colcon_python_setup_py/package_identification/python_setup_py.py", line 296, in _get_setup_information\n    result = subprocess.run(\n             ^^^^^^^^^^^^^^^\n  File "/usr/lib/python3.12/subprocess.py", line 571, in run\n    raise CalledProcessError(retcode, process.args,\nsubprocess.CalledProcessError: Command \'[\'/usr/bin/python3\', \'-c\', \'import sys;from contextlib import suppress;exec("with suppress(ImportError):    from setuptools.extern.packaging.specifiers    import SpecifierSet");exec("with suppress(ImportError):    from packaging.specifiers import SpecifierSet");from distutils.core import run_setup;dist = run_setup(    \\\'setup.py\\\', script_args=(\\\'--dry-run\\\',), stop_after=\\\'config\\\');skip_keys = (\\\'cmdclass\\\', \\\'distclass\\\', \\\'ext_modules\\\', \\\'metadata\\\');data = {    key: value for key, value in dist.__dict__.items()     if (        not key.startswith(\\\'_\\\') and         not callable(value) and         key not in skip_keys and         key not in dist.display_option_names    )};data[\\\'metadata\\\'] = {    k: v for k, v in dist.metadata.__dict__.items()     if k not in (\\\'license_files\\\', \\\'provides_extras\\\')};sys.stdout.buffer.write(repr(data).encode(\\\'utf-8\\\'))\']\' returned non-zero exit status 1.\n'}
[0.126448] (my_package) JobEnded: {'identifier': 'my_package', 'rc': 1}
[0.127864] (-) EventReactorShutdown: {}
