[0.009s] Invoking command in '/home/theo/drift/ros2_ws/src/lbr-stack/build/lbr_demos_advanced_cpp': AMENT_PREFIX_PATH=/home/theo/drift/ros2_ws/src/lbr-stack/install/lbr_fri_ros2:/home/theo/drift/ros2_ws/src/lbr-stack/install/lbr_fri_idl:${AMENT_PREFIX_PATH} CMAKE_PREFIX_PATH=/home/theo/drift/ros2_ws/src/lbr-stack/install/lbr_fri_ros2:/home/theo/drift/ros2_ws/src/lbr-stack/install/lbr_fri_idl:/home/theo/drift/ros2_ws/src/lbr-stack/install/fri_client_sdk:/opt/ros/jazzy/opt/gz_sim_vendor:/opt/ros/jazzy/opt/gz_sensors_vendor:/opt/ros/jazzy/opt/gz_physics_vendor:/opt/ros/jazzy/opt/gz_gui_vendor:/opt/ros/jazzy/opt/gz_transport_vendor:/opt/ros/jazzy/opt/gz_rendering_vendor:/opt/ros/jazzy/opt/gz_plugin_vendor:/opt/ros/jazzy/opt/gz_fuel_tools_vendor:/opt/ros/jazzy/opt/gz_msgs_vendor:/opt/ros/jazzy/opt/gz_common_vendor:/opt/ros/jazzy/opt/gz_ogre_next_vendor:/opt/ros/jazzy/opt/gz_dartsim_vendor:/opt/ros/jazzy/opt/sdformat_vendor:/opt/ros/jazzy/opt/gz_math_vendor:/opt/ros/jazzy/opt/gz_utils_vendor:/opt/ros/jazzy/opt/gz_tools_vendor:/opt/ros/jazzy/opt/gz_cmake_vendor:/home/theo/drift/ros2_ws/install/my_package:/opt/ros/jazzy DEBUGINFOD_URLS=https://debuginfod.ubuntu.com LD_LIBRARY_PATH=/home/theo/drift/ros2_ws/src/lbr-stack/install/lbr_fri_ros2/lib:/home/theo/drift/ros2_ws/src/lbr-stack/install/lbr_fri_idl/lib:/home/theo/drift/ros2_ws/src/lbr-stack/install/fri_client_sdk/lib:${LD_LIBRARY_PATH} PKG_CONFIG_PATH=/home/theo/drift/ros2_ws/src/lbr-stack/install/fri_client_sdk/lib/aarch64-linux-gnu/pkgconfig:/home/theo/drift/ros2_ws/src/lbr-stack/install/fri_client_sdk/lib/pkgconfig PYTHONPATH=/home/theo/drift/ros2_ws/src/lbr-stack/install/lbr_fri_idl/lib/python3.12/site-packages:${PYTHONPATH} /usr/bin/cmake /home/theo/drift/ros2_ws/src/lbr-stack/src/lbr_fri_ros2_stack/lbr_demos/lbr_demos_advanced_cpp -DAMENT_CMAKE_SYMLINK_INSTALL=1 -DCMAKE_INSTALL_PREFIX=/home/theo/drift/ros2_ws/src/lbr-stack/install/lbr_demos_advanced_cpp
[0.054s] -- The C compiler identification is GNU 13.3.0
[0.094s] -- The CXX compiler identification is GNU 13.3.0
[0.102s] -- Detecting C compiler ABI info
[0.159s] -- Detecting C compiler ABI info - done
[0.163s] -- Check for working C compiler: /usr/bin/cc - skipped
[0.163s] -- Detecting C compile features
[0.163s] -- Detecting C compile features - done
[0.173s] -- Detecting CXX compiler ABI info
[0.235s] -- Detecting CXX compiler ABI info - done
[0.248s] -- Check for working CXX compiler: /usr/bin/c++ - skipped
[0.250s] -- Detecting CXX compile features
[0.250s] -- Detecting CXX compile features - done
[0.258s] -- Found ament_cmake: 2.5.5 (/opt/ros/jazzy/share/ament_cmake/cmake)
[0.342s] -- Found Python3: /usr/bin/python3 (found version "3.12.3") found components: Interpreter 
[0.382s] -- Override CMake install command with custom implementation using symlinks instead of copying resources
[0.414s] -- Found geometry_msgs: 5.3.6 (/opt/ros/jazzy/share/geometry_msgs/cmake)
[0.463s] -- Found rosidl_generator_c: 4.6.7 (/opt/ros/jazzy/share/rosidl_generator_c/cmake)
[0.475s] -- Found rosidl_generator_cpp: 4.6.7 (/opt/ros/jazzy/share/rosidl_generator_cpp/cmake)
[0.487s] -- Using all available rosidl_typesupport_c: rosidl_typesupport_fastrtps_c;rosidl_typesupport_introspection_c
[0.502s] -- Using all available rosidl_typesupport_cpp: rosidl_typesupport_fastrtps_cpp;rosidl_typesupport_introspection_cpp
[0.530s] -- Found kdl_parser: 2.11.0 (/opt/ros/jazzy/share/kdl_parser/cmake)
[0.559s] -- Found eigen3_cmake_module: 0.3.0 (/opt/ros/jazzy/share/eigen3_cmake_module/cmake)
[0.559s] -- Found Eigen3: TRUE (found version "3.4.0") 
[0.559s] -- Ensuring Eigen3 include directory is part of orocos-kdl CMake target
[0.559s] -- Found lbr_fri_idl: 1.5.0 (/home/theo/drift/ros2_ws/src/lbr-stack/install/lbr_fri_idl/share/lbr_fri_idl/cmake)
[0.613s] -- Found lbr_fri_ros2: 2.4.3 (/home/theo/drift/ros2_ws/src/lbr-stack/install/lbr_fri_ros2/share/lbr_fri_ros2/cmake)
[0.673s] -- Found rmw_implementation_cmake: 7.3.3 (/opt/ros/jazzy/share/rmw_implementation_cmake/cmake)
[0.677s] -- Found rmw_fastrtps_cpp: 8.4.3 (/opt/ros/jazzy/share/rmw_fastrtps_cpp/cmake)
[0.725s] -- Found OpenSSL: /usr/lib/aarch64-linux-gnu/libcrypto.so (found version "3.0.13")  
[0.734s] -- Found FastRTPS: /opt/ros/jazzy/include (Required is at least version "2.13") 
[0.744s] -- Using RMW implementation 'rmw_fastrtps_cpp' as default
[0.881s] -- Found rclcpp_components: 28.1.16 (/opt/ros/jazzy/share/rclcpp_components/cmake)
[0.997s] -- Configuring done (1.0s)
[1.006s] -- Generating done (0.0s)
[1.010s] -- Build files have been written to: /home/theo/drift/ros2_ws/src/lbr-stack/build/lbr_demos_advanced_cpp
[1.021s] Invoked command in '/home/theo/drift/ros2_ws/src/lbr-stack/build/lbr_demos_advanced_cpp' returned '0': AMENT_PREFIX_PATH=/home/theo/drift/ros2_ws/src/lbr-stack/install/lbr_fri_ros2:/home/theo/drift/ros2_ws/src/lbr-stack/install/lbr_fri_idl:${AMENT_PREFIX_PATH} CMAKE_PREFIX_PATH=/home/theo/drift/ros2_ws/src/lbr-stack/install/lbr_fri_ros2:/home/theo/drift/ros2_ws/src/lbr-stack/install/lbr_fri_idl:/home/theo/drift/ros2_ws/src/lbr-stack/install/fri_client_sdk:/opt/ros/jazzy/opt/gz_sim_vendor:/opt/ros/jazzy/opt/gz_sensors_vendor:/opt/ros/jazzy/opt/gz_physics_vendor:/opt/ros/jazzy/opt/gz_gui_vendor:/opt/ros/jazzy/opt/gz_transport_vendor:/opt/ros/jazzy/opt/gz_rendering_vendor:/opt/ros/jazzy/opt/gz_plugin_vendor:/opt/ros/jazzy/opt/gz_fuel_tools_vendor:/opt/ros/jazzy/opt/gz_msgs_vendor:/opt/ros/jazzy/opt/gz_common_vendor:/opt/ros/jazzy/opt/gz_ogre_next_vendor:/opt/ros/jazzy/opt/gz_dartsim_vendor:/opt/ros/jazzy/opt/sdformat_vendor:/opt/ros/jazzy/opt/gz_math_vendor:/opt/ros/jazzy/opt/gz_utils_vendor:/opt/ros/jazzy/opt/gz_tools_vendor:/opt/ros/jazzy/opt/gz_cmake_vendor:/home/theo/drift/ros2_ws/install/my_package:/opt/ros/jazzy DEBUGINFOD_URLS=https://debuginfod.ubuntu.com LD_LIBRARY_PATH=/home/theo/drift/ros2_ws/src/lbr-stack/install/lbr_fri_ros2/lib:/home/theo/drift/ros2_ws/src/lbr-stack/install/lbr_fri_idl/lib:/home/theo/drift/ros2_ws/src/lbr-stack/install/fri_client_sdk/lib:${LD_LIBRARY_PATH} PKG_CONFIG_PATH=/home/theo/drift/ros2_ws/src/lbr-stack/install/fri_client_sdk/lib/aarch64-linux-gnu/pkgconfig:/home/theo/drift/ros2_ws/src/lbr-stack/install/fri_client_sdk/lib/pkgconfig PYTHONPATH=/home/theo/drift/ros2_ws/src/lbr-stack/install/lbr_fri_idl/lib/python3.12/site-packages:${PYTHONPATH} /usr/bin/cmake /home/theo/drift/ros2_ws/src/lbr-stack/src/lbr_fri_ros2_stack/lbr_demos/lbr_demos_advanced_cpp -DAMENT_CMAKE_SYMLINK_INSTALL=1 -DCMAKE_INSTALL_PREFIX=/home/theo/drift/ros2_ws/src/lbr-stack/install/lbr_demos_advanced_cpp
[1.021s] Invoking command in '/home/theo/drift/ros2_ws/src/lbr-stack/build/lbr_demos_advanced_cpp': AMENT_PREFIX_PATH=/home/theo/drift/ros2_ws/src/lbr-stack/install/lbr_fri_ros2:/home/theo/drift/ros2_ws/src/lbr-stack/install/lbr_fri_idl:${AMENT_PREFIX_PATH} CMAKE_PREFIX_PATH=/home/theo/drift/ros2_ws/src/lbr-stack/install/lbr_fri_ros2:/home/theo/drift/ros2_ws/src/lbr-stack/install/lbr_fri_idl:/home/theo/drift/ros2_ws/src/lbr-stack/install/fri_client_sdk:/opt/ros/jazzy/opt/gz_sim_vendor:/opt/ros/jazzy/opt/gz_sensors_vendor:/opt/ros/jazzy/opt/gz_physics_vendor:/opt/ros/jazzy/opt/gz_gui_vendor:/opt/ros/jazzy/opt/gz_transport_vendor:/opt/ros/jazzy/opt/gz_rendering_vendor:/opt/ros/jazzy/opt/gz_plugin_vendor:/opt/ros/jazzy/opt/gz_fuel_tools_vendor:/opt/ros/jazzy/opt/gz_msgs_vendor:/opt/ros/jazzy/opt/gz_common_vendor:/opt/ros/jazzy/opt/gz_ogre_next_vendor:/opt/ros/jazzy/opt/gz_dartsim_vendor:/opt/ros/jazzy/opt/sdformat_vendor:/opt/ros/jazzy/opt/gz_math_vendor:/opt/ros/jazzy/opt/gz_utils_vendor:/opt/ros/jazzy/opt/gz_tools_vendor:/opt/ros/jazzy/opt/gz_cmake_vendor:/home/theo/drift/ros2_ws/install/my_package:/opt/ros/jazzy DEBUGINFOD_URLS=https://debuginfod.ubuntu.com LD_LIBRARY_PATH=/home/theo/drift/ros2_ws/src/lbr-stack/install/lbr_fri_ros2/lib:/home/theo/drift/ros2_ws/src/lbr-stack/install/lbr_fri_idl/lib:/home/theo/drift/ros2_ws/src/lbr-stack/install/fri_client_sdk/lib:${LD_LIBRARY_PATH} PKG_CONFIG_PATH=/home/theo/drift/ros2_ws/src/lbr-stack/install/fri_client_sdk/lib/aarch64-linux-gnu/pkgconfig:/home/theo/drift/ros2_ws/src/lbr-stack/install/fri_client_sdk/lib/pkgconfig PYTHONPATH=/home/theo/drift/ros2_ws/src/lbr-stack/install/lbr_fri_idl/lib/python3.12/site-packages:${PYTHONPATH} /usr/bin/cmake --build /home/theo/drift/ros2_ws/src/lbr-stack/build/lbr_demos_advanced_cpp -- -j4 -l4
[1.069s] [ 12%] [32mBuilding CXX object CMakeFiles/pose_control_component.dir/src/pose_control_node.cpp.o[0m
[1.076s] [ 25%] [32mBuilding CXX object CMakeFiles/pose_planning.dir/rclcpp_components/node_main_pose_planning.cpp.o[0m
[1.082s] [ 37%] [32mBuilding CXX object CMakeFiles/pose_control.dir/rclcpp_components/node_main_pose_control.cpp.o[0m
[1.089s] [ 50%] [32mBuilding CXX object CMakeFiles/pose_planning_component.dir/src/pose_planning_node.cpp.o[0m
[14.758s] [ 62%] [32m[1mLinking CXX executable pose_planning[0m
[14.780s] [ 75%] [32m[1mLinking CXX executable pose_control[0m
[14.925s] [ 75%] Built target pose_control
[14.936s] [ 75%] Built target pose_planning
[27.229s] [ 87%] [32m[1mLinking CXX shared library libpose_planning_component.so[0m
[27.523s] [ 87%] Built target pose_planning_component
[32.263s] [100%] [32m[1mLinking CXX shared library libpose_control_component.so[0m
[32.341s] [100%] Built target pose_control_component
[32.397s] Invoked command in '/home/theo/drift/ros2_ws/src/lbr-stack/build/lbr_demos_advanced_cpp' returned '0': AMENT_PREFIX_PATH=/home/theo/drift/ros2_ws/src/lbr-stack/install/lbr_fri_ros2:/home/theo/drift/ros2_ws/src/lbr-stack/install/lbr_fri_idl:${AMENT_PREFIX_PATH} CMAKE_PREFIX_PATH=/home/theo/drift/ros2_ws/src/lbr-stack/install/lbr_fri_ros2:/home/theo/drift/ros2_ws/src/lbr-stack/install/lbr_fri_idl:/home/theo/drift/ros2_ws/src/lbr-stack/install/fri_client_sdk:/opt/ros/jazzy/opt/gz_sim_vendor:/opt/ros/jazzy/opt/gz_sensors_vendor:/opt/ros/jazzy/opt/gz_physics_vendor:/opt/ros/jazzy/opt/gz_gui_vendor:/opt/ros/jazzy/opt/gz_transport_vendor:/opt/ros/jazzy/opt/gz_rendering_vendor:/opt/ros/jazzy/opt/gz_plugin_vendor:/opt/ros/jazzy/opt/gz_fuel_tools_vendor:/opt/ros/jazzy/opt/gz_msgs_vendor:/opt/ros/jazzy/opt/gz_common_vendor:/opt/ros/jazzy/opt/gz_ogre_next_vendor:/opt/ros/jazzy/opt/gz_dartsim_vendor:/opt/ros/jazzy/opt/sdformat_vendor:/opt/ros/jazzy/opt/gz_math_vendor:/opt/ros/jazzy/opt/gz_utils_vendor:/opt/ros/jazzy/opt/gz_tools_vendor:/opt/ros/jazzy/opt/gz_cmake_vendor:/home/theo/drift/ros2_ws/install/my_package:/opt/ros/jazzy DEBUGINFOD_URLS=https://debuginfod.ubuntu.com LD_LIBRARY_PATH=/home/theo/drift/ros2_ws/src/lbr-stack/install/lbr_fri_ros2/lib:/home/theo/drift/ros2_ws/src/lbr-stack/install/lbr_fri_idl/lib:/home/theo/drift/ros2_ws/src/lbr-stack/install/fri_client_sdk/lib:${LD_LIBRARY_PATH} PKG_CONFIG_PATH=/home/theo/drift/ros2_ws/src/lbr-stack/install/fri_client_sdk/lib/aarch64-linux-gnu/pkgconfig:/home/theo/drift/ros2_ws/src/lbr-stack/install/fri_client_sdk/lib/pkgconfig PYTHONPATH=/home/theo/drift/ros2_ws/src/lbr-stack/install/lbr_fri_idl/lib/python3.12/site-packages:${PYTHONPATH} /usr/bin/cmake --build /home/theo/drift/ros2_ws/src/lbr-stack/build/lbr_demos_advanced_cpp -- -j4 -l4
[32.425s] Invoking command in '/home/theo/drift/ros2_ws/src/lbr-stack/build/lbr_demos_advanced_cpp': AMENT_PREFIX_PATH=/home/theo/drift/ros2_ws/src/lbr-stack/install/lbr_fri_ros2:/home/theo/drift/ros2_ws/src/lbr-stack/install/lbr_fri_idl:${AMENT_PREFIX_PATH} CMAKE_PREFIX_PATH=/home/theo/drift/ros2_ws/src/lbr-stack/install/lbr_fri_ros2:/home/theo/drift/ros2_ws/src/lbr-stack/install/lbr_fri_idl:/home/theo/drift/ros2_ws/src/lbr-stack/install/fri_client_sdk:/opt/ros/jazzy/opt/gz_sim_vendor:/opt/ros/jazzy/opt/gz_sensors_vendor:/opt/ros/jazzy/opt/gz_physics_vendor:/opt/ros/jazzy/opt/gz_gui_vendor:/opt/ros/jazzy/opt/gz_transport_vendor:/opt/ros/jazzy/opt/gz_rendering_vendor:/opt/ros/jazzy/opt/gz_plugin_vendor:/opt/ros/jazzy/opt/gz_fuel_tools_vendor:/opt/ros/jazzy/opt/gz_msgs_vendor:/opt/ros/jazzy/opt/gz_common_vendor:/opt/ros/jazzy/opt/gz_ogre_next_vendor:/opt/ros/jazzy/opt/gz_dartsim_vendor:/opt/ros/jazzy/opt/sdformat_vendor:/opt/ros/jazzy/opt/gz_math_vendor:/opt/ros/jazzy/opt/gz_utils_vendor:/opt/ros/jazzy/opt/gz_tools_vendor:/opt/ros/jazzy/opt/gz_cmake_vendor:/home/theo/drift/ros2_ws/install/my_package:/opt/ros/jazzy DEBUGINFOD_URLS=https://debuginfod.ubuntu.com LD_LIBRARY_PATH=/home/theo/drift/ros2_ws/src/lbr-stack/install/lbr_fri_ros2/lib:/home/theo/drift/ros2_ws/src/lbr-stack/install/lbr_fri_idl/lib:/home/theo/drift/ros2_ws/src/lbr-stack/install/fri_client_sdk/lib:${LD_LIBRARY_PATH} PKG_CONFIG_PATH=/home/theo/drift/ros2_ws/src/lbr-stack/install/fri_client_sdk/lib/aarch64-linux-gnu/pkgconfig:/home/theo/drift/ros2_ws/src/lbr-stack/install/fri_client_sdk/lib/pkgconfig PYTHONPATH=/home/theo/drift/ros2_ws/src/lbr-stack/install/lbr_fri_idl/lib/python3.12/site-packages:${PYTHONPATH} /usr/bin/cmake --install /home/theo/drift/ros2_ws/src/lbr-stack/build/lbr_demos_advanced_cpp
[32.432s] -- Install configuration: "Release"
[32.432s] -- Execute custom install script
[32.433s] -- Symlinking: /home/theo/drift/ros2_ws/src/lbr-stack/install/lbr_demos_advanced_cpp/lib/lbr_demos_advanced_cpp/pose_planning
[32.436s] -- Symlinking: /home/theo/drift/ros2_ws/src/lbr-stack/install/lbr_demos_advanced_cpp/lib/lbr_demos_advanced_cpp/pose_control
[32.440s] -- Symlinking: /home/theo/drift/ros2_ws/src/lbr-stack/install/lbr_demos_advanced_cpp/lib/libpose_planning_component.so
[32.443s] -- Symlinking: /home/theo/drift/ros2_ws/src/lbr-stack/install/lbr_demos_advanced_cpp/lib/libpose_control_component.so
[32.447s] -- Symlinking: /home/theo/drift/ros2_ws/src/lbr-stack/install/lbr_demos_advanced_cpp/share/ament_index/resource_index/package_run_dependencies/lbr_demos_advanced_cpp
[32.451s] -- Symlinking: /home/theo/drift/ros2_ws/src/lbr-stack/install/lbr_demos_advanced_cpp/share/ament_index/resource_index/parent_prefix_path/lbr_demos_advanced_cpp
[32.455s] -- Symlinking: /home/theo/drift/ros2_ws/src/lbr-stack/install/lbr_demos_advanced_cpp/share/lbr_demos_advanced_cpp/environment/ament_prefix_path.sh
[32.458s] -- Symlinking: /home/theo/drift/ros2_ws/src/lbr-stack/install/lbr_demos_advanced_cpp/share/lbr_demos_advanced_cpp/environment/ament_prefix_path.dsv
[32.461s] -- Symlinking: /home/theo/drift/ros2_ws/src/lbr-stack/install/lbr_demos_advanced_cpp/share/lbr_demos_advanced_cpp/environment/path.sh
[32.464s] -- Symlinking: /home/theo/drift/ros2_ws/src/lbr-stack/install/lbr_demos_advanced_cpp/share/lbr_demos_advanced_cpp/environment/path.dsv
[32.468s] -- Symlinking: /home/theo/drift/ros2_ws/src/lbr-stack/install/lbr_demos_advanced_cpp/share/lbr_demos_advanced_cpp/local_setup.bash
[32.472s] -- Symlinking: /home/theo/drift/ros2_ws/src/lbr-stack/install/lbr_demos_advanced_cpp/share/lbr_demos_advanced_cpp/local_setup.sh
[32.482s] -- Symlinking: /home/theo/drift/ros2_ws/src/lbr-stack/install/lbr_demos_advanced_cpp/share/lbr_demos_advanced_cpp/local_setup.zsh
[32.487s] -- Symlinking: /home/theo/drift/ros2_ws/src/lbr-stack/install/lbr_demos_advanced_cpp/share/lbr_demos_advanced_cpp/local_setup.dsv
[32.492s] -- Symlinking: /home/theo/drift/ros2_ws/src/lbr-stack/install/lbr_demos_advanced_cpp/share/lbr_demos_advanced_cpp/package.dsv
[32.496s] -- Symlinking: /home/theo/drift/ros2_ws/src/lbr-stack/install/lbr_demos_advanced_cpp/share/ament_index/resource_index/packages/lbr_demos_advanced_cpp
[32.499s] -- Symlinking: /home/theo/drift/ros2_ws/src/lbr-stack/install/lbr_demos_advanced_cpp/share/ament_index/resource_index/rclcpp_components/lbr_demos_advanced_cpp
[32.505s] -- Symlinking: /home/theo/drift/ros2_ws/src/lbr-stack/install/lbr_demos_advanced_cpp/share/lbr_demos_advanced_cpp/cmake/lbr_demos_advanced_cppConfig.cmake
[32.507s] -- Symlinking: /home/theo/drift/ros2_ws/src/lbr-stack/install/lbr_demos_advanced_cpp/share/lbr_demos_advanced_cpp/cmake/lbr_demos_advanced_cppConfig-version.cmake
[32.510s] -- Symlinking: /home/theo/drift/ros2_ws/src/lbr-stack/install/lbr_demos_advanced_cpp/share/lbr_demos_advanced_cpp/package.xml
[32.521s] Invoked command in '/home/theo/drift/ros2_ws/src/lbr-stack/build/lbr_demos_advanced_cpp' returned '0': AMENT_PREFIX_PATH=/home/theo/drift/ros2_ws/src/lbr-stack/install/lbr_fri_ros2:/home/theo/drift/ros2_ws/src/lbr-stack/install/lbr_fri_idl:${AMENT_PREFIX_PATH} CMAKE_PREFIX_PATH=/home/theo/drift/ros2_ws/src/lbr-stack/install/lbr_fri_ros2:/home/theo/drift/ros2_ws/src/lbr-stack/install/lbr_fri_idl:/home/theo/drift/ros2_ws/src/lbr-stack/install/fri_client_sdk:/opt/ros/jazzy/opt/gz_sim_vendor:/opt/ros/jazzy/opt/gz_sensors_vendor:/opt/ros/jazzy/opt/gz_physics_vendor:/opt/ros/jazzy/opt/gz_gui_vendor:/opt/ros/jazzy/opt/gz_transport_vendor:/opt/ros/jazzy/opt/gz_rendering_vendor:/opt/ros/jazzy/opt/gz_plugin_vendor:/opt/ros/jazzy/opt/gz_fuel_tools_vendor:/opt/ros/jazzy/opt/gz_msgs_vendor:/opt/ros/jazzy/opt/gz_common_vendor:/opt/ros/jazzy/opt/gz_ogre_next_vendor:/opt/ros/jazzy/opt/gz_dartsim_vendor:/opt/ros/jazzy/opt/sdformat_vendor:/opt/ros/jazzy/opt/gz_math_vendor:/opt/ros/jazzy/opt/gz_utils_vendor:/opt/ros/jazzy/opt/gz_tools_vendor:/opt/ros/jazzy/opt/gz_cmake_vendor:/home/theo/drift/ros2_ws/install/my_package:/opt/ros/jazzy DEBUGINFOD_URLS=https://debuginfod.ubuntu.com LD_LIBRARY_PATH=/home/theo/drift/ros2_ws/src/lbr-stack/install/lbr_fri_ros2/lib:/home/theo/drift/ros2_ws/src/lbr-stack/install/lbr_fri_idl/lib:/home/theo/drift/ros2_ws/src/lbr-stack/install/fri_client_sdk/lib:${LD_LIBRARY_PATH} PKG_CONFIG_PATH=/home/theo/drift/ros2_ws/src/lbr-stack/install/fri_client_sdk/lib/aarch64-linux-gnu/pkgconfig:/home/theo/drift/ros2_ws/src/lbr-stack/install/fri_client_sdk/lib/pkgconfig PYTHONPATH=/home/theo/drift/ros2_ws/src/lbr-stack/install/lbr_fri_idl/lib/python3.12/site-packages:${PYTHONPATH} /usr/bin/cmake --install /home/theo/drift/ros2_ws/src/lbr-stack/build/lbr_demos_advanced_cpp
