[0.011s] Invoking command in '/home/theo/drift/ros2_ws/src/lbr-stack/build/lbr_moveit_cpp': CMAKE_PREFIX_PATH=${CMAKE_PREFIX_PATH}:/home/theo/drift/ros2_ws/install/my_package:/opt/ros/jazzy DEBUGINFOD_URLS=https://debuginfod.ubuntu.com /usr/bin/cmake /home/theo/drift/ros2_ws/src/lbr-stack/src/lbr_fri_ros2_stack/lbr_demos/lbr_moveit_cpp -DAMENT_CMAKE_SYMLINK_INSTALL=1 -DCMAKE_INSTALL_PREFIX=/home/theo/drift/ros2_ws/src/lbr-stack/install/lbr_moveit_cpp
[0.056s] -- The C compiler identification is GNU 13.3.0
[0.093s] -- The CXX compiler identification is GNU 13.3.0
[0.102s] -- Detecting C compiler ABI info
[0.157s] -- Detecting C compiler ABI info - done
[0.166s] -- Check for working C compiler: /usr/bin/cc - skipped
[0.166s] -- Detecting C compile features
[0.167s] -- Detecting C compile features - done
[0.173s] -- Detecting CXX compiler ABI info
[0.239s] -- Detecting CXX compiler ABI info - done
[0.243s] -- Check for working CXX compiler: /usr/bin/c++ - skipped
[0.243s] -- Detecting CXX compile features
[0.244s] -- Detecting CXX compile features - done
[0.246s] -- Found ament_cmake: 2.5.5 (/opt/ros/jazzy/share/ament_cmake/cmake)
[0.356s] -- Found Python3: /usr/bin/python3 (found version "3.12.3") found components: Interpreter 
[0.422s] -- Override CMake install command with custom implementation using symlinks instead of copying resources
[0.455s] -- Found geometry_msgs: 5.3.6 (/opt/ros/jazzy/share/geometry_msgs/cmake)
[0.521s] -- Found rosidl_generator_c: 4.6.7 (/opt/ros/jazzy/share/rosidl_generator_c/cmake)
[0.539s] -- Found rosidl_generator_cpp: 4.6.7 (/opt/ros/jazzy/share/rosidl_generator_cpp/cmake)
[0.556s] -- Using all available rosidl_typesupport_c: rosidl_typesupport_fastrtps_c;rosidl_typesupport_introspection_c
[0.596s] -- Using all available rosidl_typesupport_cpp: rosidl_typesupport_fastrtps_cpp;rosidl_typesupport_introspection_cpp
[0.661s] -- Found moveit_ros_planning_interface: 2.12.4 (/opt/ros/jazzy/share/moveit_ros_planning_interface/cmake)
[0.795s] -- Found Boost: /usr/lib/aarch64-linux-gnu/cmake/Boost-1.83.0/BoostConfig.cmake (found version "1.83.0") found components: date_time filesystem program_options system thread 
[1.043s] -- Found Boost: /usr/lib/aarch64-linux-gnu/cmake/Boost-1.83.0/BoostConfig.cmake (found version "1.83.0") found components: chrono date_time filesystem iostreams program_options regex serialization system thread 
[1.103s] -- Found parameter_traits: 0.6.0 (/opt/ros/jazzy/share/parameter_traits/cmake)
[1.179s] -- Found rmw_implementation_cmake: 7.3.3 (/opt/ros/jazzy/share/rmw_implementation_cmake/cmake)
[1.183s] -- Found rmw_fastrtps_cpp: 8.4.3 (/opt/ros/jazzy/share/rmw_fastrtps_cpp/cmake)
[1.255s] -- Found OpenSSL: /usr/lib/aarch64-linux-gnu/libcrypto.so (found version "3.0.13")  
[1.267s] -- Found FastRTPS: /opt/ros/jazzy/include (Required is at least version "2.13") 
[1.278s] -- Using RMW implementation 'rmw_fastrtps_cpp' as default
[1.331s] -- Found rclcpp_lifecycle: 28.1.16 (/opt/ros/jazzy/share/rclcpp_lifecycle/cmake)
[1.356s] -- Found Boost: /usr/lib/aarch64-linux-gnu/cmake/Boost-1.83.0/BoostConfig.cmake (found version "1.83.0") found components: filesystem 
[1.406s] -- Found Eigen3: TRUE (found version "3.4.0") 
[1.406s] -- Ensuring Eigen3 include directory is part of orocos-kdl CMake target
[1.650s] -- Found Boost: /usr/lib/aarch64-linux-gnu/cmake/Boost-1.83.0/BoostConfig.cmake (found version "1.83.0") found components: system filesystem date_time program_options thread chrono 
[1.671s] -- Found Boost: /usr/lib/aarch64-linux-gnu/cmake/Boost-1.83.0/BoostConfig.cmake (found version "1.83.0") found components: thread system filesystem regex date_time program_options 
[1.696s] -- Found Boost: /usr/lib/aarch64-linux-gnu/cmake/Boost-1.83.0/BoostConfig.cmake (found version "1.83.0") found components: system filesystem date_time program_options thread 
[1.801s] -- Configuring done (1.8s)
[1.849s] -- Generating done (0.0s)
[1.855s] -- Build files have been written to: /home/theo/drift/ros2_ws/src/lbr-stack/build/lbr_moveit_cpp
[1.866s] Invoked command in '/home/theo/drift/ros2_ws/src/lbr-stack/build/lbr_moveit_cpp' returned '0': CMAKE_PREFIX_PATH=${CMAKE_PREFIX_PATH}:/home/theo/drift/ros2_ws/install/my_package:/opt/ros/jazzy DEBUGINFOD_URLS=https://debuginfod.ubuntu.com /usr/bin/cmake /home/theo/drift/ros2_ws/src/lbr-stack/src/lbr_fri_ros2_stack/lbr_demos/lbr_moveit_cpp -DAMENT_CMAKE_SYMLINK_INSTALL=1 -DCMAKE_INSTALL_PREFIX=/home/theo/drift/ros2_ws/src/lbr-stack/install/lbr_moveit_cpp
[1.867s] Invoking command in '/home/theo/drift/ros2_ws/src/lbr-stack/build/lbr_moveit_cpp': CMAKE_PREFIX_PATH=${CMAKE_PREFIX_PATH}:/home/theo/drift/ros2_ws/install/my_package:/opt/ros/jazzy DEBUGINFOD_URLS=https://debuginfod.ubuntu.com /usr/bin/cmake --build /home/theo/drift/ros2_ws/src/lbr-stack/build/lbr_moveit_cpp -- -j4 -l4
[1.919s] [ 50%] [32mBuilding CXX object CMakeFiles/hello_moveit.dir/src/hello_moveit.cpp.o[0m
[7.417s] [100%] [32m[1mLinking CXX executable hello_moveit[0m
[7.809s] [100%] Built target hello_moveit
[7.813s] Invoked command in '/home/theo/drift/ros2_ws/src/lbr-stack/build/lbr_moveit_cpp' returned '0': CMAKE_PREFIX_PATH=${CMAKE_PREFIX_PATH}:/home/theo/drift/ros2_ws/install/my_package:/opt/ros/jazzy DEBUGINFOD_URLS=https://debuginfod.ubuntu.com /usr/bin/cmake --build /home/theo/drift/ros2_ws/src/lbr-stack/build/lbr_moveit_cpp -- -j4 -l4
[7.814s] Invoking command in '/home/theo/drift/ros2_ws/src/lbr-stack/build/lbr_moveit_cpp': CMAKE_PREFIX_PATH=${CMAKE_PREFIX_PATH}:/home/theo/drift/ros2_ws/install/my_package:/opt/ros/jazzy DEBUGINFOD_URLS=https://debuginfod.ubuntu.com /usr/bin/cmake --install /home/theo/drift/ros2_ws/src/lbr-stack/build/lbr_moveit_cpp
[7.817s] -- Install configuration: "Release"
[7.817s] -- Execute custom install script
[7.817s] -- Symlinking: /home/theo/drift/ros2_ws/src/lbr-stack/install/lbr_moveit_cpp/share/lbr_moveit_cpp/launch/hello_moveit.launch.py
[7.821s] -- Symlinking: /home/theo/drift/ros2_ws/src/lbr-stack/install/lbr_moveit_cpp/lib/lbr_moveit_cpp/hello_moveit
[7.825s] -- Symlinking: /home/theo/drift/ros2_ws/src/lbr-stack/install/lbr_moveit_cpp/share/ament_index/resource_index/package_run_dependencies/lbr_moveit_cpp
[7.828s] -- Symlinking: /home/theo/drift/ros2_ws/src/lbr-stack/install/lbr_moveit_cpp/share/ament_index/resource_index/parent_prefix_path/lbr_moveit_cpp
[7.831s] -- Symlinking: /home/theo/drift/ros2_ws/src/lbr-stack/install/lbr_moveit_cpp/share/lbr_moveit_cpp/environment/ament_prefix_path.sh
[7.834s] -- Symlinking: /home/theo/drift/ros2_ws/src/lbr-stack/install/lbr_moveit_cpp/share/lbr_moveit_cpp/environment/ament_prefix_path.dsv
[7.838s] -- Symlinking: /home/theo/drift/ros2_ws/src/lbr-stack/install/lbr_moveit_cpp/share/lbr_moveit_cpp/environment/path.sh
[7.840s] -- Symlinking: /home/theo/drift/ros2_ws/src/lbr-stack/install/lbr_moveit_cpp/share/lbr_moveit_cpp/environment/path.dsv
[7.844s] -- Symlinking: /home/theo/drift/ros2_ws/src/lbr-stack/install/lbr_moveit_cpp/share/lbr_moveit_cpp/local_setup.bash
[7.847s] -- Symlinking: /home/theo/drift/ros2_ws/src/lbr-stack/install/lbr_moveit_cpp/share/lbr_moveit_cpp/local_setup.sh
[7.850s] -- Symlinking: /home/theo/drift/ros2_ws/src/lbr-stack/install/lbr_moveit_cpp/share/lbr_moveit_cpp/local_setup.zsh
[7.853s] -- Symlinking: /home/theo/drift/ros2_ws/src/lbr-stack/install/lbr_moveit_cpp/share/lbr_moveit_cpp/local_setup.dsv
[7.857s] -- Symlinking: /home/theo/drift/ros2_ws/src/lbr-stack/install/lbr_moveit_cpp/share/lbr_moveit_cpp/package.dsv
[7.860s] -- Symlinking: /home/theo/drift/ros2_ws/src/lbr-stack/install/lbr_moveit_cpp/share/ament_index/resource_index/packages/lbr_moveit_cpp
[7.864s] -- Symlinking: /home/theo/drift/ros2_ws/src/lbr-stack/install/lbr_moveit_cpp/share/lbr_moveit_cpp/cmake/lbr_moveit_cppConfig.cmake
[7.867s] -- Symlinking: /home/theo/drift/ros2_ws/src/lbr-stack/install/lbr_moveit_cpp/share/lbr_moveit_cpp/cmake/lbr_moveit_cppConfig-version.cmake
[7.871s] -- Symlinking: /home/theo/drift/ros2_ws/src/lbr-stack/install/lbr_moveit_cpp/share/lbr_moveit_cpp/package.xml
[7.878s] Invoked command in '/home/theo/drift/ros2_ws/src/lbr-stack/build/lbr_moveit_cpp' returned '0': CMAKE_PREFIX_PATH=${CMAKE_PREFIX_PATH}:/home/theo/drift/ros2_ws/install/my_package:/opt/ros/jazzy DEBUGINFOD_URLS=https://debuginfod.ubuntu.com /usr/bin/cmake --install /home/theo/drift/ros2_ws/src/lbr-stack/build/lbr_moveit_cpp
