[0.373s] Invoking command in '/home/theo/drift/ros2_ws/build/my_package': DEBUGINFOD_URLS=https://debuginfod.ubuntu.com PYTHONPATH=/home/theo/drift/ros2_ws/build/my_package/prefix_override:/usr/lib/python3/dist-packages/colcon_core/task/python/colcon_distutils_commands:/home/theo/drift/ros2_ws/install/my_package/lib/python3.12/site-packages:${PYTHONPATH} VIRTUAL_ENV_PROMPT=(roskuka) /usr/bin/python3 -W ignore:setup.py install is deprecated -W ignore:easy_install command is deprecated setup.py develop --editable --build-directory /home/theo/drift/ros2_ws/build/my_package/build --no-deps symlink_data
[0.520s] running develop
[0.594s] running egg_info
[0.594s] creating my_package.egg-info
[0.600s] writing my_package.egg-info/PKG-INFO
[0.601s] writing dependency_links to my_package.egg-info/dependency_links.txt
[0.601s] writing entry points to my_package.egg-info/entry_points.txt
[0.601s] writing requirements to my_package.egg-info/requires.txt
[0.601s] writing top-level names to my_package.egg-info/top_level.txt
[0.601s] writing manifest file 'my_package.egg-info/SOURCES.txt'
[0.616s] reading manifest file 'my_package.egg-info/SOURCES.txt'
[0.616s] writing manifest file 'my_package.egg-info/SOURCES.txt'
[0.623s] running build_ext
[0.623s] Creating /home/theo/drift/ros2_ws/install/my_package/lib/python3.12/site-packages/my-package.egg-link (link to .)
[0.623s] Installing arm_ik script to /home/theo/drift/ros2_ws/install/my_package/lib/my_package
[0.623s] Installing hit_node script to /home/theo/drift/ros2_ws/install/my_package/lib/my_package
[0.623s] 
[0.623s] Installed /home/theo/drift/ros2_ws/build/my_package
[0.624s] running symlink_data
[0.624s] creating /home/theo/drift/ros2_ws/install/my_package/share/ament_index
[0.624s] creating /home/theo/drift/ros2_ws/install/my_package/share/ament_index/resource_index
[0.624s] creating /home/theo/drift/ros2_ws/install/my_package/share/ament_index/resource_index/packages
[0.624s] symbolically linking /home/theo/drift/ros2_ws/build/my_package/resource/my_package -> /home/theo/drift/ros2_ws/install/my_package/share/ament_index/resource_index/packages
[0.624s] symbolically linking /home/theo/drift/ros2_ws/build/my_package/package.xml -> /home/theo/drift/ros2_ws/install/my_package/share/my_package
[0.624s] creating /home/theo/drift/ros2_ws/install/my_package/share/my_package/launch
[0.624s] symbolically linking /home/theo/drift/ros2_ws/build/my_package/launch/arm.launch.py -> /home/theo/drift/ros2_ws/install/my_package/share/my_package/launch
[0.624s] symbolically linking /home/theo/drift/ros2_ws/build/my_package/launch/sim.launch.py -> /home/theo/drift/ros2_ws/install/my_package/share/my_package/launch
[0.624s] creating /home/theo/drift/ros2_ws/install/my_package/share/my_package/urdf
[0.624s] symbolically linking /home/theo/drift/ros2_ws/build/my_package/urdf/arm.urdf.xacro -> /home/theo/drift/ros2_ws/install/my_package/share/my_package/urdf
[0.624s] symbolically linking /home/theo/drift/ros2_ws/build/my_package/urdf/diff_drive.urdf.xacro -> /home/theo/drift/ros2_ws/install/my_package/share/my_package/urdf
[0.624s] creating /home/theo/drift/ros2_ws/install/my_package/share/my_package/config
[0.624s] symbolically linking /home/theo/drift/ros2_ws/build/my_package/config/arm_controllers.yaml -> /home/theo/drift/ros2_ws/install/my_package/share/my_package/config
[0.624s] symbolically linking /home/theo/drift/ros2_ws/build/my_package/config/controllers.yaml -> /home/theo/drift/ros2_ws/install/my_package/share/my_package/config
[0.625s] symbolically linking /home/theo/drift/ros2_ws/build/my_package/config/rviz.rviz -> /home/theo/drift/ros2_ws/install/my_package/share/my_package/config
[0.625s] symbolically linking /home/theo/drift/ros2_ws/build/my_package/config/arm.rviz -> /home/theo/drift/ros2_ws/install/my_package/share/my_package/config
[0.645s] Invoked command in '/home/theo/drift/ros2_ws/build/my_package' returned '0': DEBUGINFOD_URLS=https://debuginfod.ubuntu.com PYTHONPATH=/home/theo/drift/ros2_ws/build/my_package/prefix_override:/usr/lib/python3/dist-packages/colcon_core/task/python/colcon_distutils_commands:/home/theo/drift/ros2_ws/install/my_package/lib/python3.12/site-packages:${PYTHONPATH} VIRTUAL_ENV_PROMPT=(roskuka) /usr/bin/python3 -W ignore:setup.py install is deprecated -W ignore:easy_install command is deprecated setup.py develop --editable --build-directory /home/theo/drift/ros2_ws/build/my_package/build --no-deps symlink_data
