[0.438s] Invoking command in '/home/theo/drift/ros2_ws/build/my_package': DEBUGINFOD_URLS=https://debuginfod.ubuntu.com PYTHONPATH=/home/theo/drift/ros2_ws/build/my_package/prefix_override:/usr/lib/python3/dist-packages/colcon_core/task/python/colcon_distutils_commands:/home/theo/drift/ros2_ws/install/my_package/lib/python3.12/site-packages:${PYTHONPATH} /usr/bin/python3 -W ignore:setup.py install is deprecated -W ignore:easy_install command is deprecated setup.py develop --editable --build-directory /home/theo/drift/ros2_ws/build/my_package/build --no-deps symlink_data
[0.553s] running develop
[0.621s] running egg_info
[0.628s] writing my_package.egg-info/PKG-INFO
[0.628s] writing dependency_links to my_package.egg-info/dependency_links.txt
[0.628s] writing entry points to my_package.egg-info/entry_points.txt
[0.628s] writing requirements to my_package.egg-info/requires.txt
[0.628s] writing top-level names to my_package.egg-info/top_level.txt
[0.641s] reading manifest file 'my_package.egg-info/SOURCES.txt'
[0.641s] writing manifest file 'my_package.egg-info/SOURCES.txt'
[0.649s] running build_ext
[0.649s] Creating /home/theo/drift/ros2_ws/install/my_package/lib/python3.12/site-packages/my-package.egg-link (link to .)
[0.649s] Installing force_node script to /home/theo/drift/ros2_ws/install/my_package/lib/my_package
[0.649s] Installing hit_node script to /home/theo/drift/ros2_ws/install/my_package/lib/my_package
[0.650s] 
[0.650s] Installed /home/theo/drift/ros2_ws/build/my_package
[0.650s] running symlink_data
[0.650s] symbolically linking /home/theo/drift/ros2_ws/build/my_package/launch/hardware.launch.py -> /home/theo/drift/ros2_ws/install/my_package/share/my_package/launch
[0.651s] error: can't copy '/home/theo/drift/ros2_ws/build/my_package/urdf/arm.urdf.xacro': doesn't exist or not a regular file
[0.665s] Invoked command in '/home/theo/drift/ros2_ws/build/my_package' returned '1': DEBUGINFOD_URLS=https://debuginfod.ubuntu.com PYTHONPATH=/home/theo/drift/ros2_ws/build/my_package/prefix_override:/usr/lib/python3/dist-packages/colcon_core/task/python/colcon_distutils_commands:/home/theo/drift/ros2_ws/install/my_package/lib/python3.12/site-packages:${PYTHONPATH} /usr/bin/python3 -W ignore:setup.py install is deprecated -W ignore:easy_install command is deprecated setup.py develop --editable --build-directory /home/theo/drift/ros2_ws/build/my_package/build --no-deps symlink_data
