[0.056s] DEBUG:colcon:Command line arguments: ['/usr/bin/colcon', 'build', '--symlink-install', '--packages-select', 'my_package']
[0.056s] DEBUG:colcon:Parsed command line arguments: Namespace(log_base=None, log_level=None, verb_name='build', build_base='build', install_base='install', merge_install=False, symlink_install=True, test_result_base=None, continue_on_error=False, executor='parallel', parallel_workers=4, event_handlers=None, ignore_user_meta=False, metas=['./colcon.meta'], base_paths=['.'], packages_ignore=None, packages_ignore_regex=None, paths=None, packages_up_to=None, packages_up_to_regex=None, packages_above=None, packages_above_and_dependencies=None, packages_above_depth=None, packages_select_by_dep=None, packages_skip_by_dep=None, packages_skip_up_to=None, packages_select_build_failed=False, packages_skip_build_finished=False, packages_select_test_failures=False, packages_skip_test_passed=False, packages_select=['my_package'], packages_skip=None, packages_select_regex=None, packages_skip_regex=None, packages_start=None, packages_end=None, cmake_args=None, cmake_target=None, cmake_target_skip_unavailable=False, cmake_clean_cache=False, cmake_clean_first=False, cmake_force_configure=False, ament_cmake_args=None, catkin_cmake_args=None, catkin_skip_building_tests=False, verb_parser=<colcon_defaults.argument_parser.defaults.DefaultArgumentsDecorator object at 0xec2651e9f6e0>, verb_extension=<colcon_core.verb.build.BuildVerb object at 0xec2651e9f5f0>, main=<bound method BuildVerb.main of <colcon_core.verb.build.BuildVerb object at 0xec2651e9f5f0>>)
[0.078s] Level 1:colcon.colcon_core.package_discovery:discover_packages(colcon_meta) check parameters
[0.078s] Level 1:colcon.colcon_core.package_discovery:discover_packages(recursive) check parameters
[0.078s] Level 1:colcon.colcon_core.package_discovery:discover_packages(ignore) check parameters
[0.078s] Level 1:colcon.colcon_core.package_discovery:discover_packages(path) check parameters
[0.078s] Level 1:colcon.colcon_core.package_discovery:discover_packages(colcon_meta) discover
[0.079s] Level 1:colcon.colcon_core.package_discovery:discover_packages(recursive) discover
[0.079s] INFO:colcon.colcon_core.package_discovery:Crawling recursively for packages in '/home/theo/drift/ros2_ws/src'
[0.079s] Level 1:colcon.colcon_core.package_identification:_identify(.) by extensions ['ignore', 'ignore_ament_install']
[0.079s] Level 1:colcon.colcon_core.package_identification:_identify(.) by extension 'ignore'
[0.079s] Level 1:colcon.colcon_core.package_identification:_identify(.) by extension 'ignore_ament_install'
[0.079s] Level 1:colcon.colcon_core.package_identification:_identify(.) by extensions ['colcon_pkg']
[0.079s] Level 1:colcon.colcon_core.package_identification:_identify(.) by extension 'colcon_pkg'
[0.079s] Level 1:colcon.colcon_core.package_identification:_identify(.) by extensions ['colcon_meta']
[0.079s] Level 1:colcon.colcon_core.package_identification:_identify(.) by extension 'colcon_meta'
[0.079s] Level 1:colcon.colcon_core.package_identification:_identify(.) by extensions ['ros']
[0.079s] Level 1:colcon.colcon_core.package_identification:_identify(.) by extension 'ros'
[0.092s] Level 1:colcon.colcon_core.package_identification:_identify(.) by extensions ['cmake', 'python']
[0.092s] Level 1:colcon.colcon_core.package_identification:_identify(.) by extension 'cmake'
[0.092s] Level 1:colcon.colcon_core.package_identification:_identify(.) by extension 'python'
[0.092s] Level 1:colcon.colcon_core.package_identification:_identify(.) by extensions ['python_setup_py']
[0.092s] Level 1:colcon.colcon_core.package_identification:_identify(.) by extension 'python_setup_py'
[0.092s] Level 1:colcon.colcon_core.package_identification:_identify(build) by extensions ['ignore', 'ignore_ament_install']
[0.092s] Level 1:colcon.colcon_core.package_identification:_identify(build) by extension 'ignore'
[0.092s] Level 1:colcon.colcon_core.package_identification:_identify(build) ignored
[0.092s] Level 1:colcon.colcon_core.package_identification:_identify(install) by extensions ['ignore', 'ignore_ament_install']
[0.092s] Level 1:colcon.colcon_core.package_identification:_identify(install) by extension 'ignore'
[0.092s] Level 1:colcon.colcon_core.package_identification:_identify(install) ignored
[0.092s] Level 1:colcon.colcon_core.package_identification:_identify(lbr-stack) by extensions ['ignore', 'ignore_ament_install']
[0.092s] Level 1:colcon.colcon_core.package_identification:_identify(lbr-stack) by extension 'ignore'
[0.092s] Level 1:colcon.colcon_core.package_identification:_identify(lbr-stack) by extension 'ignore_ament_install'
[0.092s] Level 1:colcon.colcon_core.package_identification:_identify(lbr-stack) by extensions ['colcon_pkg']
[0.092s] Level 1:colcon.colcon_core.package_identification:_identify(lbr-stack) by extension 'colcon_pkg'
[0.092s] Level 1:colcon.colcon_core.package_identification:_identify(lbr-stack) by extensions ['colcon_meta']
[0.093s] Level 1:colcon.colcon_core.package_identification:_identify(lbr-stack) by extension 'colcon_meta'
[0.093s] Level 1:colcon.colcon_core.package_identification:_identify(lbr-stack) by extensions ['ros']
[0.093s] Level 1:colcon.colcon_core.package_identification:_identify(lbr-stack) by extension 'ros'
[0.093s] Level 1:colcon.colcon_core.package_identification:_identify(lbr-stack) by extensions ['cmake', 'python']
[0.093s] Level 1:colcon.colcon_core.package_identification:_identify(lbr-stack) by extension 'cmake'
[0.093s] Level 1:colcon.colcon_core.package_identification:_identify(lbr-stack) by extension 'python'
[0.093s] Level 1:colcon.colcon_core.package_identification:_identify(lbr-stack) by extensions ['python_setup_py']
[0.093s] Level 1:colcon.colcon_core.package_identification:_identify(lbr-stack) by extension 'python_setup_py'
[0.093s] Level 1:colcon.colcon_core.package_identification:_identify(lbr-stack/build) by extensions ['ignore', 'ignore_ament_install']
[0.093s] Level 1:colcon.colcon_core.package_identification:_identify(lbr-stack/build) by extension 'ignore'
[0.093s] Level 1:colcon.colcon_core.package_identification:_identify(lbr-stack/build) ignored
[0.093s] Level 1:colcon.colcon_core.package_identification:_identify(lbr-stack/install) by extensions ['ignore', 'ignore_ament_install']
[0.093s] Level 1:colcon.colcon_core.package_identification:_identify(lbr-stack/install) by extension 'ignore'
[0.093s] Level 1:colcon.colcon_core.package_identification:_identify(lbr-stack/install) ignored
[0.093s] Level 1:colcon.colcon_core.package_identification:_identify(lbr-stack/log) by extensions ['ignore', 'ignore_ament_install']
[0.093s] Level 1:colcon.colcon_core.package_identification:_identify(lbr-stack/log) by extension 'ignore'
[0.093s] Level 1:colcon.colcon_core.package_identification:_identify(lbr-stack/log) ignored
[0.093s] Level 1:colcon.colcon_core.package_identification:_identify(lbr-stack/src) by extensions ['ignore', 'ignore_ament_install']
[0.093s] Level 1:colcon.colcon_core.package_identification:_identify(lbr-stack/src) by extension 'ignore'
[0.093s] Level 1:colcon.colcon_core.package_identification:_identify(lbr-stack/src) by extension 'ignore_ament_install'
[0.093s] Level 1:colcon.colcon_core.package_identification:_identify(lbr-stack/src) by extensions ['colcon_pkg']
[0.093s] Level 1:colcon.colcon_core.package_identification:_identify(lbr-stack/src) by extension 'colcon_pkg'
[0.093s] Level 1:colcon.colcon_core.package_identification:_identify(lbr-stack/src) by extensions ['colcon_meta']
[0.093s] Level 1:colcon.colcon_core.package_identification:_identify(lbr-stack/src) by extension 'colcon_meta'
[0.093s] Level 1:colcon.colcon_core.package_identification:_identify(lbr-stack/src) by extensions ['ros']
[0.093s] Level 1:colcon.colcon_core.package_identification:_identify(lbr-stack/src) by extension 'ros'
[0.093s] Level 1:colcon.colcon_core.package_identification:_identify(lbr-stack/src) by extensions ['cmake', 'python']
[0.093s] Level 1:colcon.colcon_core.package_identification:_identify(lbr-stack/src) by extension 'cmake'
[0.093s] Level 1:colcon.colcon_core.package_identification:_identify(lbr-stack/src) by extension 'python'
[0.093s] Level 1:colcon.colcon_core.package_identification:_identify(lbr-stack/src) by extensions ['python_setup_py']
[0.093s] Level 1:colcon.colcon_core.package_identification:_identify(lbr-stack/src) by extension 'python_setup_py'
[0.093s] Level 1:colcon.colcon_core.package_identification:_identify(lbr-stack/src/fri) by extensions ['ignore', 'ignore_ament_install']
[0.093s] Level 1:colcon.colcon_core.package_identification:_identify(lbr-stack/src/fri) by extension 'ignore'
[0.093s] Level 1:colcon.colcon_core.package_identification:_identify(lbr-stack/src/fri) by extension 'ignore_ament_install'
[0.093s] Level 1:colcon.colcon_core.package_identification:_identify(lbr-stack/src/fri) by extensions ['colcon_pkg']
[0.093s] Level 1:colcon.colcon_core.package_identification:_identify(lbr-stack/src/fri) by extension 'colcon_pkg'
[0.093s] Level 1:colcon.colcon_core.package_identification:_identify(lbr-stack/src/fri) by extensions ['colcon_meta']
[0.093s] Level 1:colcon.colcon_core.package_identification:_identify(lbr-stack/src/fri) by extension 'colcon_meta'
[0.093s] Level 1:colcon.colcon_core.package_identification:_identify(lbr-stack/src/fri) by extensions ['ros']
[0.093s] Level 1:colcon.colcon_core.package_identification:_identify(lbr-stack/src/fri) by extension 'ros'
[0.094s] DEBUG:colcon.colcon_core.package_identification:Package 'lbr-stack/src/fri' with type 'ros.cmake' and name 'fri_client_sdk'
[0.094s] Level 1:colcon.colcon_core.package_identification:_identify(lbr-stack/src/lbr_fri_idl) by extensions ['ignore', 'ignore_ament_install']
[0.094s] Level 1:colcon.colcon_core.package_identification:_identify(lbr-stack/src/lbr_fri_idl) by extension 'ignore'
[0.094s] Level 1:colcon.colcon_core.package_identification:_identify(lbr-stack/src/lbr_fri_idl) by extension 'ignore_ament_install'
[0.094s] Level 1:colcon.colcon_core.package_identification:_identify(lbr-stack/src/lbr_fri_idl) by extensions ['colcon_pkg']
[0.094s] Level 1:colcon.colcon_core.package_identification:_identify(lbr-stack/src/lbr_fri_idl) by extension 'colcon_pkg'
[0.094s] Level 1:colcon.colcon_core.package_identification:_identify(lbr-stack/src/lbr_fri_idl) by extensions ['colcon_meta']
[0.095s] Level 1:colcon.colcon_core.package_identification:_identify(lbr-stack/src/lbr_fri_idl) by extension 'colcon_meta'
[0.095s] Level 1:colcon.colcon_core.package_identification:_identify(lbr-stack/src/lbr_fri_idl) by extensions ['ros']
[0.095s] Level 1:colcon.colcon_core.package_identification:_identify(lbr-stack/src/lbr_fri_idl) by extension 'ros'
[0.095s] DEBUG:colcon.colcon_core.package_identification:Package 'lbr-stack/src/lbr_fri_idl' with type 'ros.ament_cmake' and name 'lbr_fri_idl'
[0.095s] Level 1:colcon.colcon_core.package_identification:_identify(lbr-stack/src/lbr_fri_ros2_stack) by extensions ['ignore', 'ignore_ament_install']
[0.095s] Level 1:colcon.colcon_core.package_identification:_identify(lbr-stack/src/lbr_fri_ros2_stack) by extension 'ignore'
[0.095s] Level 1:colcon.colcon_core.package_identification:_identify(lbr-stack/src/lbr_fri_ros2_stack) by extension 'ignore_ament_install'
[0.095s] Level 1:colcon.colcon_core.package_identification:_identify(lbr-stack/src/lbr_fri_ros2_stack) by extensions ['colcon_pkg']
[0.095s] Level 1:colcon.colcon_core.package_identification:_identify(lbr-stack/src/lbr_fri_ros2_stack) by extension 'colcon_pkg'
[0.095s] Level 1:colcon.colcon_core.package_identification:_identify(lbr-stack/src/lbr_fri_ros2_stack) by extensions ['colcon_meta']
[0.095s] Level 1:colcon.colcon_core.package_identification:_identify(lbr-stack/src/lbr_fri_ros2_stack) by extension 'colcon_meta'
[0.095s] Level 1:colcon.colcon_core.package_identification:_identify(lbr-stack/src/lbr_fri_ros2_stack) by extensions ['ros']
[0.095s] Level 1:colcon.colcon_core.package_identification:_identify(lbr-stack/src/lbr_fri_ros2_stack) by extension 'ros'
[0.095s] Level 1:colcon.colcon_core.package_identification:_identify(lbr-stack/src/lbr_fri_ros2_stack) by extensions ['cmake', 'python']
[0.095s] Level 1:colcon.colcon_core.package_identification:_identify(lbr-stack/src/lbr_fri_ros2_stack) by extension 'cmake'
[0.095s] Level 1:colcon.colcon_core.package_identification:_identify(lbr-stack/src/lbr_fri_ros2_stack) by extension 'python'
[0.095s] Level 1:colcon.colcon_core.package_identification:_identify(lbr-stack/src/lbr_fri_ros2_stack) by extensions ['python_setup_py']
[0.096s] Level 1:colcon.colcon_core.package_identification:_identify(lbr-stack/src/lbr_fri_ros2_stack) by extension 'python_setup_py'
[0.096s] Level 1:colcon.colcon_core.package_identification:_identify(lbr-stack/src/lbr_fri_ros2_stack/docker) by extensions ['ignore', 'ignore_ament_install']
[0.096s] Level 1:colcon.colcon_core.package_identification:_identify(lbr-stack/src/lbr_fri_ros2_stack/docker) by extension 'ignore'
[0.096s] Level 1:colcon.colcon_core.package_identification:_identify(lbr-stack/src/lbr_fri_ros2_stack/docker) by extension 'ignore_ament_install'
[0.096s] Level 1:colcon.colcon_core.package_identification:_identify(lbr-stack/src/lbr_fri_ros2_stack/docker) by extensions ['colcon_pkg']
[0.096s] Level 1:colcon.colcon_core.package_identification:_identify(lbr-stack/src/lbr_fri_ros2_stack/docker) by extension 'colcon_pkg'
[0.096s] Level 1:colcon.colcon_core.package_identification:_identify(lbr-stack/src/lbr_fri_ros2_stack/docker) by extensions ['colcon_meta']
[0.096s] Level 1:colcon.colcon_core.package_identification:_identify(lbr-stack/src/lbr_fri_ros2_stack/docker) by extension 'colcon_meta'
[0.096s] Level 1:colcon.colcon_core.package_identification:_identify(lbr-stack/src/lbr_fri_ros2_stack/docker) by extensions ['ros']
[0.096s] Level 1:colcon.colcon_core.package_identification:_identify(lbr-stack/src/lbr_fri_ros2_stack/docker) by extension 'ros'
[0.096s] Level 1:colcon.colcon_core.package_identification:_identify(lbr-stack/src/lbr_fri_ros2_stack/docker) by extensions ['cmake', 'python']
[0.096s] Level 1:colcon.colcon_core.package_identification:_identify(lbr-stack/src/lbr_fri_ros2_stack/docker) by extension 'cmake'
[0.096s] Level 1:colcon.colcon_core.package_identification:_identify(lbr-stack/src/lbr_fri_ros2_stack/docker) by extension 'python'
[0.096s] Level 1:colcon.colcon_core.package_identification:_identify(lbr-stack/src/lbr_fri_ros2_stack/docker) by extensions ['python_setup_py']
[0.096s] Level 1:colcon.colcon_core.package_identification:_identify(lbr-stack/src/lbr_fri_ros2_stack/docker) by extension 'python_setup_py'
[0.096s] Level 1:colcon.colcon_core.package_identification:_identify(lbr-stack/src/lbr_fri_ros2_stack/docker/doc) by extensions ['ignore', 'ignore_ament_install']
[0.096s] Level 1:colcon.colcon_core.package_identification:_identify(lbr-stack/src/lbr_fri_ros2_stack/docker/doc) by extension 'ignore'
[0.096s] Level 1:colcon.colcon_core.package_identification:_identify(lbr-stack/src/lbr_fri_ros2_stack/docker/doc) by extension 'ignore_ament_install'
[0.096s] Level 1:colcon.colcon_core.package_identification:_identify(lbr-stack/src/lbr_fri_ros2_stack/docker/doc) by extensions ['colcon_pkg']
[0.096s] Level 1:colcon.colcon_core.package_identification:_identify(lbr-stack/src/lbr_fri_ros2_stack/docker/doc) by extension 'colcon_pkg'
[0.096s] Level 1:colcon.colcon_core.package_identification:_identify(lbr-stack/src/lbr_fri_ros2_stack/docker/doc) by extensions ['colcon_meta']
[0.096s] Level 1:colcon.colcon_core.package_identification:_identify(lbr-stack/src/lbr_fri_ros2_stack/docker/doc) by extension 'colcon_meta'
[0.096s] Level 1:colcon.colcon_core.package_identification:_identify(lbr-stack/src/lbr_fri_ros2_stack/docker/doc) by extensions ['ros']
[0.096s] Level 1:colcon.colcon_core.package_identification:_identify(lbr-stack/src/lbr_fri_ros2_stack/docker/doc) by extension 'ros'
[0.096s] Level 1:colcon.colcon_core.package_identification:_identify(lbr-stack/src/lbr_fri_ros2_stack/docker/doc) by extensions ['cmake', 'python']
[0.096s] Level 1:colcon.colcon_core.package_identification:_identify(lbr-stack/src/lbr_fri_ros2_stack/docker/doc) by extension 'cmake'
[0.096s] Level 1:colcon.colcon_core.package_identification:_identify(lbr-stack/src/lbr_fri_ros2_stack/docker/doc) by extension 'python'
[0.096s] Level 1:colcon.colcon_core.package_identification:_identify(lbr-stack/src/lbr_fri_ros2_stack/docker/doc) by extensions ['python_setup_py']
[0.096s] Level 1:colcon.colcon_core.package_identification:_identify(lbr-stack/src/lbr_fri_ros2_stack/docker/doc) by extension 'python_setup_py'
[0.096s] Level 1:colcon.colcon_core.package_identification:_identify(lbr-stack/src/lbr_fri_ros2_stack/lbr_bringup) by extensions ['ignore', 'ignore_ament_install']
[0.096s] Level 1:colcon.colcon_core.package_identification:_identify(lbr-stack/src/lbr_fri_ros2_stack/lbr_bringup) by extension 'ignore'
[0.096s] Level 1:colcon.colcon_core.package_identification:_identify(lbr-stack/src/lbr_fri_ros2_stack/lbr_bringup) by extension 'ignore_ament_install'
[0.096s] Level 1:colcon.colcon_core.package_identification:_identify(lbr-stack/src/lbr_fri_ros2_stack/lbr_bringup) by extensions ['colcon_pkg']
[0.096s] Level 1:colcon.colcon_core.package_identification:_identify(lbr-stack/src/lbr_fri_ros2_stack/lbr_bringup) by extension 'colcon_pkg'
[0.096s] Level 1:colcon.colcon_core.package_identification:_identify(lbr-stack/src/lbr_fri_ros2_stack/lbr_bringup) by extensions ['colcon_meta']
[0.096s] Level 1:colcon.colcon_core.package_identification:_identify(lbr-stack/src/lbr_fri_ros2_stack/lbr_bringup) by extension 'colcon_meta'
[0.096s] Level 1:colcon.colcon_core.package_identification:_identify(lbr-stack/src/lbr_fri_ros2_stack/lbr_bringup) by extensions ['ros']
[0.096s] Level 1:colcon.colcon_core.package_identification:_identify(lbr-stack/src/lbr_fri_ros2_stack/lbr_bringup) by extension 'ros'
[0.097s] DEBUG:colcon.colcon_core.package_identification:Package 'lbr-stack/src/lbr_fri_ros2_stack/lbr_bringup' with type 'ros.ament_cmake' and name 'lbr_bringup'
[0.097s] Level 1:colcon.colcon_core.package_identification:_identify(lbr-stack/src/lbr_fri_ros2_stack/lbr_demos) by extensions ['ignore', 'ignore_ament_install']
[0.097s] Level 1:colcon.colcon_core.package_identification:_identify(lbr-stack/src/lbr_fri_ros2_stack/lbr_demos) by extension 'ignore'
[0.097s] Level 1:colcon.colcon_core.package_identification:_identify(lbr-stack/src/lbr_fri_ros2_stack/lbr_demos) by extension 'ignore_ament_install'
[0.097s] Level 1:colcon.colcon_core.package_identification:_identify(lbr-stack/src/lbr_fri_ros2_stack/lbr_demos) by extensions ['colcon_pkg']
[0.097s] Level 1:colcon.colcon_core.package_identification:_identify(lbr-stack/src/lbr_fri_ros2_stack/lbr_demos) by extension 'colcon_pkg'
[0.097s] Level 1:colcon.colcon_core.package_identification:_identify(lbr-stack/src/lbr_fri_ros2_stack/lbr_demos) by extensions ['colcon_meta']
[0.097s] Level 1:colcon.colcon_core.package_identification:_identify(lbr-stack/src/lbr_fri_ros2_stack/lbr_demos) by extension 'colcon_meta'
[0.097s] Level 1:colcon.colcon_core.package_identification:_identify(lbr-stack/src/lbr_fri_ros2_stack/lbr_demos) by extensions ['ros']
[0.097s] Level 1:colcon.colcon_core.package_identification:_identify(lbr-stack/src/lbr_fri_ros2_stack/lbr_demos) by extension 'ros'
[0.098s] Level 1:colcon.colcon_core.package_identification:_identify(lbr-stack/src/lbr_fri_ros2_stack/lbr_demos) by extensions ['cmake', 'python']
[0.098s] Level 1:colcon.colcon_core.package_identification:_identify(lbr-stack/src/lbr_fri_ros2_stack/lbr_demos) by extension 'cmake'
[0.098s] Level 1:colcon.colcon_core.package_identification:_identify(lbr-stack/src/lbr_fri_ros2_stack/lbr_demos) by extension 'python'
[0.098s] Level 1:colcon.colcon_core.package_identification:_identify(lbr-stack/src/lbr_fri_ros2_stack/lbr_demos) by extensions ['python_setup_py']
[0.098s] Level 1:colcon.colcon_core.package_identification:_identify(lbr-stack/src/lbr_fri_ros2_stack/lbr_demos) by extension 'python_setup_py'
[0.098s] Level 1:colcon.colcon_core.package_identification:_identify(lbr-stack/src/lbr_fri_ros2_stack/lbr_demos/doc) by extensions ['ignore', 'ignore_ament_install']
[0.098s] Level 1:colcon.colcon_core.package_identification:_identify(lbr-stack/src/lbr_fri_ros2_stack/lbr_demos/doc) by extension 'ignore'
[0.098s] Level 1:colcon.colcon_core.package_identification:_identify(lbr-stack/src/lbr_fri_ros2_stack/lbr_demos/doc) by extension 'ignore_ament_install'
[0.098s] Level 1:colcon.colcon_core.package_identification:_identify(lbr-stack/src/lbr_fri_ros2_stack/lbr_demos/doc) by extensions ['colcon_pkg']
[0.098s] Level 1:colcon.colcon_core.package_identification:_identify(lbr-stack/src/lbr_fri_ros2_stack/lbr_demos/doc) by extension 'colcon_pkg'
[0.098s] Level 1:colcon.colcon_core.package_identification:_identify(lbr-stack/src/lbr_fri_ros2_stack/lbr_demos/doc) by extensions ['colcon_meta']
[0.098s] Level 1:colcon.colcon_core.package_identification:_identify(lbr-stack/src/lbr_fri_ros2_stack/lbr_demos/doc) by extension 'colcon_meta'
[0.098s] Level 1:colcon.colcon_core.package_identification:_identify(lbr-stack/src/lbr_fri_ros2_stack/lbr_demos/doc) by extensions ['ros']
[0.098s] Level 1:colcon.colcon_core.package_identification:_identify(lbr-stack/src/lbr_fri_ros2_stack/lbr_demos/doc) by extension 'ros'
[0.098s] Level 1:colcon.colcon_core.package_identification:_identify(lbr-stack/src/lbr_fri_ros2_stack/lbr_demos/doc) by extensions ['cmake', 'python']
[0.098s] Level 1:colcon.colcon_core.package_identification:_identify(lbr-stack/src/lbr_fri_ros2_stack/lbr_demos/doc) by extension 'cmake'
[0.098s] Level 1:colcon.colcon_core.package_identification:_identify(lbr-stack/src/lbr_fri_ros2_stack/lbr_demos/doc) by extension 'python'
[0.098s] Level 1:colcon.colcon_core.package_identification:_identify(lbr-stack/src/lbr_fri_ros2_stack/lbr_demos/doc) by extensions ['python_setup_py']
[0.098s] Level 1:colcon.colcon_core.package_identification:_identify(lbr-stack/src/lbr_fri_ros2_stack/lbr_demos/doc) by extension 'python_setup_py'
[0.098s] Level 1:colcon.colcon_core.package_identification:_identify(lbr-stack/src/lbr_fri_ros2_stack/lbr_demos/doc/img) by extensions ['ignore', 'ignore_ament_install']
[0.098s] Level 1:colcon.colcon_core.package_identification:_identify(lbr-stack/src/lbr_fri_ros2_stack/lbr_demos/doc/img) by extension 'ignore'
[0.098s] Level 1:colcon.colcon_core.package_identification:_identify(lbr-stack/src/lbr_fri_ros2_stack/lbr_demos/doc/img) by extension 'ignore_ament_install'
[0.098s] Level 1:colcon.colcon_core.package_identification:_identify(lbr-stack/src/lbr_fri_ros2_stack/lbr_demos/doc/img) by extensions ['colcon_pkg']
[0.098s] Level 1:colcon.colcon_core.package_identification:_identify(lbr-stack/src/lbr_fri_ros2_stack/lbr_demos/doc/img) by extension 'colcon_pkg'
[0.098s] Level 1:colcon.colcon_core.package_identification:_identify(lbr-stack/src/lbr_fri_ros2_stack/lbr_demos/doc/img) by extensions ['colcon_meta']
[0.098s] Level 1:colcon.colcon_core.package_identification:_identify(lbr-stack/src/lbr_fri_ros2_stack/lbr_demos/doc/img) by extension 'colcon_meta'
[0.098s] Level 1:colcon.colcon_core.package_identification:_identify(lbr-stack/src/lbr_fri_ros2_stack/lbr_demos/doc/img) by extensions ['ros']
[0.098s] Level 1:colcon.colcon_core.package_identification:_identify(lbr-stack/src/lbr_fri_ros2_stack/lbr_demos/doc/img) by extension 'ros'
[0.099s] Level 1:colcon.colcon_core.package_identification:_identify(lbr-stack/src/lbr_fri_ros2_stack/lbr_demos/doc/img) by extensions ['cmake', 'python']
[0.099s] Level 1:colcon.colcon_core.package_identification:_identify(lbr-stack/src/lbr_fri_ros2_stack/lbr_demos/doc/img) by extension 'cmake'
[0.099s] Level 1:colcon.colcon_core.package_identification:_identify(lbr-stack/src/lbr_fri_ros2_stack/lbr_demos/doc/img) by extension 'python'
[0.099s] Level 1:colcon.colcon_core.package_identification:_identify(lbr-stack/src/lbr_fri_ros2_stack/lbr_demos/doc/img) by extensions ['python_setup_py']
[0.099s] Level 1:colcon.colcon_core.package_identification:_identify(lbr-stack/src/lbr_fri_ros2_stack/lbr_demos/doc/img) by extension 'python_setup_py'
[0.099s] Level 1:colcon.colcon_core.package_identification:_identify(lbr-stack/src/lbr_fri_ros2_stack/lbr_demos/lbr_demos_advanced_cpp) by extensions ['ignore', 'ignore_ament_install']
[0.099s] Level 1:colcon.colcon_core.package_identification:_identify(lbr-stack/src/lbr_fri_ros2_stack/lbr_demos/lbr_demos_advanced_cpp) by extension 'ignore'
[0.099s] Level 1:colcon.colcon_core.package_identification:_identify(lbr-stack/src/lbr_fri_ros2_stack/lbr_demos/lbr_demos_advanced_cpp) by extension 'ignore_ament_install'
[0.099s] Level 1:colcon.colcon_core.package_identification:_identify(lbr-stack/src/lbr_fri_ros2_stack/lbr_demos/lbr_demos_advanced_cpp) by extensions ['colcon_pkg']
[0.099s] Level 1:colcon.colcon_core.package_identification:_identify(lbr-stack/src/lbr_fri_ros2_stack/lbr_demos/lbr_demos_advanced_cpp) by extension 'colcon_pkg'
[0.099s] Level 1:colcon.colcon_core.package_identification:_identify(lbr-stack/src/lbr_fri_ros2_stack/lbr_demos/lbr_demos_advanced_cpp) by extensions ['colcon_meta']
[0.099s] Level 1:colcon.colcon_core.package_identification:_identify(lbr-stack/src/lbr_fri_ros2_stack/lbr_demos/lbr_demos_advanced_cpp) by extension 'colcon_meta'
[0.099s] Level 1:colcon.colcon_core.package_identification:_identify(lbr-stack/src/lbr_fri_ros2_stack/lbr_demos/lbr_demos_advanced_cpp) by extensions ['ros']
[0.099s] Level 1:colcon.colcon_core.package_identification:_identify(lbr-stack/src/lbr_fri_ros2_stack/lbr_demos/lbr_demos_advanced_cpp) by extension 'ros'
[0.099s] DEBUG:colcon.colcon_core.package_identification:Package 'lbr-stack/src/lbr_fri_ros2_stack/lbr_demos/lbr_demos_advanced_cpp' with type 'ros.ament_cmake' and name 'lbr_demos_advanced_cpp'
[0.099s] Level 1:colcon.colcon_core.package_identification:_identify(lbr-stack/src/lbr_fri_ros2_stack/lbr_demos/lbr_demos_advanced_py) by extensions ['ignore', 'ignore_ament_install']
[0.099s] Level 1:colcon.colcon_core.package_identification:_identify(lbr-stack/src/lbr_fri_ros2_stack/lbr_demos/lbr_demos_advanced_py) by extension 'ignore'
[0.099s] Level 1:colcon.colcon_core.package_identification:_identify(lbr-stack/src/lbr_fri_ros2_stack/lbr_demos/lbr_demos_advanced_py) by extension 'ignore_ament_install'
[0.099s] Level 1:colcon.colcon_core.package_identification:_identify(lbr-stack/src/lbr_fri_ros2_stack/lbr_demos/lbr_demos_advanced_py) by extensions ['colcon_pkg']
[0.099s] Level 1:colcon.colcon_core.package_identification:_identify(lbr-stack/src/lbr_fri_ros2_stack/lbr_demos/lbr_demos_advanced_py) by extension 'colcon_pkg'
[0.099s] Level 1:colcon.colcon_core.package_identification:_identify(lbr-stack/src/lbr_fri_ros2_stack/lbr_demos/lbr_demos_advanced_py) by extensions ['colcon_meta']
[0.099s] Level 1:colcon.colcon_core.package_identification:_identify(lbr-stack/src/lbr_fri_ros2_stack/lbr_demos/lbr_demos_advanced_py) by extension 'colcon_meta'
[0.099s] Level 1:colcon.colcon_core.package_identification:_identify(lbr-stack/src/lbr_fri_ros2_stack/lbr_demos/lbr_demos_advanced_py) by extensions ['ros']
[0.099s] Level 1:colcon.colcon_core.package_identification:_identify(lbr-stack/src/lbr_fri_ros2_stack/lbr_demos/lbr_demos_advanced_py) by extension 'ros'
[0.099s] DEBUG:colcon.colcon_core.package_identification:Package 'lbr-stack/src/lbr_fri_ros2_stack/lbr_demos/lbr_demos_advanced_py' with type 'ros.ament_python' and name 'lbr_demos_advanced_py'
[0.099s] Level 1:colcon.colcon_core.package_identification:_identify(lbr-stack/src/lbr_fri_ros2_stack/lbr_demos/lbr_demos_cpp) by extensions ['ignore', 'ignore_ament_install']
[0.099s] Level 1:colcon.colcon_core.package_identification:_identify(lbr-stack/src/lbr_fri_ros2_stack/lbr_demos/lbr_demos_cpp) by extension 'ignore'
[0.099s] Level 1:colcon.colcon_core.package_identification:_identify(lbr-stack/src/lbr_fri_ros2_stack/lbr_demos/lbr_demos_cpp) by extension 'ignore_ament_install'
[0.099s] Level 1:colcon.colcon_core.package_identification:_identify(lbr-stack/src/lbr_fri_ros2_stack/lbr_demos/lbr_demos_cpp) by extensions ['colcon_pkg']
[0.099s] Level 1:colcon.colcon_core.package_identification:_identify(lbr-stack/src/lbr_fri_ros2_stack/lbr_demos/lbr_demos_cpp) by extension 'colcon_pkg'
[0.099s] Level 1:colcon.colcon_core.package_identification:_identify(lbr-stack/src/lbr_fri_ros2_stack/lbr_demos/lbr_demos_cpp) by extensions ['colcon_meta']
[0.099s] Level 1:colcon.colcon_core.package_identification:_identify(lbr-stack/src/lbr_fri_ros2_stack/lbr_demos/lbr_demos_cpp) by extension 'colcon_meta'
[0.100s] Level 1:colcon.colcon_core.package_identification:_identify(lbr-stack/src/lbr_fri_ros2_stack/lbr_demos/lbr_demos_cpp) by extensions ['ros']
[0.100s] Level 1:colcon.colcon_core.package_identification:_identify(lbr-stack/src/lbr_fri_ros2_stack/lbr_demos/lbr_demos_cpp) by extension 'ros'
[0.100s] DEBUG:colcon.colcon_core.package_identification:Package 'lbr-stack/src/lbr_fri_ros2_stack/lbr_demos/lbr_demos_cpp' with type 'ros.ament_cmake' and name 'lbr_demos_cpp'
[0.100s] Level 1:colcon.colcon_core.package_identification:_identify(lbr-stack/src/lbr_fri_ros2_stack/lbr_demos/lbr_demos_py) by extensions ['ignore', 'ignore_ament_install']
[0.100s] Level 1:colcon.colcon_core.package_identification:_identify(lbr-stack/src/lbr_fri_ros2_stack/lbr_demos/lbr_demos_py) by extension 'ignore'
[0.100s] Level 1:colcon.colcon_core.package_identification:_identify(lbr-stack/src/lbr_fri_ros2_stack/lbr_demos/lbr_demos_py) by extension 'ignore_ament_install'
[0.100s] Level 1:colcon.colcon_core.package_identification:_identify(lbr-stack/src/lbr_fri_ros2_stack/lbr_demos/lbr_demos_py) by extensions ['colcon_pkg']
[0.100s] Level 1:colcon.colcon_core.package_identification:_identify(lbr-stack/src/lbr_fri_ros2_stack/lbr_demos/lbr_demos_py) by extension 'colcon_pkg'
[0.100s] Level 1:colcon.colcon_core.package_identification:_identify(lbr-stack/src/lbr_fri_ros2_stack/lbr_demos/lbr_demos_py) by extensions ['colcon_meta']
[0.100s] Level 1:colcon.colcon_core.package_identification:_identify(lbr-stack/src/lbr_fri_ros2_stack/lbr_demos/lbr_demos_py) by extension 'colcon_meta'
[0.100s] Level 1:colcon.colcon_core.package_identification:_identify(lbr-stack/src/lbr_fri_ros2_stack/lbr_demos/lbr_demos_py) by extensions ['ros']
[0.100s] Level 1:colcon.colcon_core.package_identification:_identify(lbr-stack/src/lbr_fri_ros2_stack/lbr_demos/lbr_demos_py) by extension 'ros'
[0.100s] DEBUG:colcon.colcon_core.package_identification:Package 'lbr-stack/src/lbr_fri_ros2_stack/lbr_demos/lbr_demos_py' with type 'ros.ament_python' and name 'lbr_demos_py'
[0.100s] Level 1:colcon.colcon_core.package_identification:_identify(lbr-stack/src/lbr_fri_ros2_stack/lbr_demos/lbr_dual_arm) by extensions ['ignore', 'ignore_ament_install']
[0.100s] Level 1:colcon.colcon_core.package_identification:_identify(lbr-stack/src/lbr_fri_ros2_stack/lbr_demos/lbr_dual_arm) by extension 'ignore'
[0.100s] Level 1:colcon.colcon_core.package_identification:_identify(lbr-stack/src/lbr_fri_ros2_stack/lbr_demos/lbr_dual_arm) by extension 'ignore_ament_install'
[0.100s] Level 1:colcon.colcon_core.package_identification:_identify(lbr-stack/src/lbr_fri_ros2_stack/lbr_demos/lbr_dual_arm) by extensions ['colcon_pkg']
[0.100s] Level 1:colcon.colcon_core.package_identification:_identify(lbr-stack/src/lbr_fri_ros2_stack/lbr_demos/lbr_dual_arm) by extension 'colcon_pkg'
[0.100s] Level 1:colcon.colcon_core.package_identification:_identify(lbr-stack/src/lbr_fri_ros2_stack/lbr_demos/lbr_dual_arm) by extensions ['colcon_meta']
[0.100s] Level 1:colcon.colcon_core.package_identification:_identify(lbr-stack/src/lbr_fri_ros2_stack/lbr_demos/lbr_dual_arm) by extension 'colcon_meta'
[0.100s] Level 1:colcon.colcon_core.package_identification:_identify(lbr-stack/src/lbr_fri_ros2_stack/lbr_demos/lbr_dual_arm) by extensions ['ros']
[0.100s] Level 1:colcon.colcon_core.package_identification:_identify(lbr-stack/src/lbr_fri_ros2_stack/lbr_demos/lbr_dual_arm) by extension 'ros'
[0.100s] Level 1:colcon.colcon_core.package_identification:_identify(lbr-stack/src/lbr_fri_ros2_stack/lbr_demos/lbr_dual_arm) by extensions ['cmake', 'python']
[0.100s] Level 1:colcon.colcon_core.package_identification:_identify(lbr-stack/src/lbr_fri_ros2_stack/lbr_demos/lbr_dual_arm) by extension 'cmake'
[0.100s] Level 1:colcon.colcon_core.package_identification:_identify(lbr-stack/src/lbr_fri_ros2_stack/lbr_demos/lbr_dual_arm) by extension 'python'
[0.100s] Level 1:colcon.colcon_core.package_identification:_identify(lbr-stack/src/lbr_fri_ros2_stack/lbr_demos/lbr_dual_arm) by extensions ['python_setup_py']
[0.100s] Level 1:colcon.colcon_core.package_identification:_identify(lbr-stack/src/lbr_fri_ros2_stack/lbr_demos/lbr_dual_arm) by extension 'python_setup_py'
[0.100s] Level 1:colcon.colcon_core.package_identification:_identify(lbr-stack/src/lbr_fri_ros2_stack/lbr_demos/lbr_dual_arm/lbr_dual_arm) by extensions ['ignore', 'ignore_ament_install']
[0.100s] Level 1:colcon.colcon_core.package_identification:_identify(lbr-stack/src/lbr_fri_ros2_stack/lbr_demos/lbr_dual_arm/lbr_dual_arm) by extension 'ignore'
[0.100s] Level 1:colcon.colcon_core.package_identification:_identify(lbr-stack/src/lbr_fri_ros2_stack/lbr_demos/lbr_dual_arm/lbr_dual_arm) by extension 'ignore_ament_install'
[0.100s] Level 1:colcon.colcon_core.package_identification:_identify(lbr-stack/src/lbr_fri_ros2_stack/lbr_demos/lbr_dual_arm/lbr_dual_arm) by extensions ['colcon_pkg']
[0.100s] Level 1:colcon.colcon_core.package_identification:_identify(lbr-stack/src/lbr_fri_ros2_stack/lbr_demos/lbr_dual_arm/lbr_dual_arm) by extension 'colcon_pkg'
[0.100s] Level 1:colcon.colcon_core.package_identification:_identify(lbr-stack/src/lbr_fri_ros2_stack/lbr_demos/lbr_dual_arm/lbr_dual_arm) by extensions ['colcon_meta']
[0.100s] Level 1:colcon.colcon_core.package_identification:_identify(lbr-stack/src/lbr_fri_ros2_stack/lbr_demos/lbr_dual_arm/lbr_dual_arm) by extension 'colcon_meta'
[0.101s] Level 1:colcon.colcon_core.package_identification:_identify(lbr-stack/src/lbr_fri_ros2_stack/lbr_demos/lbr_dual_arm/lbr_dual_arm) by extensions ['ros']
[0.101s] Level 1:colcon.colcon_core.package_identification:_identify(lbr-stack/src/lbr_fri_ros2_stack/lbr_demos/lbr_dual_arm/lbr_dual_arm) by extension 'ros'
[0.101s] DEBUG:colcon.colcon_core.package_identification:Package 'lbr-stack/src/lbr_fri_ros2_stack/lbr_demos/lbr_dual_arm/lbr_dual_arm' with type 'ros.ament_cmake' and name 'lbr_dual_arm'
[0.101s] Level 1:colcon.colcon_core.package_identification:_identify(lbr-stack/src/lbr_fri_ros2_stack/lbr_demos/lbr_dual_arm/lbr_dual_arm_moveit_config) by extensions ['ignore', 'ignore_ament_install']
[0.101s] Level 1:colcon.colcon_core.package_identification:_identify(lbr-stack/src/lbr_fri_ros2_stack/lbr_demos/lbr_dual_arm/lbr_dual_arm_moveit_config) by extension 'ignore'
[0.101s] Level 1:colcon.colcon_core.package_identification:_identify(lbr-stack/src/lbr_fri_ros2_stack/lbr_demos/lbr_dual_arm/lbr_dual_arm_moveit_config) by extension 'ignore_ament_install'
[0.101s] Level 1:colcon.colcon_core.package_identification:_identify(lbr-stack/src/lbr_fri_ros2_stack/lbr_demos/lbr_dual_arm/lbr_dual_arm_moveit_config) by extensions ['colcon_pkg']
[0.101s] Level 1:colcon.colcon_core.package_identification:_identify(lbr-stack/src/lbr_fri_ros2_stack/lbr_demos/lbr_dual_arm/lbr_dual_arm_moveit_config) by extension 'colcon_pkg'
[0.101s] Level 1:colcon.colcon_core.package_identification:_identify(lbr-stack/src/lbr_fri_ros2_stack/lbr_demos/lbr_dual_arm/lbr_dual_arm_moveit_config) by extensions ['colcon_meta']
[0.101s] Level 1:colcon.colcon_core.package_identification:_identify(lbr-stack/src/lbr_fri_ros2_stack/lbr_demos/lbr_dual_arm/lbr_dual_arm_moveit_config) by extension 'colcon_meta'
[0.101s] Level 1:colcon.colcon_core.package_identification:_identify(lbr-stack/src/lbr_fri_ros2_stack/lbr_demos/lbr_dual_arm/lbr_dual_arm_moveit_config) by extensions ['ros']
[0.101s] Level 1:colcon.colcon_core.package_identification:_identify(lbr-stack/src/lbr_fri_ros2_stack/lbr_demos/lbr_dual_arm/lbr_dual_arm_moveit_config) by extension 'ros'
[0.101s] DEBUG:colcon.colcon_core.package_identification:Package 'lbr-stack/src/lbr_fri_ros2_stack/lbr_demos/lbr_dual_arm/lbr_dual_arm_moveit_config' with type 'ros.ament_cmake' and name 'lbr_dual_arm_moveit_config'
[0.101s] Level 1:colcon.colcon_core.package_identification:_identify(lbr-stack/src/lbr_fri_ros2_stack/lbr_demos/lbr_moveit) by extensions ['ignore', 'ignore_ament_install']
[0.101s] Level 1:colcon.colcon_core.package_identification:_identify(lbr-stack/src/lbr_fri_ros2_stack/lbr_demos/lbr_moveit) by extension 'ignore'
[0.101s] Level 1:colcon.colcon_core.package_identification:_identify(lbr-stack/src/lbr_fri_ros2_stack/lbr_demos/lbr_moveit) by extension 'ignore_ament_install'
[0.101s] Level 1:colcon.colcon_core.package_identification:_identify(lbr-stack/src/lbr_fri_ros2_stack/lbr_demos/lbr_moveit) by extensions ['colcon_pkg']
[0.101s] Level 1:colcon.colcon_core.package_identification:_identify(lbr-stack/src/lbr_fri_ros2_stack/lbr_demos/lbr_moveit) by extension 'colcon_pkg'
[0.101s] Level 1:colcon.colcon_core.package_identification:_identify(lbr-stack/src/lbr_fri_ros2_stack/lbr_demos/lbr_moveit) by extensions ['colcon_meta']
[0.101s] Level 1:colcon.colcon_core.package_identification:_identify(lbr-stack/src/lbr_fri_ros2_stack/lbr_demos/lbr_moveit) by extension 'colcon_meta'
[0.101s] Level 1:colcon.colcon_core.package_identification:_identify(lbr-stack/src/lbr_fri_ros2_stack/lbr_demos/lbr_moveit) by extensions ['ros']
[0.101s] Level 1:colcon.colcon_core.package_identification:_identify(lbr-stack/src/lbr_fri_ros2_stack/lbr_demos/lbr_moveit) by extension 'ros'
[0.102s] DEBUG:colcon.colcon_core.package_identification:Package 'lbr-stack/src/lbr_fri_ros2_stack/lbr_demos/lbr_moveit' with type 'ros.ament_python' and name 'lbr_moveit'
[0.102s] Level 1:colcon.colcon_core.package_identification:_identify(lbr-stack/src/lbr_fri_ros2_stack/lbr_demos/lbr_moveit_cpp) by extensions ['ignore', 'ignore_ament_install']
[0.102s] Level 1:colcon.colcon_core.package_identification:_identify(lbr-stack/src/lbr_fri_ros2_stack/lbr_demos/lbr_moveit_cpp) by extension 'ignore'
[0.102s] Level 1:colcon.colcon_core.package_identification:_identify(lbr-stack/src/lbr_fri_ros2_stack/lbr_demos/lbr_moveit_cpp) by extension 'ignore_ament_install'
[0.102s] Level 1:colcon.colcon_core.package_identification:_identify(lbr-stack/src/lbr_fri_ros2_stack/lbr_demos/lbr_moveit_cpp) by extensions ['colcon_pkg']
[0.102s] Level 1:colcon.colcon_core.package_identification:_identify(lbr-stack/src/lbr_fri_ros2_stack/lbr_demos/lbr_moveit_cpp) by extension 'colcon_pkg'
[0.102s] Level 1:colcon.colcon_core.package_identification:_identify(lbr-stack/src/lbr_fri_ros2_stack/lbr_demos/lbr_moveit_cpp) by extensions ['colcon_meta']
[0.102s] Level 1:colcon.colcon_core.package_identification:_identify(lbr-stack/src/lbr_fri_ros2_stack/lbr_demos/lbr_moveit_cpp) by extension 'colcon_meta'
[0.102s] Level 1:colcon.colcon_core.package_identification:_identify(lbr-stack/src/lbr_fri_ros2_stack/lbr_demos/lbr_moveit_cpp) by extensions ['ros']
[0.102s] Level 1:colcon.colcon_core.package_identification:_identify(lbr-stack/src/lbr_fri_ros2_stack/lbr_demos/lbr_moveit_cpp) by extension 'ros'
[0.102s] DEBUG:colcon.colcon_core.package_identification:Package 'lbr-stack/src/lbr_fri_ros2_stack/lbr_demos/lbr_moveit_cpp' with type 'ros.ament_cmake' and name 'lbr_moveit_cpp'
[0.102s] Level 1:colcon.colcon_core.package_identification:_identify(lbr-stack/src/lbr_fri_ros2_stack/lbr_fri_ros2) by extensions ['ignore', 'ignore_ament_install']
[0.102s] Level 1:colcon.colcon_core.package_identification:_identify(lbr-stack/src/lbr_fri_ros2_stack/lbr_fri_ros2) by extension 'ignore'
[0.102s] Level 1:colcon.colcon_core.package_identification:_identify(lbr-stack/src/lbr_fri_ros2_stack/lbr_fri_ros2) by extension 'ignore_ament_install'
[0.103s] Level 1:colcon.colcon_core.package_identification:_identify(lbr-stack/src/lbr_fri_ros2_stack/lbr_fri_ros2) by extensions ['colcon_pkg']
[0.103s] Level 1:colcon.colcon_core.package_identification:_identify(lbr-stack/src/lbr_fri_ros2_stack/lbr_fri_ros2) by extension 'colcon_pkg'
[0.103s] Level 1:colcon.colcon_core.package_identification:_identify(lbr-stack/src/lbr_fri_ros2_stack/lbr_fri_ros2) by extensions ['colcon_meta']
[0.103s] Level 1:colcon.colcon_core.package_identification:_identify(lbr-stack/src/lbr_fri_ros2_stack/lbr_fri_ros2) by extension 'colcon_meta'
[0.103s] Level 1:colcon.colcon_core.package_identification:_identify(lbr-stack/src/lbr_fri_ros2_stack/lbr_fri_ros2) by extensions ['ros']
[0.103s] Level 1:colcon.colcon_core.package_identification:_identify(lbr-stack/src/lbr_fri_ros2_stack/lbr_fri_ros2) by extension 'ros'
[0.103s] DEBUG:colcon.colcon_core.package_identification:Package 'lbr-stack/src/lbr_fri_ros2_stack/lbr_fri_ros2' with type 'ros.ament_cmake' and name 'lbr_fri_ros2'
[0.103s] Level 1:colcon.colcon_core.package_identification:_identify(lbr-stack/src/lbr_fri_ros2_stack/lbr_fri_ros2_stack) by extensions ['ignore', 'ignore_ament_install']
[0.103s] Level 1:colcon.colcon_core.package_identification:_identify(lbr-stack/src/lbr_fri_ros2_stack/lbr_fri_ros2_stack) by extension 'ignore'
[0.103s] Level 1:colcon.colcon_core.package_identification:_identify(lbr-stack/src/lbr_fri_ros2_stack/lbr_fri_ros2_stack) by extension 'ignore_ament_install'
[0.103s] Level 1:colcon.colcon_core.package_identification:_identify(lbr-stack/src/lbr_fri_ros2_stack/lbr_fri_ros2_stack) by extensions ['colcon_pkg']
[0.103s] Level 1:colcon.colcon_core.package_identification:_identify(lbr-stack/src/lbr_fri_ros2_stack/lbr_fri_ros2_stack) by extension 'colcon_pkg'
[0.103s] Level 1:colcon.colcon_core.package_identification:_identify(lbr-stack/src/lbr_fri_ros2_stack/lbr_fri_ros2_stack) by extensions ['colcon_meta']
[0.103s] Level 1:colcon.colcon_core.package_identification:_identify(lbr-stack/src/lbr_fri_ros2_stack/lbr_fri_ros2_stack) by extension 'colcon_meta'
[0.103s] Level 1:colcon.colcon_core.package_identification:_identify(lbr-stack/src/lbr_fri_ros2_stack/lbr_fri_ros2_stack) by extensions ['ros']
[0.103s] Level 1:colcon.colcon_core.package_identification:_identify(lbr-stack/src/lbr_fri_ros2_stack/lbr_fri_ros2_stack) by extension 'ros'
[0.104s] DEBUG:colcon.colcon_core.package_identification:Package 'lbr-stack/src/lbr_fri_ros2_stack/lbr_fri_ros2_stack' with type 'ros.ament_cmake' and name 'lbr_fri_ros2_stack'
[0.104s] Level 1:colcon.colcon_core.package_identification:_identify(lbr-stack/src/lbr_fri_ros2_stack/lbr_moveit_config) by extensions ['ignore', 'ignore_ament_install']
[0.104s] Level 1:colcon.colcon_core.package_identification:_identify(lbr-stack/src/lbr_fri_ros2_stack/lbr_moveit_config) by extension 'ignore'
[0.104s] Level 1:colcon.colcon_core.package_identification:_identify(lbr-stack/src/lbr_fri_ros2_stack/lbr_moveit_config) by extension 'ignore_ament_install'
[0.104s] Level 1:colcon.colcon_core.package_identification:_identify(lbr-stack/src/lbr_fri_ros2_stack/lbr_moveit_config) by extensions ['colcon_pkg']
[0.104s] Level 1:colcon.colcon_core.package_identification:_identify(lbr-stack/src/lbr_fri_ros2_stack/lbr_moveit_config) by extension 'colcon_pkg'
[0.104s] Level 1:colcon.colcon_core.package_identification:_identify(lbr-stack/src/lbr_fri_ros2_stack/lbr_moveit_config) by extensions ['colcon_meta']
[0.104s] Level 1:colcon.colcon_core.package_identification:_identify(lbr-stack/src/lbr_fri_ros2_stack/lbr_moveit_config) by extension 'colcon_meta'
[0.104s] Level 1:colcon.colcon_core.package_identification:_identify(lbr-stack/src/lbr_fri_ros2_stack/lbr_moveit_config) by extensions ['ros']
[0.104s] Level 1:colcon.colcon_core.package_identification:_identify(lbr-stack/src/lbr_fri_ros2_stack/lbr_moveit_config) by extension 'ros'
[0.104s] Level 1:colcon.colcon_core.package_identification:_identify(lbr-stack/src/lbr_fri_ros2_stack/lbr_moveit_config) by extensions ['cmake', 'python']
[0.104s] Level 1:colcon.colcon_core.package_identification:_identify(lbr-stack/src/lbr_fri_ros2_stack/lbr_moveit_config) by extension 'cmake'
[0.104s] Level 1:colcon.colcon_core.package_identification:_identify(lbr-stack/src/lbr_fri_ros2_stack/lbr_moveit_config) by extension 'python'
[0.104s] Level 1:colcon.colcon_core.package_identification:_identify(lbr-stack/src/lbr_fri_ros2_stack/lbr_moveit_config) by extensions ['python_setup_py']
[0.104s] Level 1:colcon.colcon_core.package_identification:_identify(lbr-stack/src/lbr_fri_ros2_stack/lbr_moveit_config) by extension 'python_setup_py'
[0.104s] Level 1:colcon.colcon_core.package_identification:_identify(lbr-stack/src/lbr_fri_ros2_stack/lbr_moveit_config/doc) by extensions ['ignore', 'ignore_ament_install']
[0.104s] Level 1:colcon.colcon_core.package_identification:_identify(lbr-stack/src/lbr_fri_ros2_stack/lbr_moveit_config/doc) by extension 'ignore'
[0.104s] Level 1:colcon.colcon_core.package_identification:_identify(lbr-stack/src/lbr_fri_ros2_stack/lbr_moveit_config/doc) by extension 'ignore_ament_install'
[0.104s] Level 1:colcon.colcon_core.package_identification:_identify(lbr-stack/src/lbr_fri_ros2_stack/lbr_moveit_config/doc) by extensions ['colcon_pkg']
[0.104s] Level 1:colcon.colcon_core.package_identification:_identify(lbr-stack/src/lbr_fri_ros2_stack/lbr_moveit_config/doc) by extension 'colcon_pkg'
[0.104s] Level 1:colcon.colcon_core.package_identification:_identify(lbr-stack/src/lbr_fri_ros2_stack/lbr_moveit_config/doc) by extensions ['colcon_meta']
[0.104s] Level 1:colcon.colcon_core.package_identification:_identify(lbr-stack/src/lbr_fri_ros2_stack/lbr_moveit_config/doc) by extension 'colcon_meta'
[0.104s] Level 1:colcon.colcon_core.package_identification:_identify(lbr-stack/src/lbr_fri_ros2_stack/lbr_moveit_config/doc) by extensions ['ros']
[0.104s] Level 1:colcon.colcon_core.package_identification:_identify(lbr-stack/src/lbr_fri_ros2_stack/lbr_moveit_config/doc) by extension 'ros'
[0.104s] Level 1:colcon.colcon_core.package_identification:_identify(lbr-stack/src/lbr_fri_ros2_stack/lbr_moveit_config/doc) by extensions ['cmake', 'python']
[0.104s] Level 1:colcon.colcon_core.package_identification:_identify(lbr-stack/src/lbr_fri_ros2_stack/lbr_moveit_config/doc) by extension 'cmake'
[0.104s] Level 1:colcon.colcon_core.package_identification:_identify(lbr-stack/src/lbr_fri_ros2_stack/lbr_moveit_config/doc) by extension 'python'
[0.104s] Level 1:colcon.colcon_core.package_identification:_identify(lbr-stack/src/lbr_fri_ros2_stack/lbr_moveit_config/doc) by extensions ['python_setup_py']
[0.104s] Level 1:colcon.colcon_core.package_identification:_identify(lbr-stack/src/lbr_fri_ros2_stack/lbr_moveit_config/doc) by extension 'python_setup_py'
[0.104s] Level 1:colcon.colcon_core.package_identification:_identify(lbr-stack/src/lbr_fri_ros2_stack/lbr_moveit_config/doc/img) by extensions ['ignore', 'ignore_ament_install']
[0.104s] Level 1:colcon.colcon_core.package_identification:_identify(lbr-stack/src/lbr_fri_ros2_stack/lbr_moveit_config/doc/img) by extension 'ignore'
[0.104s] Level 1:colcon.colcon_core.package_identification:_identify(lbr-stack/src/lbr_fri_ros2_stack/lbr_moveit_config/doc/img) by extension 'ignore_ament_install'
[0.104s] Level 1:colcon.colcon_core.package_identification:_identify(lbr-stack/src/lbr_fri_ros2_stack/lbr_moveit_config/doc/img) by extensions ['colcon_pkg']
[0.104s] Level 1:colcon.colcon_core.package_identification:_identify(lbr-stack/src/lbr_fri_ros2_stack/lbr_moveit_config/doc/img) by extension 'colcon_pkg'
[0.104s] Level 1:colcon.colcon_core.package_identification:_identify(lbr-stack/src/lbr_fri_ros2_stack/lbr_moveit_config/doc/img) by extensions ['colcon_meta']
[0.104s] Level 1:colcon.colcon_core.package_identification:_identify(lbr-stack/src/lbr_fri_ros2_stack/lbr_moveit_config/doc/img) by extension 'colcon_meta'
[0.104s] Level 1:colcon.colcon_core.package_identification:_identify(lbr-stack/src/lbr_fri_ros2_stack/lbr_moveit_config/doc/img) by extensions ['ros']
[0.104s] Level 1:colcon.colcon_core.package_identification:_identify(lbr-stack/src/lbr_fri_ros2_stack/lbr_moveit_config/doc/img) by extension 'ros'
[0.104s] Level 1:colcon.colcon_core.package_identification:_identify(lbr-stack/src/lbr_fri_ros2_stack/lbr_moveit_config/doc/img) by extensions ['cmake', 'python']
[0.104s] Level 1:colcon.colcon_core.package_identification:_identify(lbr-stack/src/lbr_fri_ros2_stack/lbr_moveit_config/doc/img) by extension 'cmake'
[0.104s] Level 1:colcon.colcon_core.package_identification:_identify(lbr-stack/src/lbr_fri_ros2_stack/lbr_moveit_config/doc/img) by extension 'python'
[0.104s] Level 1:colcon.colcon_core.package_identification:_identify(lbr-stack/src/lbr_fri_ros2_stack/lbr_moveit_config/doc/img) by extensions ['python_setup_py']
[0.104s] Level 1:colcon.colcon_core.package_identification:_identify(lbr-stack/src/lbr_fri_ros2_stack/lbr_moveit_config/doc/img) by extension 'python_setup_py'
[0.104s] Level 1:colcon.colcon_core.package_identification:_identify(lbr-stack/src/lbr_fri_ros2_stack/lbr_moveit_config/iiwa14_moveit_config) by extensions ['ignore', 'ignore_ament_install']
[0.104s] Level 1:colcon.colcon_core.package_identification:_identify(lbr-stack/src/lbr_fri_ros2_stack/lbr_moveit_config/iiwa14_moveit_config) by extension 'ignore'
[0.104s] Level 1:colcon.colcon_core.package_identification:_identify(lbr-stack/src/lbr_fri_ros2_stack/lbr_moveit_config/iiwa14_moveit_config) by extension 'ignore_ament_install'
[0.105s] Level 1:colcon.colcon_core.package_identification:_identify(lbr-stack/src/lbr_fri_ros2_stack/lbr_moveit_config/iiwa14_moveit_config) by extensions ['colcon_pkg']
[0.105s] Level 1:colcon.colcon_core.package_identification:_identify(lbr-stack/src/lbr_fri_ros2_stack/lbr_moveit_config/iiwa14_moveit_config) by extension 'colcon_pkg'
[0.105s] Level 1:colcon.colcon_core.package_identification:_identify(lbr-stack/src/lbr_fri_ros2_stack/lbr_moveit_config/iiwa14_moveit_config) by extensions ['colcon_meta']
[0.105s] Level 1:colcon.colcon_core.package_identification:_identify(lbr-stack/src/lbr_fri_ros2_stack/lbr_moveit_config/iiwa14_moveit_config) by extension 'colcon_meta'
[0.105s] Level 1:colcon.colcon_core.package_identification:_identify(lbr-stack/src/lbr_fri_ros2_stack/lbr_moveit_config/iiwa14_moveit_config) by extensions ['ros']
[0.105s] Level 1:colcon.colcon_core.package_identification:_identify(lbr-stack/src/lbr_fri_ros2_stack/lbr_moveit_config/iiwa14_moveit_config) by extension 'ros'
[0.105s] DEBUG:colcon.colcon_core.package_identification:Package 'lbr-stack/src/lbr_fri_ros2_stack/lbr_moveit_config/iiwa14_moveit_config' with type 'ros.ament_cmake' and name 'iiwa14_moveit_config'
[0.105s] Level 1:colcon.colcon_core.package_identification:_identify(lbr-stack/src/lbr_fri_ros2_stack/lbr_moveit_config/iiwa7_moveit_config) by extensions ['ignore', 'ignore_ament_install']
[0.105s] Level 1:colcon.colcon_core.package_identification:_identify(lbr-stack/src/lbr_fri_ros2_stack/lbr_moveit_config/iiwa7_moveit_config) by extension 'ignore'
[0.105s] Level 1:colcon.colcon_core.package_identification:_identify(lbr-stack/src/lbr_fri_ros2_stack/lbr_moveit_config/iiwa7_moveit_config) by extension 'ignore_ament_install'
[0.105s] Level 1:colcon.colcon_core.package_identification:_identify(lbr-stack/src/lbr_fri_ros2_stack/lbr_moveit_config/iiwa7_moveit_config) by extensions ['colcon_pkg']
[0.105s] Level 1:colcon.colcon_core.package_identification:_identify(lbr-stack/src/lbr_fri_ros2_stack/lbr_moveit_config/iiwa7_moveit_config) by extension 'colcon_pkg'
[0.105s] Level 1:colcon.colcon_core.package_identification:_identify(lbr-stack/src/lbr_fri_ros2_stack/lbr_moveit_config/iiwa7_moveit_config) by extensions ['colcon_meta']
[0.105s] Level 1:colcon.colcon_core.package_identification:_identify(lbr-stack/src/lbr_fri_ros2_stack/lbr_moveit_config/iiwa7_moveit_config) by extension 'colcon_meta'
[0.105s] Level 1:colcon.colcon_core.package_identification:_identify(lbr-stack/src/lbr_fri_ros2_stack/lbr_moveit_config/iiwa7_moveit_config) by extensions ['ros']
[0.105s] Level 1:colcon.colcon_core.package_identification:_identify(lbr-stack/src/lbr_fri_ros2_stack/lbr_moveit_config/iiwa7_moveit_config) by extension 'ros'
[0.105s] DEBUG:colcon.colcon_core.package_identification:Package 'lbr-stack/src/lbr_fri_ros2_stack/lbr_moveit_config/iiwa7_moveit_config' with type 'ros.ament_cmake' and name 'iiwa7_moveit_config'
[0.105s] Level 1:colcon.colcon_core.package_identification:_identify(lbr-stack/src/lbr_fri_ros2_stack/lbr_moveit_config/med14_moveit_config) by extensions ['ignore', 'ignore_ament_install']
[0.105s] Level 1:colcon.colcon_core.package_identification:_identify(lbr-stack/src/lbr_fri_ros2_stack/lbr_moveit_config/med14_moveit_config) by extension 'ignore'
[0.105s] Level 1:colcon.colcon_core.package_identification:_identify(lbr-stack/src/lbr_fri_ros2_stack/lbr_moveit_config/med14_moveit_config) by extension 'ignore_ament_install'
[0.105s] Level 1:colcon.colcon_core.package_identification:_identify(lbr-stack/src/lbr_fri_ros2_stack/lbr_moveit_config/med14_moveit_config) by extensions ['colcon_pkg']
[0.105s] Level 1:colcon.colcon_core.package_identification:_identify(lbr-stack/src/lbr_fri_ros2_stack/lbr_moveit_config/med14_moveit_config) by extension 'colcon_pkg'
[0.105s] Level 1:colcon.colcon_core.package_identification:_identify(lbr-stack/src/lbr_fri_ros2_stack/lbr_moveit_config/med14_moveit_config) by extensions ['colcon_meta']
[0.105s] Level 1:colcon.colcon_core.package_identification:_identify(lbr-stack/src/lbr_fri_ros2_stack/lbr_moveit_config/med14_moveit_config) by extension 'colcon_meta'
[0.105s] Level 1:colcon.colcon_core.package_identification:_identify(lbr-stack/src/lbr_fri_ros2_stack/lbr_moveit_config/med14_moveit_config) by extensions ['ros']
[0.105s] Level 1:colcon.colcon_core.package_identification:_identify(lbr-stack/src/lbr_fri_ros2_stack/lbr_moveit_config/med14_moveit_config) by extension 'ros'
[0.106s] DEBUG:colcon.colcon_core.package_identification:Package 'lbr-stack/src/lbr_fri_ros2_stack/lbr_moveit_config/med14_moveit_config' with type 'ros.ament_cmake' and name 'med14_moveit_config'
[0.106s] Level 1:colcon.colcon_core.package_identification:_identify(lbr-stack/src/lbr_fri_ros2_stack/lbr_moveit_config/med7_moveit_config) by extensions ['ignore', 'ignore_ament_install']
[0.106s] Level 1:colcon.colcon_core.package_identification:_identify(lbr-stack/src/lbr_fri_ros2_stack/lbr_moveit_config/med7_moveit_config) by extension 'ignore'
[0.106s] Level 1:colcon.colcon_core.package_identification:_identify(lbr-stack/src/lbr_fri_ros2_stack/lbr_moveit_config/med7_moveit_config) by extension 'ignore_ament_install'
[0.106s] Level 1:colcon.colcon_core.package_identification:_identify(lbr-stack/src/lbr_fri_ros2_stack/lbr_moveit_config/med7_moveit_config) by extensions ['colcon_pkg']
[0.106s] Level 1:colcon.colcon_core.package_identification:_identify(lbr-stack/src/lbr_fri_ros2_stack/lbr_moveit_config/med7_moveit_config) by extension 'colcon_pkg'
[0.106s] Level 1:colcon.colcon_core.package_identification:_identify(lbr-stack/src/lbr_fri_ros2_stack/lbr_moveit_config/med7_moveit_config) by extensions ['colcon_meta']
[0.106s] Level 1:colcon.colcon_core.package_identification:_identify(lbr-stack/src/lbr_fri_ros2_stack/lbr_moveit_config/med7_moveit_config) by extension 'colcon_meta'
[0.106s] Level 1:colcon.colcon_core.package_identification:_identify(lbr-stack/src/lbr_fri_ros2_stack/lbr_moveit_config/med7_moveit_config) by extensions ['ros']
[0.106s] Level 1:colcon.colcon_core.package_identification:_identify(lbr-stack/src/lbr_fri_ros2_stack/lbr_moveit_config/med7_moveit_config) by extension 'ros'
[0.106s] DEBUG:colcon.colcon_core.package_identification:Package 'lbr-stack/src/lbr_fri_ros2_stack/lbr_moveit_config/med7_moveit_config' with type 'ros.ament_cmake' and name 'med7_moveit_config'
[0.106s] Level 1:colcon.colcon_core.package_identification:_identify(lbr-stack/src/lbr_fri_ros2_stack/lbr_ros2_control) by extensions ['ignore', 'ignore_ament_install']
[0.106s] Level 1:colcon.colcon_core.package_identification:_identify(lbr-stack/src/lbr_fri_ros2_stack/lbr_ros2_control) by extension 'ignore'
[0.106s] Level 1:colcon.colcon_core.package_identification:_identify(lbr-stack/src/lbr_fri_ros2_stack/lbr_ros2_control) by extension 'ignore_ament_install'
[0.106s] Level 1:colcon.colcon_core.package_identification:_identify(lbr-stack/src/lbr_fri_ros2_stack/lbr_ros2_control) by extensions ['colcon_pkg']
[0.106s] Level 1:colcon.colcon_core.package_identification:_identify(lbr-stack/src/lbr_fri_ros2_stack/lbr_ros2_control) by extension 'colcon_pkg'
[0.106s] Level 1:colcon.colcon_core.package_identification:_identify(lbr-stack/src/lbr_fri_ros2_stack/lbr_ros2_control) by extensions ['colcon_meta']
[0.106s] Level 1:colcon.colcon_core.package_identification:_identify(lbr-stack/src/lbr_fri_ros2_stack/lbr_ros2_control) by extension 'colcon_meta'
[0.106s] Level 1:colcon.colcon_core.package_identification:_identify(lbr-stack/src/lbr_fri_ros2_stack/lbr_ros2_control) by extensions ['ros']
[0.106s] Level 1:colcon.colcon_core.package_identification:_identify(lbr-stack/src/lbr_fri_ros2_stack/lbr_ros2_control) by extension 'ros'
[0.109s] DEBUG:colcon.colcon_core.package_identification:Package 'lbr-stack/src/lbr_fri_ros2_stack/lbr_ros2_control' with type 'ros.ament_cmake' and name 'lbr_ros2_control'
[0.109s] Level 1:colcon.colcon_core.package_identification:_identify(lbr-stack/src/lbr_iiwa14_r820_description) by extensions ['ignore', 'ignore_ament_install']
[0.109s] Level 1:colcon.colcon_core.package_identification:_identify(lbr-stack/src/lbr_iiwa14_r820_description) by extension 'ignore'
[0.109s] Level 1:colcon.colcon_core.package_identification:_identify(lbr-stack/src/lbr_iiwa14_r820_description) by extension 'ignore_ament_install'
[0.109s] Level 1:colcon.colcon_core.package_identification:_identify(lbr-stack/src/lbr_iiwa14_r820_description) by extensions ['colcon_pkg']
[0.109s] Level 1:colcon.colcon_core.package_identification:_identify(lbr-stack/src/lbr_iiwa14_r820_description) by extension 'colcon_pkg'
[0.109s] Level 1:colcon.colcon_core.package_identification:_identify(lbr-stack/src/lbr_iiwa14_r820_description) by extensions ['colcon_meta']
[0.109s] Level 1:colcon.colcon_core.package_identification:_identify(lbr-stack/src/lbr_iiwa14_r820_description) by extension 'colcon_meta'
[0.109s] Level 1:colcon.colcon_core.package_identification:_identify(lbr-stack/src/lbr_iiwa14_r820_description) by extensions ['ros']
[0.109s] Level 1:colcon.colcon_core.package_identification:_identify(lbr-stack/src/lbr_iiwa14_r820_description) by extension 'ros'
[0.110s] DEBUG:colcon.colcon_core.package_identification:Package 'lbr-stack/src/lbr_iiwa14_r820_description' with type 'ros.ament_cmake' and name 'lbr_iiwa14_r820_description'
[0.110s] Level 1:colcon.colcon_core.package_identification:_identify(lbr-stack/src/lbr_iiwa7_r800_description) by extensions ['ignore', 'ignore_ament_install']
[0.110s] Level 1:colcon.colcon_core.package_identification:_identify(lbr-stack/src/lbr_iiwa7_r800_description) by extension 'ignore'
[0.110s] Level 1:colcon.colcon_core.package_identification:_identify(lbr-stack/src/lbr_iiwa7_r800_description) by extension 'ignore_ament_install'
[0.110s] Level 1:colcon.colcon_core.package_identification:_identify(lbr-stack/src/lbr_iiwa7_r800_description) by extensions ['colcon_pkg']
[0.110s] Level 1:colcon.colcon_core.package_identification:_identify(lbr-stack/src/lbr_iiwa7_r800_description) by extension 'colcon_pkg'
[0.110s] Level 1:colcon.colcon_core.package_identification:_identify(lbr-stack/src/lbr_iiwa7_r800_description) by extensions ['colcon_meta']
[0.110s] Level 1:colcon.colcon_core.package_identification:_identify(lbr-stack/src/lbr_iiwa7_r800_description) by extension 'colcon_meta'
[0.110s] Level 1:colcon.colcon_core.package_identification:_identify(lbr-stack/src/lbr_iiwa7_r800_description) by extensions ['ros']
[0.110s] Level 1:colcon.colcon_core.package_identification:_identify(lbr-stack/src/lbr_iiwa7_r800_description) by extension 'ros'
[0.110s] DEBUG:colcon.colcon_core.package_identification:Package 'lbr-stack/src/lbr_iiwa7_r800_description' with type 'ros.ament_cmake' and name 'lbr_iiwa7_r800_description'
[0.110s] Level 1:colcon.colcon_core.package_identification:_identify(lbr-stack/src/lbr_med14_r820_description) by extensions ['ignore', 'ignore_ament_install']
[0.110s] Level 1:colcon.colcon_core.package_identification:_identify(lbr-stack/src/lbr_med14_r820_description) by extension 'ignore'
[0.110s] Level 1:colcon.colcon_core.package_identification:_identify(lbr-stack/src/lbr_med14_r820_description) by extension 'ignore_ament_install'
[0.110s] Level 1:colcon.colcon_core.package_identification:_identify(lbr-stack/src/lbr_med14_r820_description) by extensions ['colcon_pkg']
[0.110s] Level 1:colcon.colcon_core.package_identification:_identify(lbr-stack/src/lbr_med14_r820_description) by extension 'colcon_pkg'
[0.110s] Level 1:colcon.colcon_core.package_identification:_identify(lbr-stack/src/lbr_med14_r820_description) by extensions ['colcon_meta']
[0.111s] Level 1:colcon.colcon_core.package_identification:_identify(lbr-stack/src/lbr_med14_r820_description) by extension 'colcon_meta'
[0.111s] Level 1:colcon.colcon_core.package_identification:_identify(lbr-stack/src/lbr_med14_r820_description) by extensions ['ros']
[0.111s] Level 1:colcon.colcon_core.package_identification:_identify(lbr-stack/src/lbr_med14_r820_description) by extension 'ros'
[0.111s] DEBUG:colcon.colcon_core.package_identification:Package 'lbr-stack/src/lbr_med14_r820_description' with type 'ros.ament_cmake' and name 'lbr_med14_r820_description'
[0.111s] Level 1:colcon.colcon_core.package_identification:_identify(lbr-stack/src/lbr_med7_r800_description) by extensions ['ignore', 'ignore_ament_install']
[0.111s] Level 1:colcon.colcon_core.package_identification:_identify(lbr-stack/src/lbr_med7_r800_description) by extension 'ignore'
[0.111s] Level 1:colcon.colcon_core.package_identification:_identify(lbr-stack/src/lbr_med7_r800_description) by extension 'ignore_ament_install'
[0.111s] Level 1:colcon.colcon_core.package_identification:_identify(lbr-stack/src/lbr_med7_r800_description) by extensions ['colcon_pkg']
[0.111s] Level 1:colcon.colcon_core.package_identification:_identify(lbr-stack/src/lbr_med7_r800_description) by extension 'colcon_pkg'
[0.111s] Level 1:colcon.colcon_core.package_identification:_identify(lbr-stack/src/lbr_med7_r800_description) by extensions ['colcon_meta']
[0.111s] Level 1:colcon.colcon_core.package_identification:_identify(lbr-stack/src/lbr_med7_r800_description) by extension 'colcon_meta'
[0.111s] Level 1:colcon.colcon_core.package_identification:_identify(lbr-stack/src/lbr_med7_r800_description) by extensions ['ros']
[0.111s] Level 1:colcon.colcon_core.package_identification:_identify(lbr-stack/src/lbr_med7_r800_description) by extension 'ros'
[0.112s] DEBUG:colcon.colcon_core.package_identification:Package 'lbr-stack/src/lbr_med7_r800_description' with type 'ros.ament_cmake' and name 'lbr_med7_r800_description'
[0.112s] Level 1:colcon.colcon_core.package_identification:_identify(log) by extensions ['ignore', 'ignore_ament_install']
[0.112s] Level 1:colcon.colcon_core.package_identification:_identify(log) by extension 'ignore'
[0.112s] Level 1:colcon.colcon_core.package_identification:_identify(log) ignored
[0.112s] Level 1:colcon.colcon_core.package_identification:_identify(my_package) by extensions ['ignore', 'ignore_ament_install']
[0.112s] Level 1:colcon.colcon_core.package_identification:_identify(my_package) by extension 'ignore'
[0.113s] Level 1:colcon.colcon_core.package_identification:_identify(my_package) by extension 'ignore_ament_install'
[0.113s] Level 1:colcon.colcon_core.package_identification:_identify(my_package) by extensions ['colcon_pkg']
[0.113s] Level 1:colcon.colcon_core.package_identification:_identify(my_package) by extension 'colcon_pkg'
[0.113s] Level 1:colcon.colcon_core.package_identification:_identify(my_package) by extensions ['colcon_meta']
[0.113s] Level 1:colcon.colcon_core.package_identification:_identify(my_package) by extension 'colcon_meta'
[0.113s] Level 1:colcon.colcon_core.package_identification:_identify(my_package) by extensions ['ros']
[0.113s] Level 1:colcon.colcon_core.package_identification:_identify(my_package) by extension 'ros'
[0.114s] DEBUG:colcon.colcon_core.package_identification:Package 'my_package' with type 'ros.ament_python' and name 'my_package'
[0.114s] Level 1:colcon.colcon_core.package_discovery:discover_packages(recursive) using defaults
[0.114s] Level 1:colcon.colcon_core.package_discovery:discover_packages(ignore) discover
[0.114s] Level 1:colcon.colcon_core.package_discovery:discover_packages(ignore) using defaults
[0.114s] Level 1:colcon.colcon_core.package_discovery:discover_packages(path) discover
[0.114s] Level 1:colcon.colcon_core.package_discovery:discover_packages(path) using defaults
[0.126s] INFO:colcon.colcon_core.package_selection:Skipping not selected package 'fri_client_sdk' in 'lbr-stack/src/fri'
[0.126s] INFO:colcon.colcon_core.package_selection:Skipping not selected package 'lbr_iiwa14_r820_description' in 'lbr-stack/src/lbr_iiwa14_r820_description'
[0.126s] INFO:colcon.colcon_core.package_selection:Skipping not selected package 'lbr_iiwa7_r800_description' in 'lbr-stack/src/lbr_iiwa7_r800_description'
[0.126s] INFO:colcon.colcon_core.package_selection:Skipping not selected package 'lbr_med14_r820_description' in 'lbr-stack/src/lbr_med14_r820_description'
[0.126s] INFO:colcon.colcon_core.package_selection:Skipping not selected package 'lbr_med7_r800_description' in 'lbr-stack/src/lbr_med7_r800_description'
[0.126s] INFO:colcon.colcon_core.package_selection:Skipping not selected package 'lbr_moveit' in 'lbr-stack/src/lbr_fri_ros2_stack/lbr_demos/lbr_moveit'
[0.126s] INFO:colcon.colcon_core.package_selection:Skipping not selected package 'lbr_moveit_cpp' in 'lbr-stack/src/lbr_fri_ros2_stack/lbr_demos/lbr_moveit_cpp'
[0.126s] INFO:colcon.colcon_core.package_selection:Skipping not selected package 'iiwa14_moveit_config' in 'lbr-stack/src/lbr_fri_ros2_stack/lbr_moveit_config/iiwa14_moveit_config'
[0.126s] INFO:colcon.colcon_core.package_selection:Skipping not selected package 'iiwa7_moveit_config' in 'lbr-stack/src/lbr_fri_ros2_stack/lbr_moveit_config/iiwa7_moveit_config'
[0.126s] INFO:colcon.colcon_core.package_selection:Skipping not selected package 'lbr_dual_arm_moveit_config' in 'lbr-stack/src/lbr_fri_ros2_stack/lbr_demos/lbr_dual_arm/lbr_dual_arm_moveit_config'
[0.126s] INFO:colcon.colcon_core.package_selection:Skipping not selected package 'lbr_fri_idl' in 'lbr-stack/src/lbr_fri_idl'
[0.126s] INFO:colcon.colcon_core.package_selection:Skipping not selected package 'med14_moveit_config' in 'lbr-stack/src/lbr_fri_ros2_stack/lbr_moveit_config/med14_moveit_config'
[0.126s] INFO:colcon.colcon_core.package_selection:Skipping not selected package 'med7_moveit_config' in 'lbr-stack/src/lbr_fri_ros2_stack/lbr_moveit_config/med7_moveit_config'
[0.126s] INFO:colcon.colcon_core.package_selection:Skipping not selected package 'lbr_fri_ros2' in 'lbr-stack/src/lbr_fri_ros2_stack/lbr_fri_ros2'
[0.126s] INFO:colcon.colcon_core.package_selection:Skipping not selected package 'lbr_demos_advanced_cpp' in 'lbr-stack/src/lbr_fri_ros2_stack/lbr_demos/lbr_demos_advanced_cpp'
[0.126s] INFO:colcon.colcon_core.package_selection:Skipping not selected package 'lbr_demos_advanced_py' in 'lbr-stack/src/lbr_fri_ros2_stack/lbr_demos/lbr_demos_advanced_py'
[0.126s] INFO:colcon.colcon_core.package_selection:Skipping not selected package 'lbr_ros2_control' in 'lbr-stack/src/lbr_fri_ros2_stack/lbr_ros2_control'
[0.126s] INFO:colcon.colcon_core.package_selection:Skipping not selected package 'lbr_bringup' in 'lbr-stack/src/lbr_fri_ros2_stack/lbr_bringup'
[0.126s] INFO:colcon.colcon_core.package_selection:Skipping not selected package 'lbr_dual_arm' in 'lbr-stack/src/lbr_fri_ros2_stack/lbr_demos/lbr_dual_arm/lbr_dual_arm'
[0.126s] INFO:colcon.colcon_core.package_selection:Skipping not selected package 'lbr_demos_cpp' in 'lbr-stack/src/lbr_fri_ros2_stack/lbr_demos/lbr_demos_cpp'
[0.126s] INFO:colcon.colcon_core.package_selection:Skipping not selected package 'lbr_demos_py' in 'lbr-stack/src/lbr_fri_ros2_stack/lbr_demos/lbr_demos_py'
[0.126s] INFO:colcon.colcon_core.package_selection:Skipping not selected package 'lbr_fri_ros2_stack' in 'lbr-stack/src/lbr_fri_ros2_stack/lbr_fri_ros2_stack'
[0.127s] Level 5:colcon.colcon_core.verb:set package 'my_package' build argument 'cmake_args' from command line to 'None'
[0.127s] Level 5:colcon.colcon_core.verb:set package 'my_package' build argument 'cmake_target' from command line to 'None'
[0.127s] Level 5:colcon.colcon_core.verb:set package 'my_package' build argument 'cmake_target_skip_unavailable' from command line to 'False'
[0.127s] Level 5:colcon.colcon_core.verb:set package 'my_package' build argument 'cmake_clean_cache' from command line to 'False'
[0.127s] Level 5:colcon.colcon_core.verb:set package 'my_package' build argument 'cmake_clean_first' from command line to 'False'
[0.127s] Level 5:colcon.colcon_core.verb:set package 'my_package' build argument 'cmake_force_configure' from command line to 'False'
[0.127s] Level 5:colcon.colcon_core.verb:set package 'my_package' build argument 'ament_cmake_args' from command line to 'None'
[0.127s] Level 5:colcon.colcon_core.verb:set package 'my_package' build argument 'catkin_cmake_args' from command line to 'None'
[0.127s] Level 5:colcon.colcon_core.verb:set package 'my_package' build argument 'catkin_skip_building_tests' from command line to 'False'
[0.127s] DEBUG:colcon.colcon_core.verb:Building package 'my_package' with the following arguments: {'ament_cmake_args': None, 'build_base': '/home/theo/drift/ros2_ws/src/build/my_package', 'catkin_cmake_args': None, 'catkin_skip_building_tests': False, 'cmake_args': None, 'cmake_clean_cache': False, 'cmake_clean_first': False, 'cmake_force_configure': False, 'cmake_target': None, 'cmake_target_skip_unavailable': False, 'install_base': '/home/theo/drift/ros2_ws/src/install/my_package', 'merge_install': False, 'path': '/home/theo/drift/ros2_ws/src/my_package', 'symlink_install': True, 'test_result_base': None}
[0.127s] INFO:colcon.colcon_core.executor:Executing jobs using 'parallel' executor
[0.128s] DEBUG:colcon.colcon_parallel_executor.executor.parallel:run_until_complete
[0.128s] INFO:colcon.colcon_ros.task.ament_python.build:Building ROS package in '/home/theo/drift/ros2_ws/src/my_package' with build type 'ament_python'
[0.128s] Level 1:colcon.colcon_core.shell:create_environment_hook('my_package', 'ament_prefix_path')
[0.129s] INFO:colcon.colcon_core.plugin_system:Skipping extension 'colcon_core.shell.bat': Not used on non-Windows systems
[0.129s] INFO:colcon.colcon_core.shell:Creating environment descriptor '/home/theo/drift/ros2_ws/src/install/my_package/share/my_package/hook/ament_prefix_path.dsv'
[0.130s] INFO:colcon.colcon_core.shell:Creating environment hook '/home/theo/drift/ros2_ws/src/install/my_package/share/my_package/hook/ament_prefix_path.sh'
[0.130s] DEBUG:colcon.colcon_core.shell:Skip shell extension 'dsv' for command environment
[0.263s] INFO:colcon.colcon_core.task.python.build:Building Python package in '/home/theo/drift/ros2_ws/src/my_package'
[0.263s] DEBUG:colcon.colcon_core.shell:Skip shell extension 'dsv' for command environment
[0.580s] DEBUG:colcon.colcon_core.event_handler.log_command:Invoking command in '/home/theo/drift/ros2_ws/src/build/my_package': DEBUGINFOD_URLS=https://debuginfod.ubuntu.com PYTHONPATH=/home/theo/drift/ros2_ws/src/build/my_package/prefix_override:/usr/lib/python3/dist-packages/colcon_core/task/python/colcon_distutils_commands:/home/theo/drift/ros2_ws/src/install/my_package/lib/python3.12/site-packages:${PYTHONPATH} VIRTUAL_ENV_PROMPT=(roskuka) /usr/bin/python3 -W ignore:setup.py install is deprecated -W ignore:easy_install command is deprecated setup.py develop --editable --build-directory /home/theo/drift/ros2_ws/src/build/my_package/build --no-deps symlink_data
[0.856s] Level 1:colcon.colcon_core.shell:create_environment_hook('my_package', 'pythonpath_develop')
[0.856s] INFO:colcon.colcon_core.shell:Creating environment descriptor '/home/theo/drift/ros2_ws/src/build/my_package/share/my_package/hook/pythonpath_develop.dsv'
[0.856s] INFO:colcon.colcon_core.shell:Creating environment hook '/home/theo/drift/ros2_ws/src/build/my_package/share/my_package/hook/pythonpath_develop.sh'
[0.857s] DEBUG:colcon.colcon_core.event_handler.log_command:Invoked command in '/home/theo/drift/ros2_ws/src/build/my_package' returned '0': DEBUGINFOD_URLS=https://debuginfod.ubuntu.com PYTHONPATH=/home/theo/drift/ros2_ws/src/build/my_package/prefix_override:/usr/lib/python3/dist-packages/colcon_core/task/python/colcon_distutils_commands:/home/theo/drift/ros2_ws/src/install/my_package/lib/python3.12/site-packages:${PYTHONPATH} VIRTUAL_ENV_PROMPT=(roskuka) /usr/bin/python3 -W ignore:setup.py install is deprecated -W ignore:easy_install command is deprecated setup.py develop --editable --build-directory /home/theo/drift/ros2_ws/src/build/my_package/build --no-deps symlink_data
[0.861s] Level 1:colcon.colcon_core.environment:checking '/home/theo/drift/ros2_ws/src/install/my_package' for CMake module files
[0.861s] Level 1:colcon.colcon_core.environment:checking '/home/theo/drift/ros2_ws/src/install/my_package' for CMake config files
[0.862s] Level 1:colcon.colcon_core.environment:checking '/home/theo/drift/ros2_ws/src/install/my_package/lib'
[0.862s] Level 1:colcon.colcon_core.environment:checking '/home/theo/drift/ros2_ws/src/install/my_package/bin'
[0.862s] Level 1:colcon.colcon_core.environment:checking '/home/theo/drift/ros2_ws/src/install/my_package/lib/pkgconfig/my_package.pc'
[0.862s] Level 1:colcon.colcon_core.environment:checking '/home/theo/drift/ros2_ws/src/install/my_package/lib/python3.12/site-packages'
[0.862s] Level 1:colcon.colcon_core.shell:create_environment_hook('my_package', 'pythonpath')
[0.862s] INFO:colcon.colcon_core.shell:Creating environment descriptor '/home/theo/drift/ros2_ws/src/install/my_package/share/my_package/hook/pythonpath.dsv'
[0.862s] INFO:colcon.colcon_core.shell:Creating environment hook '/home/theo/drift/ros2_ws/src/install/my_package/share/my_package/hook/pythonpath.sh'
[0.863s] Level 1:colcon.colcon_core.environment:checking '/home/theo/drift/ros2_ws/src/install/my_package/bin'
[0.863s] Level 1:colcon.colcon_core.environment:create_environment_scripts_only(my_package)
[0.863s] INFO:colcon.colcon_core.shell:Creating package descriptor '/home/theo/drift/ros2_ws/src/install/my_package/share/my_package/package.dsv'
[0.863s] INFO:colcon.colcon_core.shell:Creating package script '/home/theo/drift/ros2_ws/src/install/my_package/share/my_package/package.sh'
[0.864s] INFO:colcon.colcon_core.shell:Creating package script '/home/theo/drift/ros2_ws/src/install/my_package/share/my_package/package.bash'
[0.864s] INFO:colcon.colcon_core.shell:Creating package script '/home/theo/drift/ros2_ws/src/install/my_package/share/my_package/package.zsh'
[0.865s] Level 1:colcon.colcon_core.environment:create_file_with_runtime_dependencies(/home/theo/drift/ros2_ws/src/install/my_package/share/colcon-core/packages/my_package)
[0.865s] DEBUG:colcon.colcon_parallel_executor.executor.parallel:closing loop
[0.865s] DEBUG:colcon.colcon_parallel_executor.executor.parallel:loop closed
[0.865s] DEBUG:colcon.colcon_parallel_executor.executor.parallel:run_until_complete finished with '0'
[0.865s] DEBUG:colcon.colcon_core.event_reactor:joining thread
[0.867s] INFO:colcon.colcon_core.plugin_system:Skipping extension 'colcon_notification.desktop_notification.terminal_notifier': Not used on non-Darwin systems
[0.868s] INFO:colcon.colcon_core.plugin_system:Skipping extension 'colcon_notification.desktop_notification.win32': Not used on non-Windows systems
[0.868s] INFO:colcon.colcon_notification.desktop_notification:Sending desktop notification using 'notify2'
[0.877s] DEBUG:colcon.colcon_core.event_reactor:joined thread
[0.878s] INFO:colcon.colcon_core.shell:Creating prefix script '/home/theo/drift/ros2_ws/src/install/local_setup.sh'
[0.878s] INFO:colcon.colcon_core.shell:Creating prefix util module '/home/theo/drift/ros2_ws/src/install/_local_setup_util_sh.py'
[0.887s] INFO:colcon.colcon_core.shell:Creating prefix chain script '/home/theo/drift/ros2_ws/src/install/setup.sh'
[0.888s] INFO:colcon.colcon_core.shell:Creating prefix script '/home/theo/drift/ros2_ws/src/install/local_setup.bash'
[0.888s] INFO:colcon.colcon_core.shell:Creating prefix chain script '/home/theo/drift/ros2_ws/src/install/setup.bash'
[0.890s] INFO:colcon.colcon_core.shell:Creating prefix script '/home/theo/drift/ros2_ws/src/install/local_setup.zsh'
[0.890s] INFO:colcon.colcon_core.shell:Creating prefix chain script '/home/theo/drift/ros2_ws/src/install/setup.zsh'
