[0.328s] Invoking command in '/home/theo/drift/ros2_ws/src/my_package/build/my_package': DEBUGINFOD_URLS=https://debuginfod.ubuntu.com PYTHONPATH=/home/theo/drift/ros2_ws/src/my_package/build/my_package/prefix_override:/usr/lib/python3/dist-packages/colcon_core/task/python/colcon_distutils_commands:/home/theo/drift/ros2_ws/src/my_package/install/my_package/lib/python3.12/site-packages:${PYTHONPATH} /usr/bin/python3 -W ignore:setup.py install is deprecated -W ignore:easy_install command is deprecated setup.py develop --editable --build-directory /home/theo/drift/ros2_ws/src/my_package/build/my_package/build --no-deps symlink_data
[0.445s] running develop
[0.515s] running egg_info
[0.515s] creating my_package.egg-info
[0.519s] writing my_package.egg-info/PKG-INFO
[0.519s] writing dependency_links to my_package.egg-info/dependency_links.txt
[0.519s] writing entry points to my_package.egg-info/entry_points.txt
[0.519s] writing requirements to my_package.egg-info/requires.txt
[0.520s] writing top-level names to my_package.egg-info/top_level.txt
[0.520s] writing manifest file 'my_package.egg-info/SOURCES.txt'
[0.532s] reading manifest file 'my_package.egg-info/SOURCES.txt'
[0.533s] writing manifest file 'my_package.egg-info/SOURCES.txt'
[0.541s] running build_ext
[0.541s] Creating /home/theo/drift/ros2_ws/src/my_package/install/my_package/lib/python3.12/site-packages/my-package.egg-link (link to .)
[0.541s] Installing force_node script to /home/theo/drift/ros2_ws/src/my_package/install/my_package/lib/my_package
[0.541s] Installing hit_node script to /home/theo/drift/ros2_ws/src/my_package/install/my_package/lib/my_package
[0.541s] 
[0.541s] Installed /home/theo/drift/ros2_ws/src/my_package/build/my_package
[0.541s] running symlink_data
[0.541s] creating /home/theo/drift/ros2_ws/src/my_package/install/my_package/share/ament_index
[0.541s] creating /home/theo/drift/ros2_ws/src/my_package/install/my_package/share/ament_index/resource_index
[0.541s] creating /home/theo/drift/ros2_ws/src/my_package/install/my_package/share/ament_index/resource_index/packages
[0.541s] symbolically linking /home/theo/drift/ros2_ws/src/my_package/build/my_package/resource/my_package -> /home/theo/drift/ros2_ws/src/my_package/install/my_package/share/ament_index/resource_index/packages
[0.541s] symbolically linking /home/theo/drift/ros2_ws/src/my_package/build/my_package/package.xml -> /home/theo/drift/ros2_ws/src/my_package/install/my_package/share/my_package
[0.541s] creating /home/theo/drift/ros2_ws/src/my_package/install/my_package/share/my_package/launch
[0.541s] symbolically linking /home/theo/drift/ros2_ws/src/my_package/build/my_package/launch/mock.launch.py -> /home/theo/drift/ros2_ws/src/my_package/install/my_package/share/my_package/launch
[0.541s] symbolically linking /home/theo/drift/ros2_ws/src/my_package/build/my_package/launch/hardware.launch.py -> /home/theo/drift/ros2_ws/src/my_package/install/my_package/share/my_package/launch
[0.542s] creating /home/theo/drift/ros2_ws/src/my_package/install/my_package/share/my_package/urdf
[0.542s] creating /home/theo/drift/ros2_ws/src/my_package/install/my_package/share/my_package/config
[0.542s] symbolically linking /home/theo/drift/ros2_ws/src/my_package/build/my_package/config/kuka.rviz -> /home/theo/drift/ros2_ws/src/my_package/install/my_package/share/my_package/config
[0.559s] Invoked command in '/home/theo/drift/ros2_ws/src/my_package/build/my_package' returned '0': DEBUGINFOD_URLS=https://debuginfod.ubuntu.com PYTHONPATH=/home/theo/drift/ros2_ws/src/my_package/build/my_package/prefix_override:/usr/lib/python3/dist-packages/colcon_core/task/python/colcon_distutils_commands:/home/theo/drift/ros2_ws/src/my_package/install/my_package/lib/python3.12/site-packages:${PYTHONPATH} /usr/bin/python3 -W ignore:setup.py install is deprecated -W ignore:easy_install command is deprecated setup.py develop --editable --build-directory /home/theo/drift/ros2_ws/src/my_package/build/my_package/build --no-deps symlink_data
