-- The C compiler identification is GNU 13.3.0
-- The CXX compiler identification is GNU 13.3.0
-- Detecting C compiler ABI info
-- Detecting C compiler ABI info - done
-- Check for working C compiler: /usr/bin/cc - skipped
-- Detecting C compile features
-- Detecting C compile features - done
-- Detecting CXX compiler ABI info
-- Detecting CXX compiler ABI info - done
-- Check for working CXX compiler: /usr/bin/c++ - skipped
-- Detecting CXX compile features
-- Detecting CXX compile features - done
-- Found ament_cmake: 2.5.5 (/opt/ros/jazzy/share/ament_cmake/cmake)
-- Found Python3: /usr/bin/python3 (found version "3.12.3") found components: Interpreter 
-- Override CMake install command with custom implementation using symlinks instead of copying resources
-- Configuring done (0.4s)
-- Generating done (0.0s)
-- Build files have been written to: /home/theo/drift/ros2_ws/src/lbr-stack/build/lbr_fri_ros2_stack
-- Install configuration: ""
-- Execute custom install script
-- Symlinking: /home/theo/drift/ros2_ws/src/lbr-stack/install/lbr_fri_ros2_stack/share/ament_index/resource_index/package_run_dependencies/lbr_fri_ros2_stack
-- Symlinking: /home/theo/drift/ros2_ws/src/lbr-stack/install/lbr_fri_ros2_stack/share/ament_index/resource_index/parent_prefix_path/lbr_fri_ros2_stack
-- Symlinking: /home/theo/drift/ros2_ws/src/lbr-stack/install/lbr_fri_ros2_stack/share/lbr_fri_ros2_stack/environment/ament_prefix_path.sh
-- Symlinking: /home/theo/drift/ros2_ws/src/lbr-stack/install/lbr_fri_ros2_stack/share/lbr_fri_ros2_stack/environment/ament_prefix_path.dsv
-- Symlinking: /home/theo/drift/ros2_ws/src/lbr-stack/install/lbr_fri_ros2_stack/share/lbr_fri_ros2_stack/environment/path.sh
-- Symlinking: /home/theo/drift/ros2_ws/src/lbr-stack/install/lbr_fri_ros2_stack/share/lbr_fri_ros2_stack/environment/path.dsv
-- Symlinking: /home/theo/drift/ros2_ws/src/lbr-stack/install/lbr_fri_ros2_stack/share/lbr_fri_ros2_stack/local_setup.bash
-- Symlinking: /home/theo/drift/ros2_ws/src/lbr-stack/install/lbr_fri_ros2_stack/share/lbr_fri_ros2_stack/local_setup.sh
-- Symlinking: /home/theo/drift/ros2_ws/src/lbr-stack/install/lbr_fri_ros2_stack/share/lbr_fri_ros2_stack/local_setup.zsh
-- Symlinking: /home/theo/drift/ros2_ws/src/lbr-stack/install/lbr_fri_ros2_stack/share/lbr_fri_ros2_stack/local_setup.dsv
-- Symlinking: /home/theo/drift/ros2_ws/src/lbr-stack/install/lbr_fri_ros2_stack/share/lbr_fri_ros2_stack/package.dsv
-- Symlinking: /home/theo/drift/ros2_ws/src/lbr-stack/install/lbr_fri_ros2_stack/share/ament_index/resource_index/packages/lbr_fri_ros2_stack
-- Symlinking: /home/theo/drift/ros2_ws/src/lbr-stack/install/lbr_fri_ros2_stack/share/lbr_fri_ros2_stack/cmake/lbr_fri_ros2_stackConfig.cmake
-- Symlinking: /home/theo/drift/ros2_ws/src/lbr-stack/install/lbr_fri_ros2_stack/share/lbr_fri_ros2_stack/cmake/lbr_fri_ros2_stackConfig-version.cmake
-- Symlinking: /home/theo/drift/ros2_ws/src/lbr-stack/install/lbr_fri_ros2_stack/share/lbr_fri_ros2_stack/package.xml
