[0.000000] (-) TimerEvent: {}
[0.001710] (-) JobUnselected: {'identifier': 'fri_client_sdk'}
[0.001725] (-) JobUnselected: {'identifier': 'iiwa14_moveit_config'}
[0.001732] (-) JobUnselected: {'identifier': 'iiwa7_moveit_config'}
[0.001737] (-) JobUnselected: {'identifier': 'lbr_bringup'}
[0.001741] (-) JobUnselected: {'identifier': 'lbr_demos_advanced_cpp'}
[0.001745] (-) JobUnselected: {'identifier': 'lbr_demos_advanced_py'}
[0.001749] (-) JobUnselected: {'identifier': 'lbr_demos_cpp'}
[0.001752] (-) JobUnselected: {'identifier': 'lbr_demos_py'}
[0.001756] (-) JobUnselected: {'identifier': 'lbr_dual_arm'}
[0.001759] (-) JobUnselected: {'identifier': 'lbr_dual_arm_moveit_config'}
[0.001763] (-) JobUnselected: {'identifier': 'lbr_fri_idl'}
[0.001766] (-) JobUnselected: {'identifier': 'lbr_fri_ros2'}
[0.001770] (-) JobUnselected: {'identifier': 'lbr_fri_ros2_stack'}
[0.001773] (-) JobUnselected: {'identifier': 'lbr_iiwa14_r820_description'}
[0.001777] (-) JobUnselected: {'identifier': 'lbr_iiwa7_r800_description'}
[0.001780] (-) JobUnselected: {'identifier': 'lbr_med14_r820_description'}
[0.001784] (-) JobUnselected: {'identifier': 'lbr_med7_r800_description'}
[0.001787] (-) JobUnselected: {'identifier': 'lbr_moveit'}
[0.001791] (-) JobUnselected: {'identifier': 'lbr_moveit_cpp'}
[0.001796] (-) JobUnselected: {'identifier': 'lbr_ros2_control'}
[0.001799] (-) JobUnselected: {'identifier': 'med14_moveit_config'}
[0.001803] (-) JobUnselected: {'identifier': 'med7_moveit_config'}
[0.001806] (-) JobUnselected: {'identifier': 'my_package'}
[0.001810] (-) JobUnselected: {'identifier': 'natnet_ros2'}
[0.001813] (-) JobUnselected: {'identifier': 'optitrack_ros2'}
[0.001817] (-) EventReactorShutdown: {}
