[0.026s] Invoking command in '/home/theo/drift/ros2_ws/src/lbr-stack/build/lbr_bringup': AMENT_PREFIX_PATH=/home/theo/drift/ros2_ws/src/lbr-stack/install/lbr_ros2_control:/home/theo/drift/ros2_ws/src/lbr-stack/install/lbr_fri_ros2:/home/theo/drift/ros2_ws/src/lbr-stack/install/lbr_fri_idl:/home/theo/drift/ros2_ws/src/lbr-stack/install/lbr_med7_r800_description:/home/theo/drift/ros2_ws/src/lbr-stack/install/lbr_med14_r820_description:/home/theo/drift/ros2_ws/src/lbr-stack/install/lbr_iiwa7_r800_description:/home/theo/drift/ros2_ws/src/lbr-stack/install/lbr_iiwa14_r820_description:${AMENT_PREFIX_PATH} CMAKE_PREFIX_PATH=/home/theo/drift/ros2_ws/src/lbr-stack/install/lbr_ros2_control:/home/theo/drift/ros2_ws/src/lbr-stack/install/lbr_fri_ros2:/home/theo/drift/ros2_ws/src/lbr-stack/install/lbr_fri_idl:/home/theo/drift/ros2_ws/src/lbr-stack/install/lbr_med7_r800_description:/home/theo/drift/ros2_ws/src/lbr-stack/install/lbr_med14_r820_description:/home/theo/drift/ros2_ws/src/lbr-stack/install/lbr_iiwa7_r800_description:/home/theo/drift/ros2_ws/src/lbr-stack/install/lbr_iiwa14_r820_description:/home/theo/drift/ros2_ws/src/lbr-stack/install/fri_client_sdk:/opt/ros/jazzy/opt/gz_sim_vendor:/opt/ros/jazzy/opt/gz_sensors_vendor:/opt/ros/jazzy/opt/gz_physics_vendor:/opt/ros/jazzy/opt/gz_gui_vendor:/opt/ros/jazzy/opt/gz_transport_vendor:/opt/ros/jazzy/opt/gz_rendering_vendor:/opt/ros/jazzy/opt/gz_plugin_vendor:/opt/ros/jazzy/opt/gz_fuel_tools_vendor:/opt/ros/jazzy/opt/gz_msgs_vendor:/opt/ros/jazzy/opt/gz_common_vendor:/opt/ros/jazzy/opt/gz_ogre_next_vendor:/opt/ros/jazzy/opt/gz_dartsim_vendor:/opt/ros/jazzy/opt/sdformat_vendor:/opt/ros/jazzy/opt/gz_math_vendor:/opt/ros/jazzy/opt/gz_utils_vendor:/opt/ros/jazzy/opt/gz_tools_vendor:/opt/ros/jazzy/opt/gz_cmake_vendor:/home/theo/drift/ros2_ws/install/my_package:/opt/ros/jazzy DEBUGINFOD_URLS=https://debuginfod.ubuntu.com LD_LIBRARY_PATH=/home/theo/drift/ros2_ws/src/lbr-stack/install/lbr_ros2_control/lib:/home/theo/drift/ros2_ws/src/lbr-stack/install/lbr_fri_ros2/lib:/home/theo/drift/ros2_ws/src/lbr-stack/install/lbr_fri_idl/lib:/home/theo/drift/ros2_ws/src/lbr-stack/install/fri_client_sdk/lib:${LD_LIBRARY_PATH} PKG_CONFIG_PATH=/home/theo/drift/ros2_ws/src/lbr-stack/install/fri_client_sdk/lib/aarch64-linux-gnu/pkgconfig:/home/theo/drift/ros2_ws/src/lbr-stack/install/fri_client_sdk/lib/pkgconfig PYTHONPATH=/home/theo/drift/ros2_ws/src/lbr-stack/install/lbr_fri_idl/lib/python3.12/site-packages:${PYTHONPATH} /usr/bin/cmake /home/theo/drift/ros2_ws/src/lbr-stack/src/lbr_fri_ros2_stack/lbr_bringup -DAMENT_CMAKE_SYMLINK_INSTALL=1 -DCMAKE_INSTALL_PREFIX=/home/theo/drift/ros2_ws/src/lbr-stack/install/lbr_bringup
[0.109s] -- The C compiler identification is GNU 13.3.0
[0.136s] -- The CXX compiler identification is GNU 13.3.0
[0.145s] -- Detecting C compiler ABI info
[0.194s] -- Detecting C compiler ABI info - done
[0.198s] -- Check for working C compiler: /usr/bin/cc - skipped
[0.199s] -- Detecting C compile features
[0.199s] -- Detecting C compile features - done
[0.203s] -- Detecting CXX compiler ABI info
[0.244s] -- Detecting CXX compiler ABI info - done
[0.248s] -- Check for working CXX compiler: /usr/bin/c++ - skipped
[0.248s] -- Detecting CXX compile features
[0.248s] -- Detecting CXX compile features - done
[0.263s] -- Found ament_cmake: 2.5.5 (/opt/ros/jazzy/share/ament_cmake/cmake)
[0.351s] -- Found Python3: /usr/bin/python3 (found version "3.12.3") found components: Interpreter 
[0.406s] -- Override CMake install command with custom implementation using symlinks instead of copying resources
[0.528s] -- Configuring done (0.5s)
[0.531s] -- Generating done (0.0s)
[0.531s] -- Build files have been written to: /home/theo/drift/ros2_ws/src/lbr-stack/build/lbr_bringup
[0.533s] Invoked command in '/home/theo/drift/ros2_ws/src/lbr-stack/build/lbr_bringup' returned '0': AMENT_PREFIX_PATH=/home/theo/drift/ros2_ws/src/lbr-stack/install/lbr_ros2_control:/home/theo/drift/ros2_ws/src/lbr-stack/install/lbr_fri_ros2:/home/theo/drift/ros2_ws/src/lbr-stack/install/lbr_fri_idl:/home/theo/drift/ros2_ws/src/lbr-stack/install/lbr_med7_r800_description:/home/theo/drift/ros2_ws/src/lbr-stack/install/lbr_med14_r820_description:/home/theo/drift/ros2_ws/src/lbr-stack/install/lbr_iiwa7_r800_description:/home/theo/drift/ros2_ws/src/lbr-stack/install/lbr_iiwa14_r820_description:${AMENT_PREFIX_PATH} CMAKE_PREFIX_PATH=/home/theo/drift/ros2_ws/src/lbr-stack/install/lbr_ros2_control:/home/theo/drift/ros2_ws/src/lbr-stack/install/lbr_fri_ros2:/home/theo/drift/ros2_ws/src/lbr-stack/install/lbr_fri_idl:/home/theo/drift/ros2_ws/src/lbr-stack/install/lbr_med7_r800_description:/home/theo/drift/ros2_ws/src/lbr-stack/install/lbr_med14_r820_description:/home/theo/drift/ros2_ws/src/lbr-stack/install/lbr_iiwa7_r800_description:/home/theo/drift/ros2_ws/src/lbr-stack/install/lbr_iiwa14_r820_description:/home/theo/drift/ros2_ws/src/lbr-stack/install/fri_client_sdk:/opt/ros/jazzy/opt/gz_sim_vendor:/opt/ros/jazzy/opt/gz_sensors_vendor:/opt/ros/jazzy/opt/gz_physics_vendor:/opt/ros/jazzy/opt/gz_gui_vendor:/opt/ros/jazzy/opt/gz_transport_vendor:/opt/ros/jazzy/opt/gz_rendering_vendor:/opt/ros/jazzy/opt/gz_plugin_vendor:/opt/ros/jazzy/opt/gz_fuel_tools_vendor:/opt/ros/jazzy/opt/gz_msgs_vendor:/opt/ros/jazzy/opt/gz_common_vendor:/opt/ros/jazzy/opt/gz_ogre_next_vendor:/opt/ros/jazzy/opt/gz_dartsim_vendor:/opt/ros/jazzy/opt/sdformat_vendor:/opt/ros/jazzy/opt/gz_math_vendor:/opt/ros/jazzy/opt/gz_utils_vendor:/opt/ros/jazzy/opt/gz_tools_vendor:/opt/ros/jazzy/opt/gz_cmake_vendor:/home/theo/drift/ros2_ws/install/my_package:/opt/ros/jazzy DEBUGINFOD_URLS=https://debuginfod.ubuntu.com LD_LIBRARY_PATH=/home/theo/drift/ros2_ws/src/lbr-stack/install/lbr_ros2_control/lib:/home/theo/drift/ros2_ws/src/lbr-stack/install/lbr_fri_ros2/lib:/home/theo/drift/ros2_ws/src/lbr-stack/install/lbr_fri_idl/lib:/home/theo/drift/ros2_ws/src/lbr-stack/install/fri_client_sdk/lib:${LD_LIBRARY_PATH} PKG_CONFIG_PATH=/home/theo/drift/ros2_ws/src/lbr-stack/install/fri_client_sdk/lib/aarch64-linux-gnu/pkgconfig:/home/theo/drift/ros2_ws/src/lbr-stack/install/fri_client_sdk/lib/pkgconfig PYTHONPATH=/home/theo/drift/ros2_ws/src/lbr-stack/install/lbr_fri_idl/lib/python3.12/site-packages:${PYTHONPATH} /usr/bin/cmake /home/theo/drift/ros2_ws/src/lbr-stack/src/lbr_fri_ros2_stack/lbr_bringup -DAMENT_CMAKE_SYMLINK_INSTALL=1 -DCMAKE_INSTALL_PREFIX=/home/theo/drift/ros2_ws/src/lbr-stack/install/lbr_bringup
[0.534s] Invoking command in '/home/theo/drift/ros2_ws/src/lbr-stack/build/lbr_bringup': AMENT_PREFIX_PATH=/home/theo/drift/ros2_ws/src/lbr-stack/install/lbr_ros2_control:/home/theo/drift/ros2_ws/src/lbr-stack/install/lbr_fri_ros2:/home/theo/drift/ros2_ws/src/lbr-stack/install/lbr_fri_idl:/home/theo/drift/ros2_ws/src/lbr-stack/install/lbr_med7_r800_description:/home/theo/drift/ros2_ws/src/lbr-stack/install/lbr_med14_r820_description:/home/theo/drift/ros2_ws/src/lbr-stack/install/lbr_iiwa7_r800_description:/home/theo/drift/ros2_ws/src/lbr-stack/install/lbr_iiwa14_r820_description:${AMENT_PREFIX_PATH} CMAKE_PREFIX_PATH=/home/theo/drift/ros2_ws/src/lbr-stack/install/lbr_ros2_control:/home/theo/drift/ros2_ws/src/lbr-stack/install/lbr_fri_ros2:/home/theo/drift/ros2_ws/src/lbr-stack/install/lbr_fri_idl:/home/theo/drift/ros2_ws/src/lbr-stack/install/lbr_med7_r800_description:/home/theo/drift/ros2_ws/src/lbr-stack/install/lbr_med14_r820_description:/home/theo/drift/ros2_ws/src/lbr-stack/install/lbr_iiwa7_r800_description:/home/theo/drift/ros2_ws/src/lbr-stack/install/lbr_iiwa14_r820_description:/home/theo/drift/ros2_ws/src/lbr-stack/install/fri_client_sdk:/opt/ros/jazzy/opt/gz_sim_vendor:/opt/ros/jazzy/opt/gz_sensors_vendor:/opt/ros/jazzy/opt/gz_physics_vendor:/opt/ros/jazzy/opt/gz_gui_vendor:/opt/ros/jazzy/opt/gz_transport_vendor:/opt/ros/jazzy/opt/gz_rendering_vendor:/opt/ros/jazzy/opt/gz_plugin_vendor:/opt/ros/jazzy/opt/gz_fuel_tools_vendor:/opt/ros/jazzy/opt/gz_msgs_vendor:/opt/ros/jazzy/opt/gz_common_vendor:/opt/ros/jazzy/opt/gz_ogre_next_vendor:/opt/ros/jazzy/opt/gz_dartsim_vendor:/opt/ros/jazzy/opt/sdformat_vendor:/opt/ros/jazzy/opt/gz_math_vendor:/opt/ros/jazzy/opt/gz_utils_vendor:/opt/ros/jazzy/opt/gz_tools_vendor:/opt/ros/jazzy/opt/gz_cmake_vendor:/home/theo/drift/ros2_ws/install/my_package:/opt/ros/jazzy DEBUGINFOD_URLS=https://debuginfod.ubuntu.com LD_LIBRARY_PATH=/home/theo/drift/ros2_ws/src/lbr-stack/install/lbr_ros2_control/lib:/home/theo/drift/ros2_ws/src/lbr-stack/install/lbr_fri_ros2/lib:/home/theo/drift/ros2_ws/src/lbr-stack/install/lbr_fri_idl/lib:/home/theo/drift/ros2_ws/src/lbr-stack/install/fri_client_sdk/lib:${LD_LIBRARY_PATH} PKG_CONFIG_PATH=/home/theo/drift/ros2_ws/src/lbr-stack/install/fri_client_sdk/lib/aarch64-linux-gnu/pkgconfig:/home/theo/drift/ros2_ws/src/lbr-stack/install/fri_client_sdk/lib/pkgconfig PYTHONPATH=/home/theo/drift/ros2_ws/src/lbr-stack/install/lbr_fri_idl/lib/python3.12/site-packages:${PYTHONPATH} /usr/bin/cmake --build /home/theo/drift/ros2_ws/src/lbr-stack/build/lbr_bringup -- -j4 -l4
[0.556s] Built target ament_cmake_python_symlink_lbr_bringup
[0.748s] running egg_info
[0.748s] creating lbr_bringup.egg-info
[0.754s] writing lbr_bringup.egg-info/PKG-INFO
[0.754s] writing dependency_links to lbr_bringup.egg-info/dependency_links.txt
[0.754s] writing top-level names to lbr_bringup.egg-info/top_level.txt
[0.754s] writing manifest file 'lbr_bringup.egg-info/SOURCES.txt'
[0.773s] reading manifest file 'lbr_bringup.egg-info/SOURCES.txt'
[0.773s] writing manifest file 'lbr_bringup.egg-info/SOURCES.txt'
[0.788s] Built target ament_cmake_python_build_lbr_bringup_egg
[0.792s] Invoked command in '/home/theo/drift/ros2_ws/src/lbr-stack/build/lbr_bringup' returned '0': AMENT_PREFIX_PATH=/home/theo/drift/ros2_ws/src/lbr-stack/install/lbr_ros2_control:/home/theo/drift/ros2_ws/src/lbr-stack/install/lbr_fri_ros2:/home/theo/drift/ros2_ws/src/lbr-stack/install/lbr_fri_idl:/home/theo/drift/ros2_ws/src/lbr-stack/install/lbr_med7_r800_description:/home/theo/drift/ros2_ws/src/lbr-stack/install/lbr_med14_r820_description:/home/theo/drift/ros2_ws/src/lbr-stack/install/lbr_iiwa7_r800_description:/home/theo/drift/ros2_ws/src/lbr-stack/install/lbr_iiwa14_r820_description:${AMENT_PREFIX_PATH} CMAKE_PREFIX_PATH=/home/theo/drift/ros2_ws/src/lbr-stack/install/lbr_ros2_control:/home/theo/drift/ros2_ws/src/lbr-stack/install/lbr_fri_ros2:/home/theo/drift/ros2_ws/src/lbr-stack/install/lbr_fri_idl:/home/theo/drift/ros2_ws/src/lbr-stack/install/lbr_med7_r800_description:/home/theo/drift/ros2_ws/src/lbr-stack/install/lbr_med14_r820_description:/home/theo/drift/ros2_ws/src/lbr-stack/install/lbr_iiwa7_r800_description:/home/theo/drift/ros2_ws/src/lbr-stack/install/lbr_iiwa14_r820_description:/home/theo/drift/ros2_ws/src/lbr-stack/install/fri_client_sdk:/opt/ros/jazzy/opt/gz_sim_vendor:/opt/ros/jazzy/opt/gz_sensors_vendor:/opt/ros/jazzy/opt/gz_physics_vendor:/opt/ros/jazzy/opt/gz_gui_vendor:/opt/ros/jazzy/opt/gz_transport_vendor:/opt/ros/jazzy/opt/gz_rendering_vendor:/opt/ros/jazzy/opt/gz_plugin_vendor:/opt/ros/jazzy/opt/gz_fuel_tools_vendor:/opt/ros/jazzy/opt/gz_msgs_vendor:/opt/ros/jazzy/opt/gz_common_vendor:/opt/ros/jazzy/opt/gz_ogre_next_vendor:/opt/ros/jazzy/opt/gz_dartsim_vendor:/opt/ros/jazzy/opt/sdformat_vendor:/opt/ros/jazzy/opt/gz_math_vendor:/opt/ros/jazzy/opt/gz_utils_vendor:/opt/ros/jazzy/opt/gz_tools_vendor:/opt/ros/jazzy/opt/gz_cmake_vendor:/home/theo/drift/ros2_ws/install/my_package:/opt/ros/jazzy DEBUGINFOD_URLS=https://debuginfod.ubuntu.com LD_LIBRARY_PATH=/home/theo/drift/ros2_ws/src/lbr-stack/install/lbr_ros2_control/lib:/home/theo/drift/ros2_ws/src/lbr-stack/install/lbr_fri_ros2/lib:/home/theo/drift/ros2_ws/src/lbr-stack/install/lbr_fri_idl/lib:/home/theo/drift/ros2_ws/src/lbr-stack/install/fri_client_sdk/lib:${LD_LIBRARY_PATH} PKG_CONFIG_PATH=/home/theo/drift/ros2_ws/src/lbr-stack/install/fri_client_sdk/lib/aarch64-linux-gnu/pkgconfig:/home/theo/drift/ros2_ws/src/lbr-stack/install/fri_client_sdk/lib/pkgconfig PYTHONPATH=/home/theo/drift/ros2_ws/src/lbr-stack/install/lbr_fri_idl/lib/python3.12/site-packages:${PYTHONPATH} /usr/bin/cmake --build /home/theo/drift/ros2_ws/src/lbr-stack/build/lbr_bringup -- -j4 -l4
[0.793s] Invoking command in '/home/theo/drift/ros2_ws/src/lbr-stack/build/lbr_bringup': AMENT_PREFIX_PATH=/home/theo/drift/ros2_ws/src/lbr-stack/install/lbr_ros2_control:/home/theo/drift/ros2_ws/src/lbr-stack/install/lbr_fri_ros2:/home/theo/drift/ros2_ws/src/lbr-stack/install/lbr_fri_idl:/home/theo/drift/ros2_ws/src/lbr-stack/install/lbr_med7_r800_description:/home/theo/drift/ros2_ws/src/lbr-stack/install/lbr_med14_r820_description:/home/theo/drift/ros2_ws/src/lbr-stack/install/lbr_iiwa7_r800_description:/home/theo/drift/ros2_ws/src/lbr-stack/install/lbr_iiwa14_r820_description:${AMENT_PREFIX_PATH} CMAKE_PREFIX_PATH=/home/theo/drift/ros2_ws/src/lbr-stack/install/lbr_ros2_control:/home/theo/drift/ros2_ws/src/lbr-stack/install/lbr_fri_ros2:/home/theo/drift/ros2_ws/src/lbr-stack/install/lbr_fri_idl:/home/theo/drift/ros2_ws/src/lbr-stack/install/lbr_med7_r800_description:/home/theo/drift/ros2_ws/src/lbr-stack/install/lbr_med14_r820_description:/home/theo/drift/ros2_ws/src/lbr-stack/install/lbr_iiwa7_r800_description:/home/theo/drift/ros2_ws/src/lbr-stack/install/lbr_iiwa14_r820_description:/home/theo/drift/ros2_ws/src/lbr-stack/install/fri_client_sdk:/opt/ros/jazzy/opt/gz_sim_vendor:/opt/ros/jazzy/opt/gz_sensors_vendor:/opt/ros/jazzy/opt/gz_physics_vendor:/opt/ros/jazzy/opt/gz_gui_vendor:/opt/ros/jazzy/opt/gz_transport_vendor:/opt/ros/jazzy/opt/gz_rendering_vendor:/opt/ros/jazzy/opt/gz_plugin_vendor:/opt/ros/jazzy/opt/gz_fuel_tools_vendor:/opt/ros/jazzy/opt/gz_msgs_vendor:/opt/ros/jazzy/opt/gz_common_vendor:/opt/ros/jazzy/opt/gz_ogre_next_vendor:/opt/ros/jazzy/opt/gz_dartsim_vendor:/opt/ros/jazzy/opt/sdformat_vendor:/opt/ros/jazzy/opt/gz_math_vendor:/opt/ros/jazzy/opt/gz_utils_vendor:/opt/ros/jazzy/opt/gz_tools_vendor:/opt/ros/jazzy/opt/gz_cmake_vendor:/home/theo/drift/ros2_ws/install/my_package:/opt/ros/jazzy DEBUGINFOD_URLS=https://debuginfod.ubuntu.com LD_LIBRARY_PATH=/home/theo/drift/ros2_ws/src/lbr-stack/install/lbr_ros2_control/lib:/home/theo/drift/ros2_ws/src/lbr-stack/install/lbr_fri_ros2/lib:/home/theo/drift/ros2_ws/src/lbr-stack/install/lbr_fri_idl/lib:/home/theo/drift/ros2_ws/src/lbr-stack/install/fri_client_sdk/lib:${LD_LIBRARY_PATH} PKG_CONFIG_PATH=/home/theo/drift/ros2_ws/src/lbr-stack/install/fri_client_sdk/lib/aarch64-linux-gnu/pkgconfig:/home/theo/drift/ros2_ws/src/lbr-stack/install/fri_client_sdk/lib/pkgconfig PYTHONPATH=/home/theo/drift/ros2_ws/src/lbr-stack/install/lbr_fri_idl/lib/python3.12/site-packages:${PYTHONPATH} /usr/bin/cmake --install /home/theo/drift/ros2_ws/src/lbr-stack/build/lbr_bringup
[0.796s] -- Install configuration: ""
[0.797s] -- Execute custom install script
[0.797s] -- Symlinking: /home/theo/drift/ros2_ws/src/lbr-stack/install/lbr_bringup/share/lbr_bringup/config/gazebo.rviz
[0.800s] -- Symlinking: /home/theo/drift/ros2_ws/src/lbr-stack/install/lbr_bringup/share/lbr_bringup/config/hardware.rviz
[0.803s] -- Symlinking: /home/theo/drift/ros2_ws/src/lbr-stack/install/lbr_bringup/share/lbr_bringup/config/mock.rviz
[0.806s] -- Symlinking: /home/theo/drift/ros2_ws/src/lbr-stack/install/lbr_bringup/share/lbr_bringup/config/moveit_servo.yaml
[0.809s] -- Symlinking: /home/theo/drift/ros2_ws/src/lbr-stack/install/lbr_bringup/share/lbr_bringup/launch/gazebo.launch.py
[0.812s] -- Symlinking: /home/theo/drift/ros2_ws/src/lbr-stack/install/lbr_bringup/share/lbr_bringup/launch/hardware.launch.py
[0.815s] -- Symlinking: /home/theo/drift/ros2_ws/src/lbr-stack/install/lbr_bringup/share/lbr_bringup/launch/mock.launch.py
[0.818s] -- Symlinking: /home/theo/drift/ros2_ws/src/lbr-stack/install/lbr_bringup/share/lbr_bringup/launch/move_group.launch.py
[0.821s] -- Symlinking: /home/theo/drift/ros2_ws/src/lbr-stack/install/lbr_bringup/share/lbr_bringup/launch/moveit_servo.launch.py
[0.824s] -- Symlinking: /home/theo/drift/ros2_ws/src/lbr-stack/install/lbr_bringup/share/lbr_bringup/launch/rviz.launch.py
[0.827s] -- Symlinking: /home/theo/drift/ros2_ws/src/lbr-stack/install/lbr_bringup/share/lbr_bringup/environment/pythonpath.sh
[0.830s] -- Symlinking: /home/theo/drift/ros2_ws/src/lbr-stack/install/lbr_bringup/share/lbr_bringup/environment/pythonpath.dsv
[0.833s] -- Symlinking: /home/theo/drift/ros2_ws/src/lbr-stack/install/lbr_bringup/lib/python3.12/site-packages/lbr_bringup-2.4.3-py3.12.egg-info/PKG-INFO
[0.836s] -- Symlinking: /home/theo/drift/ros2_ws/src/lbr-stack/install/lbr_bringup/lib/python3.12/site-packages/lbr_bringup-2.4.3-py3.12.egg-info/SOURCES.txt
[0.839s] -- Symlinking: /home/theo/drift/ros2_ws/src/lbr-stack/install/lbr_bringup/lib/python3.12/site-packages/lbr_bringup-2.4.3-py3.12.egg-info/dependency_links.txt
[0.842s] -- Symlinking: /home/theo/drift/ros2_ws/src/lbr-stack/install/lbr_bringup/lib/python3.12/site-packages/lbr_bringup-2.4.3-py3.12.egg-info/top_level.txt
[0.845s] -- Symlinking: /home/theo/drift/ros2_ws/src/lbr-stack/install/lbr_bringup/lib/python3.12/site-packages/lbr_bringup/__init__.py
[0.848s] -- Symlinking: /home/theo/drift/ros2_ws/src/lbr-stack/install/lbr_bringup/lib/python3.12/site-packages/lbr_bringup/description.py
[0.851s] -- Symlinking: /home/theo/drift/ros2_ws/src/lbr-stack/install/lbr_bringup/lib/python3.12/site-packages/lbr_bringup/gazebo.py
[0.854s] -- Symlinking: /home/theo/drift/ros2_ws/src/lbr-stack/install/lbr_bringup/lib/python3.12/site-packages/lbr_bringup/moveit.py
[0.857s] -- Symlinking: /home/theo/drift/ros2_ws/src/lbr-stack/install/lbr_bringup/lib/python3.12/site-packages/lbr_bringup/ros2_control.py
[0.861s] -- Symlinking: /home/theo/drift/ros2_ws/src/lbr-stack/install/lbr_bringup/lib/python3.12/site-packages/lbr_bringup/rviz.py
[0.864s] -- Symlinking: /home/theo/drift/ros2_ws/src/lbr-stack/install/lbr_bringup/share/ament_index/resource_index/package_run_dependencies/lbr_bringup
[0.867s] -- Symlinking: /home/theo/drift/ros2_ws/src/lbr-stack/install/lbr_bringup/share/ament_index/resource_index/parent_prefix_path/lbr_bringup
[0.871s] -- Symlinking: /home/theo/drift/ros2_ws/src/lbr-stack/install/lbr_bringup/share/lbr_bringup/environment/ament_prefix_path.sh
[0.875s] -- Symlinking: /home/theo/drift/ros2_ws/src/lbr-stack/install/lbr_bringup/share/lbr_bringup/environment/ament_prefix_path.dsv
[0.878s] -- Symlinking: /home/theo/drift/ros2_ws/src/lbr-stack/install/lbr_bringup/share/lbr_bringup/environment/path.sh
[0.881s] -- Symlinking: /home/theo/drift/ros2_ws/src/lbr-stack/install/lbr_bringup/share/lbr_bringup/environment/path.dsv
[0.884s] -- Symlinking: /home/theo/drift/ros2_ws/src/lbr-stack/install/lbr_bringup/share/lbr_bringup/local_setup.bash
[0.887s] -- Symlinking: /home/theo/drift/ros2_ws/src/lbr-stack/install/lbr_bringup/share/lbr_bringup/local_setup.sh
[0.890s] -- Symlinking: /home/theo/drift/ros2_ws/src/lbr-stack/install/lbr_bringup/share/lbr_bringup/local_setup.zsh
[0.895s] -- Symlinking: /home/theo/drift/ros2_ws/src/lbr-stack/install/lbr_bringup/share/lbr_bringup/local_setup.dsv
[0.897s] -- Symlinking: /home/theo/drift/ros2_ws/src/lbr-stack/install/lbr_bringup/share/lbr_bringup/package.dsv
[0.900s] -- Symlinking: /home/theo/drift/ros2_ws/src/lbr-stack/install/lbr_bringup/share/ament_index/resource_index/packages/lbr_bringup
[0.903s] -- Symlinking: /home/theo/drift/ros2_ws/src/lbr-stack/install/lbr_bringup/share/lbr_bringup/cmake/lbr_bringupConfig.cmake
[0.906s] -- Symlinking: /home/theo/drift/ros2_ws/src/lbr-stack/install/lbr_bringup/share/lbr_bringup/cmake/lbr_bringupConfig-version.cmake
[0.909s] -- Symlinking: /home/theo/drift/ros2_ws/src/lbr-stack/install/lbr_bringup/share/lbr_bringup/package.xml
[0.929s] Listing '/home/theo/drift/ros2_ws/src/lbr-stack/install/lbr_bringup/lib/python3.12/site-packages/lbr_bringup'...
[0.929s] Compiling '/home/theo/drift/ros2_ws/src/lbr-stack/install/lbr_bringup/lib/python3.12/site-packages/lbr_bringup/__init__.py'...
[0.929s] Compiling '/home/theo/drift/ros2_ws/src/lbr-stack/install/lbr_bringup/lib/python3.12/site-packages/lbr_bringup/description.py'...
[0.930s] Compiling '/home/theo/drift/ros2_ws/src/lbr-stack/install/lbr_bringup/lib/python3.12/site-packages/lbr_bringup/gazebo.py'...
[0.930s] Compiling '/home/theo/drift/ros2_ws/src/lbr-stack/install/lbr_bringup/lib/python3.12/site-packages/lbr_bringup/moveit.py'...
[0.930s] Compiling '/home/theo/drift/ros2_ws/src/lbr-stack/install/lbr_bringup/lib/python3.12/site-packages/lbr_bringup/ros2_control.py'...
[0.930s] Compiling '/home/theo/drift/ros2_ws/src/lbr-stack/install/lbr_bringup/lib/python3.12/site-packages/lbr_bringup/rviz.py'...
[0.933s] Invoked command in '/home/theo/drift/ros2_ws/src/lbr-stack/build/lbr_bringup' returned '0': AMENT_PREFIX_PATH=/home/theo/drift/ros2_ws/src/lbr-stack/install/lbr_ros2_control:/home/theo/drift/ros2_ws/src/lbr-stack/install/lbr_fri_ros2:/home/theo/drift/ros2_ws/src/lbr-stack/install/lbr_fri_idl:/home/theo/drift/ros2_ws/src/lbr-stack/install/lbr_med7_r800_description:/home/theo/drift/ros2_ws/src/lbr-stack/install/lbr_med14_r820_description:/home/theo/drift/ros2_ws/src/lbr-stack/install/lbr_iiwa7_r800_description:/home/theo/drift/ros2_ws/src/lbr-stack/install/lbr_iiwa14_r820_description:${AMENT_PREFIX_PATH} CMAKE_PREFIX_PATH=/home/theo/drift/ros2_ws/src/lbr-stack/install/lbr_ros2_control:/home/theo/drift/ros2_ws/src/lbr-stack/install/lbr_fri_ros2:/home/theo/drift/ros2_ws/src/lbr-stack/install/lbr_fri_idl:/home/theo/drift/ros2_ws/src/lbr-stack/install/lbr_med7_r800_description:/home/theo/drift/ros2_ws/src/lbr-stack/install/lbr_med14_r820_description:/home/theo/drift/ros2_ws/src/lbr-stack/install/lbr_iiwa7_r800_description:/home/theo/drift/ros2_ws/src/lbr-stack/install/lbr_iiwa14_r820_description:/home/theo/drift/ros2_ws/src/lbr-stack/install/fri_client_sdk:/opt/ros/jazzy/opt/gz_sim_vendor:/opt/ros/jazzy/opt/gz_sensors_vendor:/opt/ros/jazzy/opt/gz_physics_vendor:/opt/ros/jazzy/opt/gz_gui_vendor:/opt/ros/jazzy/opt/gz_transport_vendor:/opt/ros/jazzy/opt/gz_rendering_vendor:/opt/ros/jazzy/opt/gz_plugin_vendor:/opt/ros/jazzy/opt/gz_fuel_tools_vendor:/opt/ros/jazzy/opt/gz_msgs_vendor:/opt/ros/jazzy/opt/gz_common_vendor:/opt/ros/jazzy/opt/gz_ogre_next_vendor:/opt/ros/jazzy/opt/gz_dartsim_vendor:/opt/ros/jazzy/opt/sdformat_vendor:/opt/ros/jazzy/opt/gz_math_vendor:/opt/ros/jazzy/opt/gz_utils_vendor:/opt/ros/jazzy/opt/gz_tools_vendor:/opt/ros/jazzy/opt/gz_cmake_vendor:/home/theo/drift/ros2_ws/install/my_package:/opt/ros/jazzy DEBUGINFOD_URLS=https://debuginfod.ubuntu.com LD_LIBRARY_PATH=/home/theo/drift/ros2_ws/src/lbr-stack/install/lbr_ros2_control/lib:/home/theo/drift/ros2_ws/src/lbr-stack/install/lbr_fri_ros2/lib:/home/theo/drift/ros2_ws/src/lbr-stack/install/lbr_fri_idl/lib:/home/theo/drift/ros2_ws/src/lbr-stack/install/fri_client_sdk/lib:${LD_LIBRARY_PATH} PKG_CONFIG_PATH=/home/theo/drift/ros2_ws/src/lbr-stack/install/fri_client_sdk/lib/aarch64-linux-gnu/pkgconfig:/home/theo/drift/ros2_ws/src/lbr-stack/install/fri_client_sdk/lib/pkgconfig PYTHONPATH=/home/theo/drift/ros2_ws/src/lbr-stack/install/lbr_fri_idl/lib/python3.12/site-packages:${PYTHONPATH} /usr/bin/cmake --install /home/theo/drift/ros2_ws/src/lbr-stack/build/lbr_bringup
