running develop
running egg_info
creating optitrack_ros2.egg-info
writing optitrack_ros2.egg-info/PKG-INFO
writing dependency_links to optitrack_ros2.egg-info/dependency_links.txt
writing entry points to optitrack_ros2.egg-info/entry_points.txt
writing requirements to optitrack_ros2.egg-info/requires.txt
writing top-level names to optitrack_ros2.egg-info/top_level.txt
writing manifest file 'optitrack_ros2.egg-info/SOURCES.txt'
reading manifest file 'optitrack_ros2.egg-info/SOURCES.txt'
writing manifest file 'optitrack_ros2.egg-info/SOURCES.txt'
running build_ext
Creating /home/theo/drift/ros2_ws/install/optitrack_ros2/lib/python3.12/site-packages/optitrack-ros2.egg-link (link to .)
Installing mock_optitrack_node script to /home/theo/drift/ros2_ws/install/optitrack_ros2/lib/optitrack_ros2

Installed /home/theo/drift/ros2_ws/build/optitrack_ros2
running symlink_data
creating /home/theo/drift/ros2_ws/install/optitrack_ros2/share/ament_index
creating /home/theo/drift/ros2_ws/install/optitrack_ros2/share/ament_index/resource_index
creating /home/theo/drift/ros2_ws/install/optitrack_ros2/share/ament_index/resource_index/packages
symbolically linking /home/theo/drift/ros2_ws/build/optitrack_ros2/resource/optitrack_ros2 -> /home/theo/drift/ros2_ws/install/optitrack_ros2/share/ament_index/resource_index/packages
symbolically linking /home/theo/drift/ros2_ws/build/optitrack_ros2/package.xml -> /home/theo/drift/ros2_ws/install/optitrack_ros2/share/optitrack_ros2
