-- The C compiler identification is GNU 13.3.0
-- The CXX compiler identification is GNU 13.3.0
-- Detecting C compiler ABI info
-- Detecting C compiler ABI info - done
-- Check for working C compiler: /usr/bin/cc - skipped
-- Detecting C compile features
-- Detecting C compile features - done
-- Detecting CXX compiler ABI info
-- Detecting CXX compiler ABI info - done
-- Check for working CXX compiler: /usr/bin/c++ - skipped
-- Detecting CXX compile features
-- Detecting CXX compile features - done
-- Found ament_cmake: 2.5.5 (/opt/ros/jazzy/share/ament_cmake/cmake)
-- Found Python3: /usr/bin/python3 (found version "3.12.3") found components: Interpreter 
-- Override CMake install command with custom implementation using symlinks instead of copying resources
-- Configuring done (0.6s)
-- Generating done (0.0s)
-- Build files have been written to: /home/theo/drift/ros2_ws/src/lbr-stack/build/med7_moveit_config
-- Install configuration: ""
-- Execute custom install script
-- Symlinking: /home/theo/drift/ros2_ws/src/lbr-stack/install/med7_moveit_config/share/ament_index/resource_index/package_run_dependencies/med7_moveit_config
-- Symlinking: /home/theo/drift/ros2_ws/src/lbr-stack/install/med7_moveit_config/share/ament_index/resource_index/parent_prefix_path/med7_moveit_config
-- Symlinking: /home/theo/drift/ros2_ws/src/lbr-stack/install/med7_moveit_config/share/med7_moveit_config/environment/ament_prefix_path.sh
-- Symlinking: /home/theo/drift/ros2_ws/src/lbr-stack/install/med7_moveit_config/share/med7_moveit_config/environment/ament_prefix_path.dsv
-- Symlinking: /home/theo/drift/ros2_ws/src/lbr-stack/install/med7_moveit_config/share/med7_moveit_config/environment/path.sh
-- Symlinking: /home/theo/drift/ros2_ws/src/lbr-stack/install/med7_moveit_config/share/med7_moveit_config/environment/path.dsv
-- Symlinking: /home/theo/drift/ros2_ws/src/lbr-stack/install/med7_moveit_config/share/med7_moveit_config/local_setup.bash
-- Symlinking: /home/theo/drift/ros2_ws/src/lbr-stack/install/med7_moveit_config/share/med7_moveit_config/local_setup.sh
-- Symlinking: /home/theo/drift/ros2_ws/src/lbr-stack/install/med7_moveit_config/share/med7_moveit_config/local_setup.zsh
-- Symlinking: /home/theo/drift/ros2_ws/src/lbr-stack/install/med7_moveit_config/share/med7_moveit_config/local_setup.dsv
-- Symlinking: /home/theo/drift/ros2_ws/src/lbr-stack/install/med7_moveit_config/share/med7_moveit_config/package.dsv
-- Symlinking: /home/theo/drift/ros2_ws/src/lbr-stack/install/med7_moveit_config/share/ament_index/resource_index/packages/med7_moveit_config
-- Symlinking: /home/theo/drift/ros2_ws/src/lbr-stack/install/med7_moveit_config/share/med7_moveit_config/cmake/med7_moveit_configConfig.cmake
-- Symlinking: /home/theo/drift/ros2_ws/src/lbr-stack/install/med7_moveit_config/share/med7_moveit_config/cmake/med7_moveit_configConfig-version.cmake
-- Symlinking: /home/theo/drift/ros2_ws/src/lbr-stack/install/med7_moveit_config/share/med7_moveit_config/package.xml
-- Symlinking: /home/theo/drift/ros2_ws/src/lbr-stack/install/med7_moveit_config/share/med7_moveit_config/launch/move_group.launch.py
-- Symlinking: /home/theo/drift/ros2_ws/src/lbr-stack/install/med7_moveit_config/share/med7_moveit_config/launch/moveit_rviz.launch.py
-- Symlinking: /home/theo/drift/ros2_ws/src/lbr-stack/install/med7_moveit_config/share/med7_moveit_config/launch/setup_assistant.launch.py
-- Symlinking: /home/theo/drift/ros2_ws/src/lbr-stack/install/med7_moveit_config/share/med7_moveit_config/config/joint_limits.yaml
-- Symlinking: /home/theo/drift/ros2_ws/src/lbr-stack/install/med7_moveit_config/share/med7_moveit_config/config/kinematics.yaml
-- Symlinking: /home/theo/drift/ros2_ws/src/lbr-stack/install/med7_moveit_config/share/med7_moveit_config/config/med7.srdf
-- Symlinking: /home/theo/drift/ros2_ws/src/lbr-stack/install/med7_moveit_config/share/med7_moveit_config/config/moveit.rviz
-- Symlinking: /home/theo/drift/ros2_ws/src/lbr-stack/install/med7_moveit_config/share/med7_moveit_config/config/moveit_controllers.yaml
-- Symlinking: /home/theo/drift/ros2_ws/src/lbr-stack/install/med7_moveit_config/share/med7_moveit_config/config/pilz_cartesian_limits.yaml
-- Symlinking: /home/theo/drift/ros2_ws/src/lbr-stack/install/med7_moveit_config/share/med7_moveit_config/.setup_assistant
