[0.008s] Invoking command in '/home/theo/drift/ros2_ws/src/lbr-stack/build/fri_client_sdk': CMAKE_PREFIX_PATH=${CMAKE_PREFIX_PATH}:/home/theo/drift/ros2_ws/install/my_package:/opt/ros/jazzy DEBUGINFOD_URLS=https://debuginfod.ubuntu.com /usr/bin/cmake /home/theo/drift/ros2_ws/src/lbr-stack/src/fri -DCMAKE_INSTALL_PREFIX=/home/theo/drift/ros2_ws/src/lbr-stack/install/fri_client_sdk
[0.047s] -- The C compiler identification is GNU 13.3.0
[0.074s] -- The CXX compiler identification is GNU 13.3.0
[0.083s] -- Detecting C compiler ABI info
[0.165s] -- Detecting C compiler ABI info - done
[0.175s] -- Check for working C compiler: /usr/bin/cc - skipped
[0.176s] -- Detecting C compile features
[0.176s] -- Detecting C compile features - done
[0.181s] -- Detecting CXX compiler ABI info
[0.247s] -- Detecting CXX compiler ABI info - done
[0.258s] -- Check for working CXX compiler: /usr/bin/c++ - skipped
[0.258s] -- Detecting CXX compile features
[0.258s] -- Detecting CXX compile features - done
[0.275s] [0mFound nanopb of version: 0.2.8[0m
[0.275s] [0mFound FRIClient of version: 1.15[0m
[0.281s] -- Configuring FRIClient version 1.15
[0.281s] -- Configuring done (0.3s)
[0.281s] -- Generating done (0.0s)
[0.282s] -- Build files have been written to: /home/theo/drift/ros2_ws/src/lbr-stack/build/fri_client_sdk
[0.289s] Invoked command in '/home/theo/drift/ros2_ws/src/lbr-stack/build/fri_client_sdk' returned '0': CMAKE_PREFIX_PATH=${CMAKE_PREFIX_PATH}:/home/theo/drift/ros2_ws/install/my_package:/opt/ros/jazzy DEBUGINFOD_URLS=https://debuginfod.ubuntu.com /usr/bin/cmake /home/theo/drift/ros2_ws/src/lbr-stack/src/fri -DCMAKE_INSTALL_PREFIX=/home/theo/drift/ros2_ws/src/lbr-stack/install/fri_client_sdk
[0.289s] Invoking command in '/home/theo/drift/ros2_ws/src/lbr-stack/build/fri_client_sdk': CMAKE_PREFIX_PATH=${CMAKE_PREFIX_PATH}:/home/theo/drift/ros2_ws/install/my_package:/opt/ros/jazzy DEBUGINFOD_URLS=https://debuginfod.ubuntu.com /usr/bin/cmake --build /home/theo/drift/ros2_ws/src/lbr-stack/build/fri_client_sdk -- -j4 -l4
[0.318s] [  7%] [32mBuilding CXX object CMakeFiles/FRIClient.dir/FRI-Client-SDK_Cpp/src/client_lbr/friLBRClient.cpp.o[0m
[0.318s] [ 15%] [32mBuilding CXX object CMakeFiles/FRIClient.dir/FRI-Client-SDK_Cpp/src/base/friClientApplication.cpp.o[0m
[0.319s] [ 23%] [32mBuilding CXX object CMakeFiles/FRIClient.dir/FRI-Client-SDK_Cpp/src/client_lbr/friLBRCommand.cpp.o[0m
[0.323s] [ 30%] [32mBuilding CXX object CMakeFiles/FRIClient.dir/FRI-Client-SDK_Cpp/src/client_lbr/friLBRState.cpp.o[0m
[0.514s] [ 38%] [32mBuilding CXX object CMakeFiles/FRIClient.dir/FRI-Client-SDK_Cpp/src/client_trafo/friTransformationClient.cpp.o[0m
[0.528s] [ 46%] [32mBuilding CXX object CMakeFiles/FRIClient.dir/FRI-Client-SDK_Cpp/src/connection/friUdpConnection.cpp.o[0m
[0.536s] [ 53%] [32mBuilding CXX object CMakeFiles/FRIClient.dir/FRI-Client-SDK_Cpp/src/protobuf/friCommandMessageEncoder.cpp.o[0m
[0.540s] [ 61%] [32mBuilding CXX object CMakeFiles/FRIClient.dir/FRI-Client-SDK_Cpp/src/protobuf/friMonitoringMessageDecoder.cpp.o[0m
[0.584s] [ 69%] [32mBuilding C object CMakeFiles/FRIClient.dir/FRI-Client-SDK_Cpp/src/protobuf_gen/FRIMessages.pb.c.o[0m
[0.585s] [ 76%] [32mBuilding C object CMakeFiles/FRIClient.dir/FRI-Client-SDK_Cpp/src/protobuf/pb_frimessages_callbacks.c.o[0m
[0.620s] [ 84%] [32mBuilding C object CMakeFiles/FRIClient.dir/FRI-Client-SDK_Cpp/src/nanopb-0.2.8/pb_decode.c.o[0m
[0.657s] [ 92%] [32mBuilding C object CMakeFiles/FRIClient.dir/FRI-Client-SDK_Cpp/src/nanopb-0.2.8/pb_encode.c.o[0m
[0.762s] [100%] [32m[1mLinking CXX shared library libFRIClient.so[0m
[0.794s] [100%] Built target FRIClient
[0.799s] Invoked command in '/home/theo/drift/ros2_ws/src/lbr-stack/build/fri_client_sdk' returned '0': CMAKE_PREFIX_PATH=${CMAKE_PREFIX_PATH}:/home/theo/drift/ros2_ws/install/my_package:/opt/ros/jazzy DEBUGINFOD_URLS=https://debuginfod.ubuntu.com /usr/bin/cmake --build /home/theo/drift/ros2_ws/src/lbr-stack/build/fri_client_sdk -- -j4 -l4
[0.800s] Invoking command in '/home/theo/drift/ros2_ws/src/lbr-stack/build/fri_client_sdk': CMAKE_PREFIX_PATH=${CMAKE_PREFIX_PATH}:/home/theo/drift/ros2_ws/install/my_package:/opt/ros/jazzy DEBUGINFOD_URLS=https://debuginfod.ubuntu.com /usr/bin/cmake --install /home/theo/drift/ros2_ws/src/lbr-stack/build/fri_client_sdk
[0.803s] -- Install configuration: "Release"
[0.803s] -- Installing: /home/theo/drift/ros2_ws/src/lbr-stack/install/fri_client_sdk/lib/libFRIClient.so
[0.804s] -- Installing: /home/theo/drift/ros2_ws/src/lbr-stack/install/fri_client_sdk/include
[0.804s] -- Installing: /home/theo/drift/ros2_ws/src/lbr-stack/install/fri_client_sdk/include/friTransformationClient.h
[0.804s] -- Installing: /home/theo/drift/ros2_ws/src/lbr-stack/install/fri_client_sdk/include/friConnectionIf.h
[0.804s] -- Installing: /home/theo/drift/ros2_ws/src/lbr-stack/install/fri_client_sdk/include/friUdpConnection.h
[0.804s] -- Installing: /home/theo/drift/ros2_ws/src/lbr-stack/install/fri_client_sdk/include/friLBRCommand.h
[0.804s] -- Installing: /home/theo/drift/ros2_ws/src/lbr-stack/install/fri_client_sdk/include/friClientApplication.h
[0.805s] -- Installing: /home/theo/drift/ros2_ws/src/lbr-stack/install/fri_client_sdk/include/friLBRState.h
[0.805s] -- Installing: /home/theo/drift/ros2_ws/src/lbr-stack/install/fri_client_sdk/include/friLBRClient.h
[0.806s] -- Installing: /home/theo/drift/ros2_ws/src/lbr-stack/install/fri_client_sdk/include/friClientIf.h
[0.806s] -- Installing: /home/theo/drift/ros2_ws/src/lbr-stack/install/fri_client_sdk/include/friClientVersion.h
[0.806s] -- Installing: /home/theo/drift/ros2_ws/src/lbr-stack/install/fri_client_sdk/include/friException.h
[0.806s] -- Installing: /home/theo/drift/ros2_ws/src/lbr-stack/install/fri_client_sdk/lib/cmake/FRIClient/FRIClientConfig.cmake
[0.806s] -- Installing: /home/theo/drift/ros2_ws/src/lbr-stack/install/fri_client_sdk/lib/cmake/FRIClient/FRIClientConfig-release.cmake
[0.806s] -- Installing: /home/theo/drift/ros2_ws/src/lbr-stack/install/fri_client_sdk/lib/cmake/FRIClient/FRIClientConfigVersion.cmake
[0.806s] Invoked command in '/home/theo/drift/ros2_ws/src/lbr-stack/build/fri_client_sdk' returned '0': CMAKE_PREFIX_PATH=${CMAKE_PREFIX_PATH}:/home/theo/drift/ros2_ws/install/my_package:/opt/ros/jazzy DEBUGINFOD_URLS=https://debuginfod.ubuntu.com /usr/bin/cmake --install /home/theo/drift/ros2_ws/src/lbr-stack/build/fri_client_sdk
